backend/uploads/2019-01_actual.csv
Date,Store,Product,Demand,price,promo,weekday,month
01-01-2019,store_1,item_10,18,20.59,0,1,1
02-01-2019,store_1,item_10,22,20.59,0,2,1
03-01-2019,store_1,item_10,21,20.59,0,3,1
04-01-2019,store_1,item_10,15,20.59,0,4,1
05-01-2019,store_1,item_10,16,20.59,0,5,1
06-01-2019,store_1,item_10,15,20.59,0,6,1
07-01-2019,store_1,item_10,25,20.59,0,0,1
08-01-2019,store_1,item_10,22,20.59,0,1,1
09-01-2019,store_1,item_10,25,20.59,0,2,1
10-01-2019,store_1,item_10,21,20.59,0,3,1
11-01-2019,store_1,item_10,18,20.59,0,4,1
12-01-2019,store_1,item_10,18,20.59,0,5,1
13-01-2019,store_1,item_10,17,20.59,0,6,1
14-01-2019,store_1,item_10,19,20.59,0,0,1
15-01-2019,store_1,item_10,24,20.59,0,1,1
16-01-2019,store_1,item_10,24,20.59,0,2,1
17-01-2019,store_1,item_10,24,20.59,0,3,1
18-01-2019,store_1,item_10,32,16.47,1,4,1
19-01-2019,store_1,item_10,28,16.47,1,5,1
20-01-2019,store_1,item_10,14,20.59,0,6,1
21-01-2019,store_1,item_10,12,20.59,0,0,1
22-01-2019,store_1,item_10,31,20.59,0,1,1
23-01-2019,store_1,item_10,27,20.59,0,2,1
24-01-2019,store_1,item_10,24,20.59,0,3,1
25-01-2019,store_1,item_10,17,20.59,0,4,1
26-01-2019,store_1,item_10,11,20.59,0,5,1
27-01-2019,store_1,item_10,12,20.59,0,6,1
28-01-2019,store_1,item_10,20,20.59,0,0,1
29-01-2019,store_1,item_10,25,20.59,0,1,1
30-01-2019,store_1,item_10,44,16.47,1,2,1
31-01-2019,store_1,item_10,36,16.47,1,3,1
01-01-2020,store_1,item_10,27,20.59,0,2,1
02-01-2020,store_1,item_10,20,20.59,0,3,1
03-01-2020,store_1,item_10,16,20.59,0,4,1
04-01-2020,store_1,item_10,24,16.47,1,5,1
05-01-2020,store_1,item_10,16,20.59,0,6,1
06-01-2020,store_1,item_10,24,20.59,0,0,1
07-01-2020,store_1,item_10,31,16.47,1,1,1
08-01-2020,store_1,item_10,27,20.59,0,2,1
09-01-2020,store_1,item_10,27,20.59,0,3,1
10-01-2020,store_1,item_10,22,20.59,0,4,1
11-01-2020,store_1,item_10,24,20.59,0,5,1
12-01-2020,store_1,item_10,16,20.59,0,6,1
13-01-2020,store_1,item_10,24,20.59,0,0,1
14-01-2020,store_1,item_10,24,20.59,0,1,1
15-01-2020,store_1,item_10,24,20.59,0,2,1
16-01-2020,store_1,item_10,17,20.59,0,3,1
17-01-2020,store_1,item_10,18,20.59,0,4,1
18-01-2020,store_1,item_10,21,20.59,0,5,1
19-01-2020,store_1,item_10,13,20.59,0,6,1
20-01-2020,store_1,item_10,28,20.59,0,0,1
21-01-2020,store_1,item_10,27,20.59,0,1,1
22-01-2020,store_1,item_10,23,20.59,0,2,1
23-01-2020,store_1,item_10,25,20.59,0,3,1
24-01-2020,store_1,item_10,22,20.59,0,4,1
25-01-2020,store_1,item_10,17,20.59,0,5,1
26-01-2020,store_1,item_10,17,20.59,0,6,1
27-01-2020,store_1,item_10,29,20.59,0,0,1
28-01-2020,store_1,item_10,25,20.59,0,1,1
29-01-2020,store_1,item_10,41,16.47,1,2,1
30-01-2020,store_1,item_10,29,20.59,0,3,1
31-01-2020,store_1,item_10,21,20.59,0,4,1
01-01-2021,store_1,item_10,22,20.59,0,4,1
02-01-2021,store_1,item_10,17,20.59,0,5,1
03-01-2021,store_1,item_10,21,20.59,0,6,1
04-01-2021,store_1,item_10,21,20.59,0,0,1
05-01-2021,store_1,item_10,35,16.47,1,1,1
06-01-2021,store_1,item_10,27,20.59,0,2,1
07-01-2021,store_1,item_10,33,16.47,1,3,1
08-01-2021,store_1,item_10,20,20.59,0,4,1
09-01-2021,store_1,item_10,16,20.59,0,5,1
10-01-2021,store_1,item_10,14,20.59,0,6,1
11-01-2021,store_1,item_10,23,20.59,0,0,1
12-01-2021,store_1,item_10,26,20.59,0,1,1
13-01-2021,store_1,item_10,30,20.59,0,2,1
14-01-2021,store_1,item_10,19,20.59,0,3,1
15-01-2021,store_1,item_10,19,20.59,0,4,1
16-01-2021,store_1,item_10,22,20.59,0,5,1
17-01-2021,store_1,item_10,31,16.47,1,6,1
18-01-2021,store_1,item_10,25,20.59,0,0,1
19-01-2021,store_1,item_10,44,16.47,1,1,1
20-01-2021,store_1,item_10,25,20.59,0,2,1
21-01-2021,store_1,item_10,23,20.59,0,3,1
22-01-2021,store_1,item_10,35,16.47,1,4,1
23-01-2021,store_1,item_10,21,20.59,0,5,1
24-01-2021,store_1,item_10,20,20.59,0,6,1
25-01-2021,store_1,item_10,23,20.59,0,0,1
26-01-2021,store_1,item_10,25,20.59,0,1,1
27-01-2021,store_1,item_10,33,20.59,0,2,1
28-01-2021,store_1,item_10,32,20.59,0,3,1
29-01-2021,store_1,item_10,36,16.47,1,4,1
30-01-2021,store_1,item_10,21,20.59,0,5,1
31-01-2021,store_1,item_10,22,20.59,0,6,1
01-01-2022,store_1,item_10,17,20.59,0,5,1
02-01-2022,store_1,item_10,16,20.59,0,6,1
03-01-2022,store_1,item_10,25,20.59,0,0,1
04-01-2022,store_1,item_10,21,20.59,0,1,1
05-01-2022,store_1,item_10,26,20.59,0,2,1
06-01-2022,store_1,item_10,26,20.59,0,3,1
07-01-2022,store_1,item_10,21,20.59,0,4,1
08-01-2022,store_1,item_10,18,20.59,0,5,1
09-01-2022,store_1,item_10,19,20.59,0,6,1
10-01-2022,store_1,item_10,24,20.59,0,0,1
11-01-2022,store_1,item_10,24,20.59,0,1,1
12-01-2022,store_1,item_10,41,16.47,1,2,1
13-01-2022,store_1,item_10,25,20.59,0,3,1
14-01-2022,store_1,item_10,23,20.59,0,4,1
15-01-2022,store_1,item_10,22,20.59,0,5,1
16-01-2022,store_1,item_10,20,20.59,0,6,1
17-01-2022,store_1,item_10,26,20.59,0,0,1
18-01-2022,store_1,item_10,28,20.59,0,1,1
19-01-2022,store_1,item_10,29,20.59,0,2,1
20-01-2022,store_1,item_10,29,20.59,0,3,1
21-01-2022,store_1,item_10,18,20.59,0,4,1
22-01-2022,store_1,item_10,21,20.59,0,5,1
23-01-2022,store_1,item_10,19,20.59,0,6,1
24-01-2022,store_1,item_10,28,20.59,0,0,1
25-01-2022,store_1,item_10,27,20.59,0,1,1
26-01-2022,store_1,item_10,44,16.47,1,2,1
27-01-2022,store_1,item_10,23,20.59,0,3,1
28-01-2022,store_1,item_10,24,20.59,0,4,1
29-01-2022,store_1,item_10,19,20.59,0,5,1
30-01-2022,store_1,item_10,20,20.59,0,6,1
31-01-2022,store_1,item_10,26,20.59,0,0,1
01-01-2023,store_1,item_10,25,20.59,0,6,1
02-01-2023,store_1,item_10,24,20.59,0,0,1
03-01-2023,store_1,item_10,30,20.59,0,1,1
04-01-2023,store_1,item_10,32,20.59,0,2,1
05-01-2023,store_1,item_10,34,20.59,0,3,1
06-01-2023,store_1,item_10,19,20.59,0,4,1
07-01-2023,store_1,item_10,17,20.59,0,5,1
08-01-2023,store_1,item_10,21,20.59,0,6,1
09-01-2023,store_1,item_10,23,20.59,0,0,1
10-01-2023,store_1,item_10,26,20.59,0,1,1
11-01-2023,store_1,item_10,25,20.59,0,2,1
12-01-2023,store_1,item_10,27,20.59,0,3,1
13-01-2023,store_1,item_10,25,20.59,0,4,1
14-01-2023,store_1,item_10,21,20.59,0,5,1
15-01-2023,store_1,item_10,16,20.59,0,6,1
16-01-2023,store_1,item_10,20,20.59,0,0,1
17-01-2023,store_1,item_10,29,20.59,0,1,1
18-01-2023,store_1,item_10,30,20.59,0,2,1
19-01-2023,store_1,item_10,27,20.59,0,3,1
20-01-2023,store_1,item_10,23,20.59,0,4,1
21-01-2023,store_1,item_10,19,20.59,0,5,1
22-01-2023,store_1,item_10,22,20.59,0,6,1
23-01-2023,store_1,item_10,29,20.59,0,0,1
24-01-2023,store_1,item_10,27,20.59,0,1,1
25-01-2023,store_1,item_10,33,20.59,0,2,1
26-01-2023,store_1,item_10,29,20.59,0,3,1
27-01-2023,store_1,item_10,19,20.59,0,4,1
28-01-2023,store_1,item_10,19,20.59,0,5,1
29-01-2023,store_1,item_10,34,16.47,1,6,1
30-01-2023,store_1,item_10,33,20.59,0,0,1
31-01-2023,store_1,item_10,29,20.59,0,1,1
01-01-2019,store_1,item_11,27,65.25,0,1,1
02-01-2019,store_1,item_11,24,65.25,0,2,1
03-01-2019,store_1,item_11,21,65.25,0,3,1
04-01-2019,store_1,item_11,19,65.25,0,4,1
05-01-2019,store_1,item_11,16,65.25,0,5,1
06-01-2019,store_1,item_11,25,65.25,0,6,1
07-01-2019,store_1,item_11,20,65.25,0,0,1
08-01-2019,store_1,item_11,22,65.25,0,1,1
09-01-2019,store_1,item_11,43,52.2,1,2,1
10-01-2019,store_1,item_11,22,65.25,0,3,1
11-01-2019,store_1,item_11,22,65.25,0,4,1
12-01-2019,store_1,item_11,20,65.25,0,5,1
13-01-2019,store_1,item_11,18,65.25,0,6,1
14-01-2019,store_1,item_11,19,65.25,0,0,1
15-01-2019,store_1,item_11,26,65.25,0,1,1
16-01-2019,store_1,item_11,23,65.25,0,2,1
17-01-2019,store_1,item_11,24,65.25,0,3,1
18-01-2019,store_1,item_11,23,65.25,0,4,1
19-01-2019,store_1,item_11,23,65.25,0,5,1
20-01-2019,store_1,item_11,16,65.25,0,6,1
21-01-2019,store_1,item_11,22,65.25,0,0,1
22-01-2019,store_1,item_11,25,65.25,0,1,1
23-01-2019,store_1,item_11,28,65.25,0,2,1
24-01-2019,store_1,item_11,21,65.25,0,3,1
25-01-2019,store_1,item_11,18,65.25,0,4,1
26-01-2019,store_1,item_11,14,65.25,0,5,1
27-01-2019,store_1,item_11,15,65.25,0,6,1
28-01-2019,store_1,item_11,22,65.25,0,0,1
29-01-2019,store_1,item_11,32,65.25,0,1,1
30-01-2019,store_1,item_11,29,65.25,0,2,1
31-01-2019,store_1,item_11,26,65.25,0,3,1
01-01-2020,store_1,item_11,46,52.2,1,2,1
02-01-2020,store_1,item_11,22,65.25,0,3,1
03-01-2020,store_1,item_11,18,65.25,0,4,1
04-01-2020,store_1,item_11,16,65.25,0,5,1
05-01-2020,store_1,item_11,19,65.25,0,6,1
06-01-2020,store_1,item_11,25,65.25,0,0,1
07-01-2020,store_1,item_11,18,65.25,0,1,1
08-01-2020,store_1,item_11,30,65.25,0,2,1
09-01-2020,store_1,item_11,23,65.25,0,3,1
10-01-2020,store_1,item_11,20,65.25,0,4,1
11-01-2020,store_1,item_11,24,65.25,0,5,1
12-01-2020,store_1,item_11,20,65.25,0,6,1
13-01-2020,store_1,item_11,25,65.25,0,0,1
14-01-2020,store_1,item_11,27,65.25,0,1,1
15-01-2020,store_1,item_11,30,65.25,0,2,1
16-01-2020,store_1,item_11,31,65.25,0,3,1
17-01-2020,store_1,item_11,14,65.25,0,4,1
18-01-2020,store_1,item_11,22,65.25,0,5,1
19-01-2020,store_1,item_11,25,65.25,0,6,1
20-01-2020,store_1,item_11,26,65.25,0,0,1
21-01-2020,store_1,item_11,26,65.25,0,1,1
22-01-2020,store_1,item_11,26,65.25,0,2,1
23-01-2020,store_1,item_11,34,65.25,0,3,1
24-01-2020,store_1,item_11,31,52.2,1,4,1
25-01-2020,store_1,item_11,24,65.25,0,5,1
26-01-2020,store_1,item_11,22,65.25,0,6,1
27-01-2020,store_1,item_11,31,65.25,0,0,1
28-01-2020,store_1,item_11,42,52.2,1,1,1
29-01-2020,store_1,item_11,25,65.25,0,2,1
30-01-2020,store_1,item_11,41,52.2,1,3,1
31-01-2020,store_1,item_11,19,65.25,0,4,1
01-01-2021,store_1,item_11,23,65.25,0,4,1
02-01-2021,store_1,item_11,16,65.25,0,5,1
03-01-2021,store_1,item_11,21,65.25,0,6,1
04-01-2021,store_1,item_11,24,65.25,0,0,1
05-01-2021,store_1,item_11,23,65.25,0,1,1
06-01-2021,store_1,item_11,31,65.25,0,2,1
07-01-2021,store_1,item_11,22,65.25,0,3,1
08-01-2021,store_1,item_11,24,65.25,0,4,1
09-01-2021,store_1,item_11,20,65.25,0,5,1
10-01-2021,store_1,item_11,19,65.25,0,6,1
11-01-2021,store_1,item_11,21,65.25,0,0,1
12-01-2021,store_1,item_11,29,65.25,0,1,1
13-01-2021,store_1,item_11,27,65.25,0,2,1
14-01-2021,store_1,item_11,31,65.25,0,3,1
15-01-2021,store_1,item_11,26,65.25,0,4,1
16-01-2021,store_1,item_11,25,65.25,0,5,1
17-01-2021,store_1,item_11,22,65.25,0,6,1
18-01-2021,store_1,item_11,24,65.25,0,0,1
19-01-2021,store_1,item_11,28,65.25,0,1,1
20-01-2021,store_1,item_11,29,65.25,0,2,1
21-01-2021,store_1,item_11,42,52.2,1,3,1
22-01-2021,store_1,item_11,25,65.25,0,4,1
23-01-2021,store_1,item_11,24,65.25,0,5,1
24-01-2021,store_1,item_11,22,65.25,0,6,1
25-01-2021,store_1,item_11,22,65.25,0,0,1
26-01-2021,store_1,item_11,44,52.2,1,1,1
27-01-2021,store_1,item_11,36,65.25,0,2,1
28-01-2021,store_1,item_11,24,65.25,0,3,1
29-01-2021,store_1,item_11,26,65.25,0,4,1
30-01-2021,store_1,item_11,20,65.25,0,5,1
31-01-2021,store_1,item_11,20,65.25,0,6,1
01-01-2022,store_1,item_11,21,65.25,0,5,1
02-01-2022,store_1,item_11,20,65.25,0,6,1
03-01-2022,store_1,item_11,26,65.25,0,0,1
04-01-2022,store_1,item_11,40,52.2,1,1,1
05-01-2022,store_1,item_11,31,65.25,0,2,1
06-01-2022,store_1,item_11,27,65.25,0,3,1
07-01-2022,store_1,item_11,22,65.25,0,4,1
08-01-2022,store_1,item_11,17,65.25,0,5,1
09-01-2022,store_1,item_11,22,65.25,0,6,1
10-01-2022,store_1,item_11,26,65.25,0,0,1
11-01-2022,store_1,item_11,27,65.25,0,1,1
12-01-2022,store_1,item_11,26,65.25,0,2,1
13-01-2022,store_1,item_11,23,65.25,0,3,1
14-01-2022,store_1,item_11,23,65.25,0,4,1
15-01-2022,store_1,item_11,22,65.25,0,5,1
16-01-2022,store_1,item_11,28,65.25,0,6,1
17-01-2022,store_1,item_11,26,65.25,0,0,1
18-01-2022,store_1,item_11,26,65.25,0,1,1
19-01-2022,store_1,item_11,31,65.25,0,2,1
20-01-2022,store_1,item_11,33,65.25,0,3,1
21-01-2022,store_1,item_11,35,52.2,1,4,1
22-01-2022,store_1,item_11,25,65.25,0,5,1
23-01-2022,store_1,item_11,23,65.25,0,6,1
24-01-2022,store_1,item_11,29,65.25,0,0,1
25-01-2022,store_1,item_11,37,65.25,0,1,1
26-01-2022,store_1,item_11,27,65.25,0,2,1
27-01-2022,store_1,item_11,33,65.25,0,3,1
28-01-2022,store_1,item_11,25,65.25,0,4,1
29-01-2022,store_1,item_11,20,65.25,0,5,1
30-01-2022,store_1,item_11,23,65.25,0,6,1
31-01-2022,store_1,item_11,33,65.25,0,0,1
01-01-2023,store_1,item_11,26,65.25,0,6,1
02-01-2023,store_1,item_11,26,65.25,0,0,1
03-01-2023,store_1,item_11,27,65.25,0,1,1
04-01-2023,store_1,item_11,47,52.2,1,2,1
05-01-2023,store_1,item_11,31,65.25,0,3,1
06-01-2023,store_1,item_11,26,65.25,0,4,1
07-01-2023,store_1,item_11,18,65.25,0,5,1
08-01-2023,store_1,item_11,25,65.25,0,6,1
09-01-2023,store_1,item_11,27,65.25,0,0,1
10-01-2023,store_1,item_11,33,65.25,0,1,1
11-01-2023,store_1,item_11,30,65.25,0,2,1
12-01-2023,store_1,item_11,47,52.2,1,3,1
13-01-2023,store_1,item_11,25,65.25,0,4,1
14-01-2023,store_1,item_11,37,52.2,1,5,1
15-01-2023,store_1,item_11,19,65.25,0,6,1
16-01-2023,store_1,item_11,23,65.25,0,0,1
17-01-2023,store_1,item_11,31,65.25,0,1,1
18-01-2023,store_1,item_11,38,65.25,0,2,1
19-01-2023,store_1,item_11,36,65.25,0,3,1
20-01-2023,store_1,item_11,23,65.25,0,4,1
21-01-2023,store_1,item_11,23,65.25,0,5,1
22-01-2023,store_1,item_11,36,52.2,1,6,1
23-01-2023,store_1,item_11,31,65.25,0,0,1
24-01-2023,store_1,item_11,36,65.25,0,1,1
25-01-2023,store_1,item_11,31,65.25,0,2,1
26-01-2023,store_1,item_11,32,65.25,0,3,1
27-01-2023,store_1,item_11,34,52.2,1,4,1
28-01-2023,store_1,item_11,26,65.25,0,5,1
29-01-2023,store_1,item_11,24,65.25,0,6,1
30-01-2023,store_1,item_11,26,65.25,0,0,1
31-01-2023,store_1,item_11,52,52.2,1,1,1
