backend/uploads/2019-01_actual.csv
Date,Store,Product,Demand,price,promo,weekday,month
01-01-2019,store_1,item_12,13,60.88,0,1,1
02-01-2019,store_1,item_12,21,60.88,0,2,1
03-01-2019,store_1,item_12,16,60.88,0,3,1
04-01-2019,store_1,item_12,13,60.88,0,4,1
05-01-2019,store_1,item_12,11,60.88,0,5,1
06-01-2019,store_1,item_12,16,60.88,0,6,1
07-01-2019,store_1,item_12,19,60.88,0,0,1
08-01-2019,store_1,item_12,23,60.88,0,1,1
09-01-2019,store_1,item_12,20,60.88,0,2,1
10-01-2019,store_1,item_12,34,48.7,1,3,1
11-01-2019,store_1,item_12,14,60.88,0,4,1
12-01-2019,store_1,item_12,10,60.88,0,5,1
13-01-2019,store_1,item_12,16,60.88,0,6,1
14-01-2019,store_1,item_12,16,60.88,0,0,1
15-01-2019,store_1,item_12,23,60.88,0,1,1
16-01-2019,store_1,item_12,20,60.88,0,2,1
17-01-2019,store_1,item_12,19,60.88,0,3,1
18-01-2019,store_1,item_12,15,60.88,0,4,1
19-01-2019,store_1,item_12,21,48.7,1,5,1
20-01-2019,store_1,item_12,16,60.88,0,6,1
21-01-2019,store_1,item_12,20,60.88,0,0,1
22-01-2019,store_1,item_12,20,60.88,0,1,1
23-01-2019,store_1,item_12,31,48.7,1,2,1
24-01-2019,store_1,item_12,23,60.88,0,3,1
25-01-2019,store_1,item_12,19,60.88,0,4,1
26-01-2019,store_1,item_12,26,48.7,1,5,1
27-01-2019,store_1,item_12,22,48.7,1,6,1
28-01-2019,store_1,item_12,17,60.88,0,0,1
29-01-2019,store_1,item_12,25,60.88,0,1,1
30-01-2019,store_1,item_12,26,60.88,0,2,1
31-01-2019,store_1,item_12,20,60.88,0,3,1
01-01-2020,store_1,item_12,19,60.88,0,2,1
02-01-2020,store_1,item_12,23,60.88,0,3,1
03-01-2020,store_1,item_12,11,60.88,0,4,1
04-01-2020,store_1,item_12,15,60.88,0,5,1
05-01-2020,store_1,item_12,17,60.88,0,6,1
06-01-2020,store_1,item_12,16,60.88,0,0,1
07-01-2020,store_1,item_12,21,60.88,0,1,1
08-01-2020,store_1,item_12,21,60.88,0,2,1
09-01-2020,store_1,item_12,17,60.88,0,3,1
10-01-2020,store_1,item_12,18,60.88,0,4,1
11-01-2020,store_1,item_12,18,60.88,0,5,1
12-01-2020,store_1,item_12,22,60.88,0,6,1
13-01-2020,store_1,item_12,22,60.88,0,0,1
14-01-2020,store_1,item_12,22,60.88,0,1,1
15-01-2020,store_1,item_12,27,60.88,0,2,1
16-01-2020,store_1,item_12,29,48.7,1,3,1
17-01-2020,store_1,item_12,17,60.88,0,4,1
18-01-2020,store_1,item_12,19,60.88,0,5,1
19-01-2020,store_1,item_12,15,60.88,0,6,1
20-01-2020,store_1,item_12,30,48.7,1,0,1
21-01-2020,store_1,item_12,21,60.88,0,1,1
22-01-2020,store_1,item_12,24,60.88,0,2,1
23-01-2020,store_1,item_12,22,60.88,0,3,1
24-01-2020,store_1,item_12,20,60.88,0,4,1
25-01-2020,store_1,item_12,17,60.88,0,5,1
26-01-2020,store_1,item_12,20,60.88,0,6,1
27-01-2020,store_1,item_12,32,48.7,1,0,1
28-01-2020,store_1,item_12,24,60.88,0,1,1
29-01-2020,store_1,item_12,23,60.88,0,2,1
30-01-2020,store_1,item_12,20,60.88,0,3,1
31-01-2020,store_1,item_12,11,60.88,0,4,1
01-01-2021,store_1,item_12,18,60.88,0,4,1
02-01-2021,store_1,item_12,22,60.88,0,5,1
03-01-2021,store_1,item_12,14,60.88,0,6,1
04-01-2021,store_1,item_12,18,60.88,0,0,1
05-01-2021,store_1,item_12,21,60.88,0,1,1
06-01-2021,store_1,item_12,22,60.88,0,2,1
07-01-2021,store_1,item_12,23,60.88,0,3,1
08-01-2021,store_1,item_12,18,60.88,0,4,1
09-01-2021,store_1,item_12,22,60.88,0,5,1
10-01-2021,store_1,item_12,26,48.7,1,6,1
11-01-2021,store_1,item_12,18,60.88,0,0,1
12-01-2021,store_1,item_12,21,60.88,0,1,1
13-01-2021,store_1,item_12,30,60.88,0,2,1
14-01-2021,store_1,item_12,23,60.88,0,3,1
15-01-2021,store_1,item_12,23,60.88,0,4,1
16-01-2021,store_1,item_12,17,60.88,0,5,1
17-01-2021,store_1,item_12,18,60.88,0,6,1
18-01-2021,store_1,item_12,36,48.7,1,0,1
19-01-2021,store_1,item_12,38,48.7,1,1,1
20-01-2021,store_1,item_12,27,60.88,0,2,1
21-01-2021,store_1,item_12,22,60.88,0,3,1
22-01-2021,store_1,item_12,22,60.88,0,4,1
23-01-2021,store_1,item_12,17,60.88,0,5,1
24-01-2021,store_1,item_12,17,60.88,0,6,1
25-01-2021,store_1,item_12,28,60.88,0,0,1
26-01-2021,store_1,item_12,37,48.7,1,1,1
27-01-2021,store_1,item_12,24,60.88,0,2,1
28-01-2021,store_1,item_12,27,60.88,0,3,1
29-01-2021,store_1,item_12,22,60.88,0,4,1
30-01-2021,store_1,item_12,16,60.88,0,5,1
31-01-2021,store_1,item_12,19,60.88,0,6,1
01-01-2022,store_1,item_12,22,60.88,0,5,1
02-01-2022,store_1,item_12,15,60.88,0,6,1
03-01-2022,store_1,item_12,24,60.88,0,0,1
04-01-2022,store_1,item_12,24,60.88,0,1,1
05-01-2022,store_1,item_12,33,60.88,0,2,1
06-01-2022,store_1,item_12,32,48.7,1,3,1
07-01-2022,store_1,item_12,24,60.88,0,4,1
08-01-2022,store_1,item_12,15,60.88,0,5,1
09-01-2022,store_1,item_12,15,60.88,0,6,1
10-01-2022,store_1,item_12,20,60.88,0,0,1
11-01-2022,store_1,item_12,32,48.7,1,1,1
12-01-2022,store_1,item_12,23,60.88,0,2,1
13-01-2022,store_1,item_12,23,60.88,0,3,1
14-01-2022,store_1,item_12,19,60.88,0,4,1
15-01-2022,store_1,item_12,20,60.88,0,5,1
16-01-2022,store_1,item_12,21,60.88,0,6,1
17-01-2022,store_1,item_12,22,60.88,0,0,1
18-01-2022,store_1,item_12,21,60.88,0,1,1
19-01-2022,store_1,item_12,20,60.88,0,2,1
20-01-2022,store_1,item_12,23,60.88,0,3,1
21-01-2022,store_1,item_12,18,60.88,0,4,1
22-01-2022,store_1,item_12,16,60.88,0,5,1
23-01-2022,store_1,item_12,24,60.88,0,6,1
24-01-2022,store_1,item_12,32,48.7,1,0,1
25-01-2022,store_1,item_12,24,60.88,0,1,1
26-01-2022,store_1,item_12,28,60.88,0,2,1
27-01-2022,store_1,item_12,24,60.88,0,3,1
28-01-2022,store_1,item_12,23,60.88,0,4,1
29-01-2022,store_1,item_12,20,60.88,0,5,1
30-01-2022,store_1,item_12,25,60.88,0,6,1
31-01-2022,store_1,item_12,34,48.7,1,0,1
01-01-2023,store_1,item_12,21,60.88,0,6,1
02-01-2023,store_1,item_12,32,48.7,1,0,1
03-01-2023,store_1,item_12,28,60.88,0,1,1
04-01-2023,store_1,item_12,22,60.88,0,2,1
05-01-2023,store_1,item_12,41,48.7,1,3,1
06-01-2023,store_1,item_12,18,60.88,0,4,1
07-01-2023,store_1,item_12,30,48.7,1,5,1
08-01-2023,store_1,item_12,18,60.88,0,6,1
09-01-2023,store_1,item_12,28,60.88,0,0,1
10-01-2023,store_1,item_12,27,60.88,0,1,1
11-01-2023,store_1,item_12,33,60.88,0,2,1
12-01-2023,store_1,item_12,24,60.88,0,3,1
13-01-2023,store_1,item_12,18,60.88,0,4,1
14-01-2023,store_1,item_12,19,60.88,0,5,1
15-01-2023,store_1,item_12,19,60.88,0,6,1
16-01-2023,store_1,item_12,21,60.88,0,0,1
17-01-2023,store_1,item_12,31,60.88,0,1,1
18-01-2023,store_1,item_12,38,48.7,1,2,1
19-01-2023,store_1,item_12,31,60.88,0,3,1
20-01-2023,store_1,item_12,32,48.7,1,4,1
21-01-2023,store_1,item_12,15,60.88,0,5,1
22-01-2023,store_1,item_12,21,60.88,0,6,1
23-01-2023,store_1,item_12,24,60.88,0,0,1
24-01-2023,store_1,item_12,41,48.7,1,1,1
25-01-2023,store_1,item_12,27,60.88,0,2,1
26-01-2023,store_1,item_12,30,60.88,0,3,1
27-01-2023,store_1,item_12,24,60.88,0,4,1
28-01-2023,store_1,item_12,18,60.88,0,5,1
29-01-2023,store_1,item_12,22,60.88,0,6,1
30-01-2023,store_1,item_12,22,60.88,0,0,1
31-01-2023,store_1,item_12,32,60.88,0,1,1
01-01-2019,store_1,item_13,41,68.19,0,1,1
02-01-2019,store_1,item_13,58,54.55,1,2,1
03-01-2019,store_1,item_13,38,68.19,0,3,1
04-01-2019,store_1,item_13,25,68.19,0,4,1
05-01-2019,store_1,item_13,28,68.19,0,5,1
06-01-2019,store_1,item_13,29,68.19,0,6,1
07-01-2019,store_1,item_13,32,68.19,0,0,1
08-01-2019,store_1,item_13,59,54.55,1,1,1
09-01-2019,store_1,item_13,39,68.19,0,2,1
10-01-2019,store_1,item_13,35,68.19,0,3,1
11-01-2019,store_1,item_13,34,68.19,0,4,1
12-01-2019,store_1,item_13,31,68.19,0,5,1
13-01-2019,store_1,item_13,31,68.19,0,6,1
14-01-2019,store_1,item_13,34,68.19,0,0,1
15-01-2019,store_1,item_13,39,68.19,0,1,1
16-01-2019,store_1,item_13,42,68.19,0,2,1
17-01-2019,store_1,item_13,39,68.19,0,3,1
18-01-2019,store_1,item_13,30,68.19,0,4,1
19-01-2019,store_1,item_13,32,68.19,0,5,1
20-01-2019,store_1,item_13,30,68.19,0,6,1
21-01-2019,store_1,item_13,39,68.19,0,0,1
22-01-2019,store_1,item_13,38,68.19,0,1,1
23-01-2019,store_1,item_13,42,68.19,0,2,1
24-01-2019,store_1,item_13,43,68.19,0,3,1
25-01-2019,store_1,item_13,37,68.19,0,4,1
26-01-2019,store_1,item_13,27,68.19,0,5,1
27-01-2019,store_1,item_13,33,68.19,0,6,1
28-01-2019,store_1,item_13,39,68.19,0,0,1
29-01-2019,store_1,item_13,42,68.19,0,1,1
30-01-2019,store_1,item_13,47,68.19,0,2,1
31-01-2019,store_1,item_13,37,68.19,0,3,1
01-01-2020,store_1,item_13,40,68.19,0,2,1
02-01-2020,store_1,item_13,40,68.19,0,3,1
03-01-2020,store_1,item_13,32,68.19,0,4,1
04-01-2020,store_1,item_13,29,68.19,0,5,1
05-01-2020,store_1,item_13,43,54.55,1,6,1
06-01-2020,store_1,item_13,51,54.55,1,0,1
07-01-2020,store_1,item_13,42,68.19,0,1,1
08-01-2020,store_1,item_13,44,68.19,0,2,1
09-01-2020,store_1,item_13,38,68.19,0,3,1
10-01-2020,store_1,item_13,31,68.19,0,4,1
11-01-2020,store_1,item_13,32,68.19,0,5,1
12-01-2020,store_1,item_13,33,68.19,0,6,1
13-01-2020,store_1,item_13,43,68.19,0,0,1
14-01-2020,store_1,item_13,48,68.19,0,1,1
15-01-2020,store_1,item_13,42,68.19,0,2,1
16-01-2020,store_1,item_13,61,54.55,1,3,1
17-01-2020,store_1,item_13,31,68.19,0,4,1
18-01-2020,store_1,item_13,25,68.19,0,5,1
19-01-2020,store_1,item_13,55,54.55,1,6,1
20-01-2020,store_1,item_13,43,68.19,0,0,1
21-01-2020,store_1,item_13,43,68.19,0,1,1
22-01-2020,store_1,item_13,50,68.19,0,2,1
23-01-2020,store_1,item_13,47,68.19,0,3,1
24-01-2020,store_1,item_13,30,68.19,0,4,1
25-01-2020,store_1,item_13,34,68.19,0,5,1
26-01-2020,store_1,item_13,32,68.19,0,6,1
27-01-2020,store_1,item_13,41,68.19,0,0,1
28-01-2020,store_1,item_13,55,68.19,0,1,1
29-01-2020,store_1,item_13,53,68.19,0,2,1
30-01-2020,store_1,item_13,44,68.19,0,3,1
31-01-2020,store_1,item_13,41,68.19,0,4,1
01-01-2021,store_1,item_13,39,68.19,0,4,1
02-01-2021,store_1,item_13,29,68.19,0,5,1
03-01-2021,store_1,item_13,31,68.19,0,6,1
04-01-2021,store_1,item_13,54,54.55,1,0,1
05-01-2021,store_1,item_13,44,68.19,0,1,1
06-01-2021,store_1,item_13,37,68.19,0,2,1
07-01-2021,store_1,item_13,41,68.19,0,3,1
08-01-2021,store_1,item_13,39,68.19,0,4,1
09-01-2021,store_1,item_13,27,68.19,0,5,1
10-01-2021,store_1,item_13,28,68.19,0,6,1
11-01-2021,store_1,item_13,43,68.19,0,0,1
12-01-2021,store_1,item_13,49,68.19,0,1,1
13-01-2021,store_1,item_13,43,68.19,0,2,1
14-01-2021,store_1,item_13,48,68.19,0,3,1
15-01-2021,store_1,item_13,38,68.19,0,4,1
16-01-2021,store_1,item_13,36,68.19,0,5,1
17-01-2021,store_1,item_13,32,68.19,0,6,1
18-01-2021,store_1,item_13,45,68.19,0,0,1
19-01-2021,store_1,item_13,46,68.19,0,1,1
20-01-2021,store_1,item_13,48,68.19,0,2,1
21-01-2021,store_1,item_13,46,68.19,0,3,1
22-01-2021,store_1,item_13,55,54.55,1,4,1
23-01-2021,store_1,item_13,29,68.19,0,5,1
24-01-2021,store_1,item_13,36,68.19,0,6,1
25-01-2021,store_1,item_13,41,68.19,0,0,1
26-01-2021,store_1,item_13,46,68.19,0,1,1
27-01-2021,store_1,item_13,54,68.19,0,2,1
28-01-2021,store_1,item_13,53,68.19,0,3,1
29-01-2021,store_1,item_13,36,68.19,0,4,1
30-01-2021,store_1,item_13,35,68.19,0,5,1
31-01-2021,store_1,item_13,35,68.19,0,6,1
01-01-2022,store_1,item_13,31,68.19,0,5,1
02-01-2022,store_1,item_13,37,68.19,0,6,1
03-01-2022,store_1,item_13,37,68.19,0,0,1
04-01-2022,store_1,item_13,46,68.19,0,1,1
05-01-2022,store_1,item_13,48,68.19,0,2,1
06-01-2022,store_1,item_13,47,68.19,0,3,1
07-01-2022,store_1,item_13,34,68.19,0,4,1
08-01-2022,store_1,item_13,34,68.19,0,5,1
09-01-2022,store_1,item_13,33,68.19,0,6,1
10-01-2022,store_1,item_13,41,68.19,0,0,1
11-01-2022,store_1,item_13,49,68.19,0,1,1
12-01-2022,store_1,item_13,46,68.19,0,2,1
13-01-2022,store_1,item_13,49,68.19,0,3,1
14-01-2022,store_1,item_13,40,68.19,0,4,1
15-01-2022,store_1,item_13,31,68.19,0,5,1
16-01-2022,store_1,item_13,35,68.19,0,6,1
17-01-2022,store_1,item_13,47,68.19,0,0,1
18-01-2022,store_1,item_13,75,54.55,1,1,1
19-01-2022,store_1,item_13,48,68.19,0,2,1
20-01-2022,store_1,item_13,45,68.19,0,3,1
21-01-2022,store_1,item_13,41,68.19,0,4,1
22-01-2022,store_1,item_13,37,68.19,0,5,1
23-01-2022,store_1,item_13,38,68.19,0,6,1
24-01-2022,store_1,item_13,43,68.19,0,0,1
25-01-2022,store_1,item_13,53,68.19,0,1,1
26-01-2022,store_1,item_13,52,68.19,0,2,1
27-01-2022,store_1,item_13,46,68.19,0,3,1
28-01-2022,store_1,item_13,46,68.19,0,4,1
29-01-2022,store_1,item_13,38,68.19,0,5,1
30-01-2022,store_1,item_13,36,68.19,0,6,1
31-01-2022,store_1,item_13,46,68.19,0,0,1
01-01-2023,store_1,item_13,32,68.19,0,6,1
02-01-2023,store_1,item_13,47,68.19,0,0,1
03-01-2023,store_1,item_13,43,68.19,0,1,1
04-01-2023,store_1,item_13,50,68.19,0,2,1
05-01-2023,store_1,item_13,46,68.19,0,3,1
06-01-2023,store_1,item_13,53,54.55,1,4,1
07-01-2023,store_1,item_13,38,68.19,0,5,1
08-01-2023,store_1,item_13,34,68.19,0,6,1
09-01-2023,store_1,item_13,43,68.19,0,0,1
10-01-2023,store_1,item_13,51,68.19,0,1,1
11-01-2023,store_1,item_13,48,68.19,0,2,1
12-01-2023,store_1,item_13,68,54.55,1,3,1
13-01-2023,store_1,item_13,45,68.19,0,4,1
14-01-2023,store_1,item_13,35,68.19,0,5,1
15-01-2023,store_1,item_13,29,68.19,0,6,1
16-01-2023,store_1,item_13,44,68.19,0,0,1
17-01-2023,store_1,item_13,52,68.19,0,1,1
18-01-2023,store_1,item_13,54,68.19,0,2,1
19-01-2023,store_1,item_13,43,68.19,0,3,1
20-01-2023,store_1,item_13,41,68.19,0,4,1
21-01-2023,store_1,item_13,34,68.19,0,5,1
22-01-2023,store_1,item_13,39,68.19,0,6,1
23-01-2023,store_1,item_13,47,68.19,0,0,1
24-01-2023,store_1,item_13,55,68.19,0,1,1
25-01-2023,store_1,item_13,60,68.19,0,2,1
26-01-2023,store_1,item_13,57,68.19,0,3,1
27-01-2023,store_1,item_13,61,54.55,1,4,1
28-01-2023,store_1,item_13,37,68.19,0,5,1
29-01-2023,store_1,item_13,42,68.19,0,6,1
30-01-2023,store_1,item_13,47,68.19,0,0,1
31-01-2023,store_1,item_13,47,68.19,0,1,1
