backend/uploads/2019-01_actual.csv
Date,Store,Product,Demand,price,promo,weekday,month
01-01-2019,store_1,item_14,21,70.38,0,1,1
02-01-2019,store_1,item_14,19,70.38,0,2,1
03-01-2019,store_1,item_14,25,70.38,0,3,1
04-01-2019,store_1,item_14,17,70.38,0,4,1
05-01-2019,store_1,item_14,15,70.38,0,5,1
06-01-2019,store_1,item_14,17,70.38,0,6,1
07-01-2019,store_1,item_14,18,70.38,0,0,1
08-01-2019,store_1,item_14,22,70.38,0,1,1
09-01-2019,store_1,item_14,29,70.38,0,2,1
10-01-2019,store_1,item_14,23,70.38,0,3,1
11-01-2019,store_1,item_14,18,70.38,0,4,1
12-01-2019,store_1,item_14,12,70.38,0,5,1
13-01-2019,store_1,item_14,16,70.38,0,6,1
14-01-2019,store_1,item_14,18,70.38,0,0,1
15-01-2019,store_1,item_14,23,70.38,0,1,1
16-01-2019,store_1,item_14,30,70.38,0,2,1
17-01-2019,store_1,item_14,39,56.31,1,3,1
18-01-2019,store_1,item_14,19,70.38,0,4,1
19-01-2019,store_1,item_14,15,70.38,0,5,1
20-01-2019,store_1,item_14,20,70.38,0,6,1
21-01-2019,store_1,item_14,25,70.38,0,0,1
22-01-2019,store_1,item_14,25,70.38,0,1,1
23-01-2019,store_1,item_14,46,56.31,1,2,1
24-01-2019,store_1,item_14,22,70.38,0,3,1
25-01-2019,store_1,item_14,19,70.38,0,4,1
26-01-2019,store_1,item_14,26,56.31,1,5,1
27-01-2019,store_1,item_14,18,70.38,0,6,1
28-01-2019,store_1,item_14,19,70.38,0,0,1
29-01-2019,store_1,item_14,28,70.38,0,1,1
30-01-2019,store_1,item_14,26,70.38,0,2,1
31-01-2019,store_1,item_14,31,70.38,0,3,1
01-01-2020,store_1,item_14,23,70.38,0,2,1
02-01-2020,store_1,item_14,18,70.38,0,3,1
03-01-2020,store_1,item_14,24,70.38,0,4,1
04-01-2020,store_1,item_14,22,70.38,0,5,1
05-01-2020,store_1,item_14,17,70.38,0,6,1
06-01-2020,store_1,item_14,20,70.38,0,0,1
07-01-2020,store_1,item_14,27,70.38,0,1,1
08-01-2020,store_1,item_14,23,70.38,0,2,1
09-01-2020,store_1,item_14,23,70.38,0,3,1
10-01-2020,store_1,item_14,21,70.38,0,4,1
11-01-2020,store_1,item_14,16,70.38,0,5,1
12-01-2020,store_1,item_14,22,70.38,0,6,1
13-01-2020,store_1,item_14,23,70.38,0,0,1
14-01-2020,store_1,item_14,25,70.38,0,1,1
15-01-2020,store_1,item_14,30,70.38,0,2,1
16-01-2020,store_1,item_14,25,70.38,0,3,1
17-01-2020,store_1,item_14,19,70.38,0,4,1
18-01-2020,store_1,item_14,22,70.38,0,5,1
19-01-2020,store_1,item_14,19,70.38,0,6,1
20-01-2020,store_1,item_14,13,70.38,0,0,1
21-01-2020,store_1,item_14,28,70.38,0,1,1
22-01-2020,store_1,item_14,22,70.38,0,2,1
23-01-2020,store_1,item_14,32,70.38,0,3,1
24-01-2020,store_1,item_14,22,70.38,0,4,1
25-01-2020,store_1,item_14,20,70.38,0,5,1
26-01-2020,store_1,item_14,22,70.38,0,6,1
27-01-2020,store_1,item_14,30,56.31,1,0,1
28-01-2020,store_1,item_14,29,70.38,0,1,1
29-01-2020,store_1,item_14,26,70.38,0,2,1
30-01-2020,store_1,item_14,38,56.31,1,3,1
31-01-2020,store_1,item_14,23,70.38,0,4,1
01-01-2021,store_1,item_14,21,70.38,0,4,1
02-01-2021,store_1,item_14,18,70.38,0,5,1
03-01-2021,store_1,item_14,22,70.38,0,6,1
04-01-2021,store_1,item_14,24,70.38,0,0,1
05-01-2021,store_1,item_14,23,70.38,0,1,1
06-01-2021,store_1,item_14,26,70.38,0,2,1
07-01-2021,store_1,item_14,24,70.38,0,3,1
08-01-2021,store_1,item_14,21,70.38,0,4,1
09-01-2021,store_1,item_14,26,56.31,1,5,1
10-01-2021,store_1,item_14,18,70.38,0,6,1
11-01-2021,store_1,item_14,26,70.38,0,0,1
12-01-2021,store_1,item_14,24,70.38,0,1,1
13-01-2021,store_1,item_14,27,70.38,0,2,1
14-01-2021,store_1,item_14,42,56.31,1,3,1
15-01-2021,store_1,item_14,22,70.38,0,4,1
16-01-2021,store_1,item_14,26,70.38,0,5,1
17-01-2021,store_1,item_14,25,70.38,0,6,1
18-01-2021,store_1,item_14,18,70.38,0,0,1
19-01-2021,store_1,item_14,25,70.38,0,1,1
20-01-2021,store_1,item_14,29,70.38,0,2,1
21-01-2021,store_1,item_14,39,56.31,1,3,1
22-01-2021,store_1,item_14,25,70.38,0,4,1
23-01-2021,store_1,item_14,22,70.38,0,5,1
24-01-2021,store_1,item_14,16,70.38,0,6,1
25-01-2021,store_1,item_14,28,70.38,0,0,1
26-01-2021,store_1,item_14,35,70.38,0,1,1
27-01-2021,store_1,item_14,26,70.38,0,2,1
28-01-2021,store_1,item_14,26,70.38,0,3,1
29-01-2021,store_1,item_14,22,70.38,0,4,1
30-01-2021,store_1,item_14,24,70.38,0,5,1
31-01-2021,store_1,item_14,26,70.38,0,6,1
01-01-2022,store_1,item_14,19,70.38,0,5,1
02-01-2022,store_1,item_14,20,70.38,0,6,1
03-01-2022,store_1,item_14,38,56.31,1,0,1
04-01-2022,store_1,item_14,28,70.38,0,1,1
05-01-2022,store_1,item_14,27,70.38,0,2,1
06-01-2022,store_1,item_14,28,70.38,0,3,1
07-01-2022,store_1,item_14,20,70.38,0,4,1
08-01-2022,store_1,item_14,22,70.38,0,5,1
09-01-2022,store_1,item_14,24,70.38,0,6,1
10-01-2022,store_1,item_14,29,56.31,1,0,1
11-01-2022,store_1,item_14,26,70.38,0,1,1
12-01-2022,store_1,item_14,31,70.38,0,2,1
13-01-2022,store_1,item_14,27,70.38,0,3,1
14-01-2022,store_1,item_14,27,70.38,0,4,1
15-01-2022,store_1,item_14,34,56.31,1,5,1
16-01-2022,store_1,item_14,24,70.38,0,6,1
17-01-2022,store_1,item_14,20,70.38,0,0,1
18-01-2022,store_1,item_14,29,70.38,0,1,1
19-01-2022,store_1,item_14,32,70.38,0,2,1
20-01-2022,store_1,item_14,28,70.38,0,3,1
21-01-2022,store_1,item_14,23,70.38,0,4,1
22-01-2022,store_1,item_14,25,70.38,0,5,1
23-01-2022,store_1,item_14,23,70.38,0,6,1
24-01-2022,store_1,item_14,25,70.38,0,0,1
25-01-2022,store_1,item_14,27,70.38,0,1,1
26-01-2022,store_1,item_14,37,70.38,0,2,1
27-01-2022,store_1,item_14,30,70.38,0,3,1
28-01-2022,store_1,item_14,23,70.38,0,4,1
29-01-2022,store_1,item_14,24,70.38,0,5,1
30-01-2022,store_1,item_14,29,56.31,1,6,1
31-01-2022,store_1,item_14,32,70.38,0,0,1
01-01-2023,store_1,item_14,19,70.38,0,6,1
02-01-2023,store_1,item_14,27,70.38,0,0,1
03-01-2023,store_1,item_14,23,70.38,0,1,1
04-01-2023,store_1,item_14,31,70.38,0,2,1
05-01-2023,store_1,item_14,40,56.31,1,3,1
06-01-2023,store_1,item_14,23,70.38,0,4,1
07-01-2023,store_1,item_14,20,70.38,0,5,1
08-01-2023,store_1,item_14,21,70.38,0,6,1
09-01-2023,store_1,item_14,25,70.38,0,0,1
10-01-2023,store_1,item_14,33,70.38,0,1,1
11-01-2023,store_1,item_14,31,70.38,0,2,1
12-01-2023,store_1,item_14,31,70.38,0,3,1
13-01-2023,store_1,item_14,34,56.31,1,4,1
14-01-2023,store_1,item_14,24,70.38,0,5,1
15-01-2023,store_1,item_14,21,70.38,0,6,1
16-01-2023,store_1,item_14,26,70.38,0,0,1
17-01-2023,store_1,item_14,25,70.38,0,1,1
18-01-2023,store_1,item_14,29,70.38,0,2,1
19-01-2023,store_1,item_14,27,70.38,0,3,1
20-01-2023,store_1,item_14,31,56.31,1,4,1
21-01-2023,store_1,item_14,19,70.38,0,5,1
22-01-2023,store_1,item_14,25,70.38,0,6,1
23-01-2023,store_1,item_14,30,70.38,0,0,1
24-01-2023,store_1,item_14,27,70.38,0,1,1
25-01-2023,store_1,item_14,38,70.38,0,2,1
26-01-2023,store_1,item_14,33,70.38,0,3,1
27-01-2023,store_1,item_14,32,70.38,0,4,1
28-01-2023,store_1,item_14,26,70.38,0,5,1
29-01-2023,store_1,item_14,29,70.38,0,6,1
30-01-2023,store_1,item_14,29,70.38,0,0,1
31-01-2023,store_1,item_14,47,56.31,1,1,1
01-01-2019,store_1,item_15,13,56.62,0,1,1
02-01-2019,store_1,item_15,24,56.62,0,2,1
03-01-2019,store_1,item_15,19,56.62,0,3,1
04-01-2019,store_1,item_15,16,56.62,0,4,1
05-01-2019,store_1,item_15,14,56.62,0,5,1
06-01-2019,store_1,item_15,17,56.62,0,6,1
07-01-2019,store_1,item_15,16,56.62,0,0,1
08-01-2019,store_1,item_15,21,56.62,0,1,1
09-01-2019,store_1,item_15,22,56.62,0,2,1
10-01-2019,store_1,item_15,11,56.62,0,3,1
11-01-2019,store_1,item_15,27,45.3,1,4,1
12-01-2019,store_1,item_15,25,45.3,1,5,1
13-01-2019,store_1,item_15,17,56.62,0,6,1
14-01-2019,store_1,item_15,20,56.62,0,0,1
15-01-2019,store_1,item_15,26,56.62,0,1,1
16-01-2019,store_1,item_15,22,56.62,0,2,1
17-01-2019,store_1,item_15,20,56.62,0,3,1
18-01-2019,store_1,item_15,15,56.62,0,4,1
19-01-2019,store_1,item_15,9,56.62,0,5,1
20-01-2019,store_1,item_15,17,56.62,0,6,1
21-01-2019,store_1,item_15,18,56.62,0,0,1
22-01-2019,store_1,item_15,28,45.3,1,1,1
23-01-2019,store_1,item_15,23,56.62,0,2,1
24-01-2019,store_1,item_15,21,56.62,0,3,1
25-01-2019,store_1,item_15,17,56.62,0,4,1
26-01-2019,store_1,item_15,24,45.3,1,5,1
27-01-2019,store_1,item_15,12,56.62,0,6,1
28-01-2019,store_1,item_15,23,56.62,0,0,1
29-01-2019,store_1,item_15,24,56.62,0,1,1
30-01-2019,store_1,item_15,28,56.62,0,2,1
31-01-2019,store_1,item_15,20,56.62,0,3,1
01-01-2020,store_1,item_15,25,56.62,0,2,1
02-01-2020,store_1,item_15,14,56.62,0,3,1
03-01-2020,store_1,item_15,15,56.62,0,4,1
04-01-2020,store_1,item_15,14,56.62,0,5,1
05-01-2020,store_1,item_15,12,56.62,0,6,1
06-01-2020,store_1,item_15,18,56.62,0,0,1
07-01-2020,store_1,item_15,18,56.62,0,1,1
08-01-2020,store_1,item_15,20,56.62,0,2,1
09-01-2020,store_1,item_15,22,56.62,0,3,1
10-01-2020,store_1,item_15,24,56.62,0,4,1
11-01-2020,store_1,item_15,20,45.3,1,5,1
12-01-2020,store_1,item_15,13,56.62,0,6,1
13-01-2020,store_1,item_15,18,56.62,0,0,1
14-01-2020,store_1,item_15,23,56.62,0,1,1
15-01-2020,store_1,item_15,19,56.62,0,2,1
16-01-2020,store_1,item_15,20,56.62,0,3,1
17-01-2020,store_1,item_15,25,45.3,1,4,1
18-01-2020,store_1,item_15,17,56.62,0,5,1
19-01-2020,store_1,item_15,18,56.62,0,6,1
20-01-2020,store_1,item_15,20,56.62,0,0,1
21-01-2020,store_1,item_15,35,45.3,1,1,1
22-01-2020,store_1,item_15,35,45.3,1,2,1
23-01-2020,store_1,item_15,23,56.62,0,3,1
24-01-2020,store_1,item_15,16,56.62,0,4,1
25-01-2020,store_1,item_15,22,56.62,0,5,1
26-01-2020,store_1,item_15,13,56.62,0,6,1
27-01-2020,store_1,item_15,19,56.62,0,0,1
28-01-2020,store_1,item_15,27,56.62,0,1,1
29-01-2020,store_1,item_15,24,56.62,0,2,1
30-01-2020,store_1,item_15,25,56.62,0,3,1
31-01-2020,store_1,item_15,25,56.62,0,4,1
01-01-2021,store_1,item_15,21,56.62,0,4,1
02-01-2021,store_1,item_15,17,56.62,0,5,1
03-01-2021,store_1,item_15,12,56.62,0,6,1
04-01-2021,store_1,item_15,19,56.62,0,0,1
05-01-2021,store_1,item_15,20,56.62,0,1,1
06-01-2021,store_1,item_15,20,56.62,0,2,1
07-01-2021,store_1,item_15,25,56.62,0,3,1
08-01-2021,store_1,item_15,14,56.62,0,4,1
09-01-2021,store_1,item_15,13,56.62,0,5,1
10-01-2021,store_1,item_15,23,56.62,0,6,1
11-01-2021,store_1,item_15,30,45.3,1,0,1
12-01-2021,store_1,item_15,26,56.62,0,1,1
13-01-2021,store_1,item_15,28,56.62,0,2,1
14-01-2021,store_1,item_15,37,45.3,1,3,1
15-01-2021,store_1,item_15,20,56.62,0,4,1
16-01-2021,store_1,item_15,17,56.62,0,5,1
17-01-2021,store_1,item_15,20,56.62,0,6,1
18-01-2021,store_1,item_15,21,56.62,0,0,1
19-01-2021,store_1,item_15,27,56.62,0,1,1
20-01-2021,store_1,item_15,25,56.62,0,2,1
21-01-2021,store_1,item_15,23,56.62,0,3,1
22-01-2021,store_1,item_15,26,56.62,0,4,1
23-01-2021,store_1,item_15,16,56.62,0,5,1
24-01-2021,store_1,item_15,19,56.62,0,6,1
25-01-2021,store_1,item_15,23,56.62,0,0,1
26-01-2021,store_1,item_15,27,56.62,0,1,1
27-01-2021,store_1,item_15,28,56.62,0,2,1
28-01-2021,store_1,item_15,21,56.62,0,3,1
29-01-2021,store_1,item_15,21,56.62,0,4,1
30-01-2021,store_1,item_15,28,45.3,1,5,1
31-01-2021,store_1,item_15,23,56.62,0,6,1
01-01-2022,store_1,item_15,22,56.62,0,5,1
02-01-2022,store_1,item_15,19,56.62,0,6,1
03-01-2022,store_1,item_15,19,56.62,0,0,1
04-01-2022,store_1,item_15,33,45.3,1,1,1
05-01-2022,store_1,item_15,28,56.62,0,2,1
06-01-2022,store_1,item_15,26,56.62,0,3,1
07-01-2022,store_1,item_15,18,56.62,0,4,1
08-01-2022,store_1,item_15,14,56.62,0,5,1
09-01-2022,store_1,item_15,19,56.62,0,6,1
10-01-2022,store_1,item_15,24,56.62,0,0,1
11-01-2022,store_1,item_15,24,56.62,0,1,1
12-01-2022,store_1,item_15,23,56.62,0,2,1
13-01-2022,store_1,item_15,24,56.62,0,3,1
14-01-2022,store_1,item_15,22,56.62,0,4,1
15-01-2022,store_1,item_15,16,56.62,0,5,1
16-01-2022,store_1,item_15,20,56.62,0,6,1
17-01-2022,store_1,item_15,24,56.62,0,0,1
18-01-2022,store_1,item_15,30,56.62,0,1,1
19-01-2022,store_1,item_15,26,56.62,0,2,1
20-01-2022,store_1,item_15,21,56.62,0,3,1
21-01-2022,store_1,item_15,21,56.62,0,4,1
22-01-2022,store_1,item_15,33,45.3,1,5,1
23-01-2022,store_1,item_15,14,56.62,0,6,1
24-01-2022,store_1,item_15,16,56.62,0,0,1
25-01-2022,store_1,item_15,27,56.62,0,1,1
26-01-2022,store_1,item_15,27,56.62,0,2,1
27-01-2022,store_1,item_15,25,56.62,0,3,1
28-01-2022,store_1,item_15,32,45.3,1,4,1
29-01-2022,store_1,item_15,22,56.62,0,5,1
30-01-2022,store_1,item_15,20,56.62,0,6,1
31-01-2022,store_1,item_15,26,56.62,0,0,1
01-01-2023,store_1,item_15,15,56.62,0,6,1
02-01-2023,store_1,item_15,23,56.62,0,0,1
03-01-2023,store_1,item_15,27,56.62,0,1,1
04-01-2023,store_1,item_15,22,56.62,0,2,1
05-01-2023,store_1,item_15,35,45.3,1,3,1
06-01-2023,store_1,item_15,25,56.62,0,4,1
07-01-2023,store_1,item_15,16,56.62,0,5,1
08-01-2023,store_1,item_15,19,56.62,0,6,1
09-01-2023,store_1,item_15,23,56.62,0,0,1
10-01-2023,store_1,item_15,26,56.62,0,1,1
11-01-2023,store_1,item_15,30,56.62,0,2,1
12-01-2023,store_1,item_15,28,56.62,0,3,1
13-01-2023,store_1,item_15,25,56.62,0,4,1
14-01-2023,store_1,item_15,18,56.62,0,5,1
15-01-2023,store_1,item_15,21,56.62,0,6,1
16-01-2023,store_1,item_15,26,56.62,0,0,1
17-01-2023,store_1,item_15,27,56.62,0,1,1
18-01-2023,store_1,item_15,26,56.62,0,2,1
19-01-2023,store_1,item_15,26,56.62,0,3,1
20-01-2023,store_1,item_15,20,56.62,0,4,1
21-01-2023,store_1,item_15,17,56.62,0,5,1
22-01-2023,store_1,item_15,21,56.62,0,6,1
23-01-2023,store_1,item_15,24,56.62,0,0,1
24-01-2023,store_1,item_15,29,56.62,0,1,1
25-01-2023,store_1,item_15,25,56.62,0,2,1
26-01-2023,store_1,item_15,26,56.62,0,3,1
27-01-2023,store_1,item_15,16,56.62,0,4,1
28-01-2023,store_1,item_15,17,56.62,0,5,1
29-01-2023,store_1,item_15,21,56.62,0,6,1
30-01-2023,store_1,item_15,29,56.62,0,0,1
31-01-2023,store_1,item_15,31,56.62,0,1,1
