backend/uploads/2019-01_actual.csv
Date,Store,Product,Demand,price,promo,weekday,month
01-01-2019,store_1,item_16,34,43.08,0,1,1
02-01-2019,store_1,item_16,29,43.08,0,2,1
03-01-2019,store_1,item_16,27,43.08,0,3,1
04-01-2019,store_1,item_16,21,43.08,0,4,1
05-01-2019,store_1,item_16,18,43.08,0,5,1
06-01-2019,store_1,item_16,21,43.08,0,6,1
07-01-2019,store_1,item_16,26,43.08,0,0,1
08-01-2019,store_1,item_16,29,43.08,0,1,1
09-01-2019,store_1,item_16,33,43.08,0,2,1
10-01-2019,store_1,item_16,27,43.08,0,3,1
11-01-2019,store_1,item_16,18,43.08,0,4,1
12-01-2019,store_1,item_16,21,43.08,0,5,1
13-01-2019,store_1,item_16,21,43.08,0,6,1
14-01-2019,store_1,item_16,45,34.46,1,0,1
15-01-2019,store_1,item_16,34,43.08,0,1,1
16-01-2019,store_1,item_16,35,43.08,0,2,1
17-01-2019,store_1,item_16,32,43.08,0,3,1
18-01-2019,store_1,item_16,26,43.08,0,4,1
19-01-2019,store_1,item_16,23,43.08,0,5,1
20-01-2019,store_1,item_16,38,34.46,1,6,1
21-01-2019,store_1,item_16,29,43.08,0,0,1
22-01-2019,store_1,item_16,31,43.08,0,1,1
23-01-2019,store_1,item_16,29,43.08,0,2,1
24-01-2019,store_1,item_16,25,43.08,0,3,1
25-01-2019,store_1,item_16,23,43.08,0,4,1
26-01-2019,store_1,item_16,21,43.08,0,5,1
27-01-2019,store_1,item_16,24,43.08,0,6,1
28-01-2019,store_1,item_16,28,43.08,0,0,1
29-01-2019,store_1,item_16,38,43.08,0,1,1
30-01-2019,store_1,item_16,36,43.08,0,2,1
31-01-2019,store_1,item_16,29,43.08,0,3,1
01-01-2020,store_1,item_16,33,43.08,0,2,1
02-01-2020,store_1,item_16,32,43.08,0,3,1
03-01-2020,store_1,item_16,31,43.08,0,4,1
04-01-2020,store_1,item_16,28,43.08,0,5,1
05-01-2020,store_1,item_16,20,43.08,0,6,1
06-01-2020,store_1,item_16,28,43.08,0,0,1
07-01-2020,store_1,item_16,34,43.08,0,1,1
08-01-2020,store_1,item_16,33,43.08,0,2,1
09-01-2020,store_1,item_16,28,43.08,0,3,1
10-01-2020,store_1,item_16,17,43.08,0,4,1
11-01-2020,store_1,item_16,27,43.08,0,5,1
12-01-2020,store_1,item_16,29,43.08,0,6,1
13-01-2020,store_1,item_16,30,43.08,0,0,1
14-01-2020,store_1,item_16,49,34.46,1,1,1
15-01-2020,store_1,item_16,32,43.08,0,2,1
16-01-2020,store_1,item_16,32,43.08,0,3,1
17-01-2020,store_1,item_16,30,43.08,0,4,1
18-01-2020,store_1,item_16,25,43.08,0,5,1
19-01-2020,store_1,item_16,18,43.08,0,6,1
20-01-2020,store_1,item_16,34,43.08,0,0,1
21-01-2020,store_1,item_16,36,43.08,0,1,1
22-01-2020,store_1,item_16,32,43.08,0,2,1
23-01-2020,store_1,item_16,34,43.08,0,3,1
24-01-2020,store_1,item_16,28,43.08,0,4,1
25-01-2020,store_1,item_16,25,43.08,0,5,1
26-01-2020,store_1,item_16,22,43.08,0,6,1
27-01-2020,store_1,item_16,29,43.08,0,0,1
28-01-2020,store_1,item_16,48,34.46,1,1,1
29-01-2020,store_1,item_16,40,43.08,0,2,1
30-01-2020,store_1,item_16,31,43.08,0,3,1
31-01-2020,store_1,item_16,31,43.08,0,4,1
01-01-2021,store_1,item_16,25,43.08,0,4,1
02-01-2021,store_1,item_16,24,43.08,0,5,1
03-01-2021,store_1,item_16,25,43.08,0,6,1
04-01-2021,store_1,item_16,28,43.08,0,0,1
05-01-2021,store_1,item_16,36,43.08,0,1,1
06-01-2021,store_1,item_16,48,34.46,1,2,1
07-01-2021,store_1,item_16,34,43.08,0,3,1
08-01-2021,store_1,item_16,28,43.08,0,4,1
09-01-2021,store_1,item_16,28,43.08,0,5,1
10-01-2021,store_1,item_16,31,43.08,0,6,1
11-01-2021,store_1,item_16,29,43.08,0,0,1
12-01-2021,store_1,item_16,39,43.08,0,1,1
13-01-2021,store_1,item_16,37,43.08,0,2,1
14-01-2021,store_1,item_16,50,34.46,1,3,1
15-01-2021,store_1,item_16,29,43.08,0,4,1
16-01-2021,store_1,item_16,20,43.08,0,5,1
17-01-2021,store_1,item_16,29,43.08,0,6,1
18-01-2021,store_1,item_16,26,43.08,0,0,1
19-01-2021,store_1,item_16,37,43.08,0,1,1
20-01-2021,store_1,item_16,29,43.08,0,2,1
21-01-2021,store_1,item_16,33,43.08,0,3,1
22-01-2021,store_1,item_16,28,43.08,0,4,1
23-01-2021,store_1,item_16,27,43.08,0,5,1
24-01-2021,store_1,item_16,31,43.08,0,6,1
25-01-2021,store_1,item_16,31,43.08,0,0,1
26-01-2021,store_1,item_16,51,34.46,1,1,1
27-01-2021,store_1,item_16,37,43.08,0,2,1
28-01-2021,store_1,item_16,35,43.08,0,3,1
29-01-2021,store_1,item_16,30,43.08,0,4,1
30-01-2021,store_1,item_16,21,43.08,0,5,1
31-01-2021,store_1,item_16,26,43.08,0,6,1
01-01-2022,store_1,item_16,23,43.08,0,5,1
02-01-2022,store_1,item_16,24,43.08,0,6,1
03-01-2022,store_1,item_16,42,34.46,1,0,1
04-01-2022,store_1,item_16,37,43.08,0,1,1
05-01-2022,store_1,item_16,37,43.08,0,2,1
06-01-2022,store_1,item_16,32,43.08,0,3,1
07-01-2022,store_1,item_16,39,34.46,1,4,1
08-01-2022,store_1,item_16,26,43.08,0,5,1
09-01-2022,store_1,item_16,27,43.08,0,6,1
10-01-2022,store_1,item_16,31,43.08,0,0,1
11-01-2022,store_1,item_16,40,43.08,0,1,1
12-01-2022,store_1,item_16,42,43.08,0,2,1
13-01-2022,store_1,item_16,33,43.08,0,3,1
14-01-2022,store_1,item_16,35,43.08,0,4,1
15-01-2022,store_1,item_16,25,43.08,0,5,1
16-01-2022,store_1,item_16,26,43.08,0,6,1
17-01-2022,store_1,item_16,34,43.08,0,0,1
18-01-2022,store_1,item_16,38,43.08,0,1,1
19-01-2022,store_1,item_16,58,34.46,1,2,1
20-01-2022,store_1,item_16,30,43.08,0,3,1
21-01-2022,store_1,item_16,25,43.08,0,4,1
22-01-2022,store_1,item_16,23,43.08,0,5,1
23-01-2022,store_1,item_16,42,34.46,1,6,1
24-01-2022,store_1,item_16,48,34.46,1,0,1
25-01-2022,store_1,item_16,37,43.08,0,1,1
26-01-2022,store_1,item_16,39,43.08,0,2,1
27-01-2022,store_1,item_16,58,34.46,1,3,1
28-01-2022,store_1,item_16,33,43.08,0,4,1
29-01-2022,store_1,item_16,40,34.46,1,5,1
30-01-2022,store_1,item_16,28,43.08,0,6,1
31-01-2022,store_1,item_16,49,34.46,1,0,1
01-01-2023,store_1,item_16,30,43.08,0,6,1
02-01-2023,store_1,item_16,34,43.08,0,0,1
03-01-2023,store_1,item_16,30,43.08,0,1,1
04-01-2023,store_1,item_16,36,43.08,0,2,1
05-01-2023,store_1,item_16,34,43.08,0,3,1
06-01-2023,store_1,item_16,31,43.08,0,4,1
07-01-2023,store_1,item_16,29,43.08,0,5,1
08-01-2023,store_1,item_16,24,43.08,0,6,1
09-01-2023,store_1,item_16,50,34.46,1,0,1
10-01-2023,store_1,item_16,34,43.08,0,1,1
11-01-2023,store_1,item_16,41,43.08,0,2,1
12-01-2023,store_1,item_16,50,34.46,1,3,1
13-01-2023,store_1,item_16,34,43.08,0,4,1
14-01-2023,store_1,item_16,28,43.08,0,5,1
15-01-2023,store_1,item_16,27,43.08,0,6,1
16-01-2023,store_1,item_16,34,43.08,0,0,1
17-01-2023,store_1,item_16,37,43.08,0,1,1
18-01-2023,store_1,item_16,41,43.08,0,2,1
19-01-2023,store_1,item_16,52,34.46,1,3,1
20-01-2023,store_1,item_16,32,43.08,0,4,1
21-01-2023,store_1,item_16,27,43.08,0,5,1
22-01-2023,store_1,item_16,28,43.08,0,6,1
23-01-2023,store_1,item_16,35,43.08,0,0,1
24-01-2023,store_1,item_16,38,43.08,0,1,1
25-01-2023,store_1,item_16,48,43.08,0,2,1
26-01-2023,store_1,item_16,38,43.08,0,3,1
27-01-2023,store_1,item_16,35,43.08,0,4,1
28-01-2023,store_1,item_16,25,43.08,0,5,1
29-01-2023,store_1,item_16,23,43.08,0,6,1
30-01-2023,store_1,item_16,36,43.08,0,0,1
31-01-2023,store_1,item_16,45,43.08,0,1,1
01-01-2019,store_1,item_17,17,62.32,0,1,1
02-01-2019,store_1,item_17,24,49.86,1,2,1
03-01-2019,store_1,item_17,10,62.32,0,3,1
04-01-2019,store_1,item_17,16,62.32,0,4,1
05-01-2019,store_1,item_17,11,62.32,0,5,1
06-01-2019,store_1,item_17,10,62.32,0,6,1
07-01-2019,store_1,item_17,9,62.32,0,0,1
08-01-2019,store_1,item_17,26,49.86,1,1,1
09-01-2019,store_1,item_17,17,62.32,0,2,1
10-01-2019,store_1,item_17,17,62.32,0,3,1
11-01-2019,store_1,item_17,15,62.32,0,4,1
12-01-2019,store_1,item_17,15,49.86,1,5,1
13-01-2019,store_1,item_17,2,62.32,0,6,1
14-01-2019,store_1,item_17,14,62.32,0,0,1
15-01-2019,store_1,item_17,16,62.32,0,1,1
16-01-2019,store_1,item_17,18,62.32,0,2,1
17-01-2019,store_1,item_17,21,62.32,0,3,1
18-01-2019,store_1,item_17,13,62.32,0,4,1
19-01-2019,store_1,item_17,14,62.32,0,5,1
20-01-2019,store_1,item_17,14,62.32,0,6,1
21-01-2019,store_1,item_17,18,49.86,1,0,1
22-01-2019,store_1,item_17,14,62.32,0,1,1
23-01-2019,store_1,item_17,22,62.32,0,2,1
24-01-2019,store_1,item_17,14,62.32,0,3,1
25-01-2019,store_1,item_17,15,62.32,0,4,1
26-01-2019,store_1,item_17,15,49.86,1,5,1
27-01-2019,store_1,item_17,15,62.32,0,6,1
28-01-2019,store_1,item_17,16,62.32,0,0,1
29-01-2019,store_1,item_17,26,49.86,1,1,1
30-01-2019,store_1,item_17,21,62.32,0,2,1
31-01-2019,store_1,item_17,18,62.32,0,3,1
01-01-2020,store_1,item_17,15,62.32,0,2,1
02-01-2020,store_1,item_17,18,62.32,0,3,1
03-01-2020,store_1,item_17,10,62.32,0,4,1
04-01-2020,store_1,item_17,11,62.32,0,5,1
05-01-2020,store_1,item_17,14,62.32,0,6,1
06-01-2020,store_1,item_17,12,62.32,0,0,1
07-01-2020,store_1,item_17,15,62.32,0,1,1
08-01-2020,store_1,item_17,18,62.32,0,2,1
09-01-2020,store_1,item_17,16,62.32,0,3,1
10-01-2020,store_1,item_17,11,62.32,0,4,1
11-01-2020,store_1,item_17,19,62.32,0,5,1
12-01-2020,store_1,item_17,17,49.86,1,6,1
13-01-2020,store_1,item_17,18,62.32,0,0,1
14-01-2020,store_1,item_17,20,62.32,0,1,1
15-01-2020,store_1,item_17,16,62.32,0,2,1
16-01-2020,store_1,item_17,18,62.32,0,3,1
17-01-2020,store_1,item_17,12,62.32,0,4,1
18-01-2020,store_1,item_17,13,62.32,0,5,1
19-01-2020,store_1,item_17,16,62.32,0,6,1
20-01-2020,store_1,item_17,14,62.32,0,0,1
21-01-2020,store_1,item_17,20,62.32,0,1,1
22-01-2020,store_1,item_17,17,62.32,0,2,1
23-01-2020,store_1,item_17,18,62.32,0,3,1
24-01-2020,store_1,item_17,15,62.32,0,4,1
25-01-2020,store_1,item_17,12,62.32,0,5,1
26-01-2020,store_1,item_17,8,62.32,0,6,1
27-01-2020,store_1,item_17,19,62.32,0,0,1
28-01-2020,store_1,item_17,25,62.32,0,1,1
29-01-2020,store_1,item_17,20,62.32,0,2,1
30-01-2020,store_1,item_17,16,62.32,0,3,1
31-01-2020,store_1,item_17,16,62.32,0,4,1
01-01-2021,store_1,item_17,18,62.32,0,4,1
02-01-2021,store_1,item_17,13,62.32,0,5,1
03-01-2021,store_1,item_17,15,62.32,0,6,1
04-01-2021,store_1,item_17,20,62.32,0,0,1
05-01-2021,store_1,item_17,18,62.32,0,1,1
06-01-2021,store_1,item_17,18,62.32,0,2,1
07-01-2021,store_1,item_17,17,62.32,0,3,1
08-01-2021,store_1,item_17,11,62.32,0,4,1
09-01-2021,store_1,item_17,7,62.32,0,5,1
10-01-2021,store_1,item_17,9,62.32,0,6,1
11-01-2021,store_1,item_17,20,62.32,0,0,1
12-01-2021,store_1,item_17,18,62.32,0,1,1
13-01-2021,store_1,item_17,22,62.32,0,2,1
14-01-2021,store_1,item_17,17,62.32,0,3,1
15-01-2021,store_1,item_17,10,62.32,0,4,1
16-01-2021,store_1,item_17,16,62.32,0,5,1
17-01-2021,store_1,item_17,11,62.32,0,6,1
18-01-2021,store_1,item_17,18,62.32,0,0,1
19-01-2021,store_1,item_17,22,62.32,0,1,1
20-01-2021,store_1,item_17,20,62.32,0,2,1
21-01-2021,store_1,item_17,20,62.32,0,3,1
22-01-2021,store_1,item_17,11,62.32,0,4,1
23-01-2021,store_1,item_17,22,62.32,0,5,1
24-01-2021,store_1,item_17,16,62.32,0,6,1
25-01-2021,store_1,item_17,19,62.32,0,0,1
26-01-2021,store_1,item_17,23,62.32,0,1,1
27-01-2021,store_1,item_17,30,49.86,1,2,1
28-01-2021,store_1,item_17,19,62.32,0,3,1
29-01-2021,store_1,item_17,19,62.32,0,4,1
30-01-2021,store_1,item_17,13,62.32,0,5,1
31-01-2021,store_1,item_17,16,62.32,0,6,1
01-01-2022,store_1,item_17,23,49.86,1,5,1
02-01-2022,store_1,item_17,13,62.32,0,6,1
03-01-2022,store_1,item_17,15,62.32,0,0,1
04-01-2022,store_1,item_17,19,62.32,0,1,1
05-01-2022,store_1,item_17,20,62.32,0,2,1
06-01-2022,store_1,item_17,35,49.86,1,3,1
07-01-2022,store_1,item_17,17,62.32,0,4,1
08-01-2022,store_1,item_17,19,49.86,1,5,1
09-01-2022,store_1,item_17,20,62.32,0,6,1
10-01-2022,store_1,item_17,12,62.32,0,0,1
11-01-2022,store_1,item_17,18,62.32,0,1,1
12-01-2022,store_1,item_17,19,62.32,0,2,1
13-01-2022,store_1,item_17,19,62.32,0,3,1
14-01-2022,store_1,item_17,17,62.32,0,4,1
15-01-2022,store_1,item_17,15,62.32,0,5,1
16-01-2022,store_1,item_17,16,62.32,0,6,1
17-01-2022,store_1,item_17,19,62.32,0,0,1
18-01-2022,store_1,item_17,20,62.32,0,1,1
19-01-2022,store_1,item_17,25,62.32,0,2,1
20-01-2022,store_1,item_17,14,62.32,0,3,1
21-01-2022,store_1,item_17,8,62.32,0,4,1
22-01-2022,store_1,item_17,17,62.32,0,5,1
23-01-2022,store_1,item_17,22,49.86,1,6,1
24-01-2022,store_1,item_17,23,62.32,0,0,1
25-01-2022,store_1,item_17,24,62.32,0,1,1
26-01-2022,store_1,item_17,23,62.32,0,2,1
27-01-2022,store_1,item_17,18,62.32,0,3,1
28-01-2022,store_1,item_17,19,62.32,0,4,1
29-01-2022,store_1,item_17,14,62.32,0,5,1
30-01-2022,store_1,item_17,16,62.32,0,6,1
31-01-2022,store_1,item_17,17,62.32,0,0,1
01-01-2023,store_1,item_17,16,62.32,0,6,1
02-01-2023,store_1,item_17,19,62.32,0,0,1
03-01-2023,store_1,item_17,15,62.32,0,1,1
04-01-2023,store_1,item_17,24,62.32,0,2,1
05-01-2023,store_1,item_17,22,62.32,0,3,1
06-01-2023,store_1,item_17,15,62.32,0,4,1
07-01-2023,store_1,item_17,14,62.32,0,5,1
08-01-2023,store_1,item_17,12,62.32,0,6,1
09-01-2023,store_1,item_17,18,62.32,0,0,1
10-01-2023,store_1,item_17,21,62.32,0,1,1
11-01-2023,store_1,item_17,20,62.32,0,2,1
12-01-2023,store_1,item_17,21,62.32,0,3,1
13-01-2023,store_1,item_17,17,62.32,0,4,1
14-01-2023,store_1,item_17,31,49.86,1,5,1
15-01-2023,store_1,item_17,13,62.32,0,6,1
16-01-2023,store_1,item_17,22,62.32,0,0,1
17-01-2023,store_1,item_17,19,62.32,0,1,1
18-01-2023,store_1,item_17,23,62.32,0,2,1
19-01-2023,store_1,item_17,12,62.32,0,3,1
20-01-2023,store_1,item_17,15,62.32,0,4,1
21-01-2023,store_1,item_17,16,62.32,0,5,1
22-01-2023,store_1,item_17,16,62.32,0,6,1
23-01-2023,store_1,item_17,13,62.32,0,0,1
24-01-2023,store_1,item_17,21,62.32,0,1,1
25-01-2023,store_1,item_17,27,62.32,0,2,1
26-01-2023,store_1,item_17,24,62.32,0,3,1
27-01-2023,store_1,item_17,20,62.32,0,4,1
28-01-2023,store_1,item_17,30,49.86,1,5,1
29-01-2023,store_1,item_17,11,62.32,0,6,1
30-01-2023,store_1,item_17,18,62.32,0,0,1
31-01-2023,store_1,item_17,23,62.32,0,1,1
