backend/uploads/2019-01_actual.csv
Date,Store,Product,Demand,price,promo,weekday,month
01-01-2019,store_1,item_18,42,71.7,0,1,1
02-01-2019,store_1,item_18,34,71.7,0,2,1
03-01-2019,store_1,item_18,30,71.7,0,3,1
04-01-2019,store_1,item_18,23,71.7,0,4,1
05-01-2019,store_1,item_18,30,71.7,0,5,1
06-01-2019,store_1,item_18,45,57.36,1,6,1
07-01-2019,store_1,item_18,30,71.7,0,0,1
08-01-2019,store_1,item_18,35,71.7,0,1,1
09-01-2019,store_1,item_18,64,57.36,1,2,1
10-01-2019,store_1,item_18,51,57.36,1,3,1
11-01-2019,store_1,item_18,30,71.7,0,4,1
12-01-2019,store_1,item_18,26,71.7,0,5,1
13-01-2019,store_1,item_18,39,71.7,0,6,1
14-01-2019,store_1,item_18,52,57.36,1,0,1
15-01-2019,store_1,item_18,44,71.7,0,1,1
16-01-2019,store_1,item_18,43,71.7,0,2,1
17-01-2019,store_1,item_18,37,71.7,0,3,1
18-01-2019,store_1,item_18,31,71.7,0,4,1
19-01-2019,store_1,item_18,29,71.7,0,5,1
20-01-2019,store_1,item_18,30,71.7,0,6,1
21-01-2019,store_1,item_18,34,71.7,0,0,1
22-01-2019,store_1,item_18,43,71.7,0,1,1
23-01-2019,store_1,item_18,43,71.7,0,2,1
24-01-2019,store_1,item_18,57,57.36,1,3,1
25-01-2019,store_1,item_18,49,57.36,1,4,1
26-01-2019,store_1,item_18,46,57.36,1,5,1
27-01-2019,store_1,item_18,43,57.36,1,6,1
28-01-2019,store_1,item_18,34,71.7,0,0,1
29-01-2019,store_1,item_18,39,71.7,0,1,1
30-01-2019,store_1,item_18,44,71.7,0,2,1
31-01-2019,store_1,item_18,40,71.7,0,3,1
01-01-2020,store_1,item_18,38,71.7,0,2,1
02-01-2020,store_1,item_18,40,71.7,0,3,1
03-01-2020,store_1,item_18,31,71.7,0,4,1
04-01-2020,store_1,item_18,33,71.7,0,5,1
05-01-2020,store_1,item_18,32,71.7,0,6,1
06-01-2020,store_1,item_18,33,71.7,0,0,1
07-01-2020,store_1,item_18,40,71.7,0,1,1
08-01-2020,store_1,item_18,44,71.7,0,2,1
09-01-2020,store_1,item_18,40,71.7,0,3,1
10-01-2020,store_1,item_18,36,71.7,0,4,1
11-01-2020,store_1,item_18,22,71.7,0,5,1
12-01-2020,store_1,item_18,26,71.7,0,6,1
13-01-2020,store_1,item_18,35,71.7,0,0,1
14-01-2020,store_1,item_18,44,71.7,0,1,1
15-01-2020,store_1,item_18,46,71.7,0,2,1
16-01-2020,store_1,item_18,32,71.7,0,3,1
17-01-2020,store_1,item_18,31,71.7,0,4,1
18-01-2020,store_1,item_18,32,71.7,0,5,1
19-01-2020,store_1,item_18,28,71.7,0,6,1
20-01-2020,store_1,item_18,38,71.7,0,0,1
21-01-2020,store_1,item_18,67,57.36,1,1,1
22-01-2020,store_1,item_18,44,71.7,0,2,1
23-01-2020,store_1,item_18,63,57.36,1,3,1
24-01-2020,store_1,item_18,35,71.7,0,4,1
25-01-2020,store_1,item_18,33,71.7,0,5,1
26-01-2020,store_1,item_18,32,71.7,0,6,1
27-01-2020,store_1,item_18,33,71.7,0,0,1
28-01-2020,store_1,item_18,47,71.7,0,1,1
29-01-2020,store_1,item_18,70,57.36,1,2,1
30-01-2020,store_1,item_18,44,71.7,0,3,1
31-01-2020,store_1,item_18,34,71.7,0,4,1
01-01-2021,store_1,item_18,35,71.7,0,4,1
02-01-2021,store_1,item_18,33,71.7,0,5,1
03-01-2021,store_1,item_18,32,71.7,0,6,1
04-01-2021,store_1,item_18,36,71.7,0,0,1
05-01-2021,store_1,item_18,42,71.7,0,1,1
06-01-2021,store_1,item_18,42,71.7,0,2,1
07-01-2021,store_1,item_18,37,71.7,0,3,1
08-01-2021,store_1,item_18,38,71.7,0,4,1
09-01-2021,store_1,item_18,32,71.7,0,5,1
10-01-2021,store_1,item_18,37,71.7,0,6,1
11-01-2021,store_1,item_18,40,71.7,0,0,1
12-01-2021,store_1,item_18,66,57.36,1,1,1
13-01-2021,store_1,item_18,43,71.7,0,2,1
14-01-2021,store_1,item_18,41,71.7,0,3,1
15-01-2021,store_1,item_18,38,71.7,0,4,1
16-01-2021,store_1,item_18,29,71.7,0,5,1
17-01-2021,store_1,item_18,37,71.7,0,6,1
18-01-2021,store_1,item_18,39,71.7,0,0,1
19-01-2021,store_1,item_18,42,71.7,0,1,1
20-01-2021,store_1,item_18,47,71.7,0,2,1
21-01-2021,store_1,item_18,44,71.7,0,3,1
22-01-2021,store_1,item_18,60,57.36,1,4,1
23-01-2021,store_1,item_18,33,71.7,0,5,1
24-01-2021,store_1,item_18,33,71.7,0,6,1
25-01-2021,store_1,item_18,45,71.7,0,0,1
26-01-2021,store_1,item_18,75,57.36,1,1,1
27-01-2021,store_1,item_18,49,71.7,0,2,1
28-01-2021,store_1,item_18,40,71.7,0,3,1
29-01-2021,store_1,item_18,36,71.7,0,4,1
30-01-2021,store_1,item_18,36,71.7,0,5,1
31-01-2021,store_1,item_18,39,71.7,0,6,1
01-01-2022,store_1,item_18,30,71.7,0,5,1
02-01-2022,store_1,item_18,37,71.7,0,6,1
03-01-2022,store_1,item_18,44,71.7,0,0,1
04-01-2022,store_1,item_18,44,71.7,0,1,1
05-01-2022,store_1,item_18,51,71.7,0,2,1
06-01-2022,store_1,item_18,64,57.36,1,3,1
07-01-2022,store_1,item_18,52,57.36,1,4,1
08-01-2022,store_1,item_18,30,71.7,0,5,1
09-01-2022,store_1,item_18,39,71.7,0,6,1
10-01-2022,store_1,item_18,42,71.7,0,0,1
11-01-2022,store_1,item_18,44,71.7,0,1,1
12-01-2022,store_1,item_18,52,71.7,0,2,1
13-01-2022,store_1,item_18,48,71.7,0,3,1
14-01-2022,store_1,item_18,36,71.7,0,4,1
15-01-2022,store_1,item_18,35,71.7,0,5,1
16-01-2022,store_1,item_18,39,71.7,0,6,1
17-01-2022,store_1,item_18,38,71.7,0,0,1
18-01-2022,store_1,item_18,43,71.7,0,1,1
19-01-2022,store_1,item_18,73,57.36,1,2,1
20-01-2022,store_1,item_18,41,71.7,0,3,1
21-01-2022,store_1,item_18,54,57.36,1,4,1
22-01-2022,store_1,item_18,38,71.7,0,5,1
23-01-2022,store_1,item_18,34,71.7,0,6,1
24-01-2022,store_1,item_18,43,71.7,0,0,1
25-01-2022,store_1,item_18,52,71.7,0,1,1
26-01-2022,store_1,item_18,55,71.7,0,2,1
27-01-2022,store_1,item_18,48,71.7,0,3,1
28-01-2022,store_1,item_18,33,71.7,0,4,1
29-01-2022,store_1,item_18,53,57.36,1,5,1
30-01-2022,store_1,item_18,39,71.7,0,6,1
31-01-2022,store_1,item_18,45,71.7,0,0,1
01-01-2023,store_1,item_18,29,71.7,0,6,1
02-01-2023,store_1,item_18,40,71.7,0,0,1
03-01-2023,store_1,item_18,71,57.36,1,1,1
04-01-2023,store_1,item_18,46,71.7,0,2,1
05-01-2023,store_1,item_18,44,71.7,0,3,1
06-01-2023,store_1,item_18,41,71.7,0,4,1
07-01-2023,store_1,item_18,50,57.36,1,5,1
08-01-2023,store_1,item_18,37,71.7,0,6,1
09-01-2023,store_1,item_18,46,71.7,0,0,1
10-01-2023,store_1,item_18,46,71.7,0,1,1
11-01-2023,store_1,item_18,52,71.7,0,2,1
12-01-2023,store_1,item_18,38,71.7,0,3,1
13-01-2023,store_1,item_18,35,71.7,0,4,1
14-01-2023,store_1,item_18,37,71.7,0,5,1
15-01-2023,store_1,item_18,35,71.7,0,6,1
16-01-2023,store_1,item_18,44,71.7,0,0,1
17-01-2023,store_1,item_18,46,71.7,0,1,1
18-01-2023,store_1,item_18,71,57.36,1,2,1
19-01-2023,store_1,item_18,46,71.7,0,3,1
20-01-2023,store_1,item_18,39,71.7,0,4,1
21-01-2023,store_1,item_18,35,71.7,0,5,1
22-01-2023,store_1,item_18,42,71.7,0,6,1
23-01-2023,store_1,item_18,39,71.7,0,0,1
24-01-2023,store_1,item_18,50,71.7,0,1,1
25-01-2023,store_1,item_18,53,71.7,0,2,1
26-01-2023,store_1,item_18,49,71.7,0,3,1
27-01-2023,store_1,item_18,45,71.7,0,4,1
28-01-2023,store_1,item_18,37,71.7,0,5,1
29-01-2023,store_1,item_18,41,71.7,0,6,1
30-01-2023,store_1,item_18,50,71.7,0,0,1
31-01-2023,store_1,item_18,50,71.7,0,1,1
01-01-2019,store_1,item_19,10,40.82,0,1,1
02-01-2019,store_1,item_19,19,32.66,1,2,1
03-01-2019,store_1,item_19,10,40.82,0,3,1
04-01-2019,store_1,item_19,9,40.82,0,4,1
05-01-2019,store_1,item_19,14,40.82,0,5,1
06-01-2019,store_1,item_19,7,40.82,0,6,1
07-01-2019,store_1,item_19,11,40.82,0,0,1
08-01-2019,store_1,item_19,10,40.82,0,1,1
09-01-2019,store_1,item_19,17,32.66,1,2,1
10-01-2019,store_1,item_19,12,40.82,0,3,1
11-01-2019,store_1,item_19,12,40.82,0,4,1
12-01-2019,store_1,item_19,6,40.82,0,5,1
13-01-2019,store_1,item_19,6,40.82,0,6,1
14-01-2019,store_1,item_19,7,40.82,0,0,1
15-01-2019,store_1,item_19,15,40.82,0,1,1
16-01-2019,store_1,item_19,18,40.82,0,2,1
17-01-2019,store_1,item_19,9,40.82,0,3,1
18-01-2019,store_1,item_19,10,40.82,0,4,1
19-01-2019,store_1,item_19,14,40.82,0,5,1
20-01-2019,store_1,item_19,10,40.82,0,6,1
21-01-2019,store_1,item_19,13,40.82,0,0,1
22-01-2019,store_1,item_19,16,40.82,0,1,1
23-01-2019,store_1,item_19,22,32.66,1,2,1
24-01-2019,store_1,item_19,12,40.82,0,3,1
25-01-2019,store_1,item_19,19,32.66,1,4,1
26-01-2019,store_1,item_19,6,40.82,0,5,1
27-01-2019,store_1,item_19,6,40.82,0,6,1
28-01-2019,store_1,item_19,11,40.82,0,0,1
29-01-2019,store_1,item_19,18,40.82,0,1,1
30-01-2019,store_1,item_19,20,40.82,0,2,1
31-01-2019,store_1,item_19,13,40.82,0,3,1
01-01-2020,store_1,item_19,16,40.82,0,2,1
02-01-2020,store_1,item_19,7,40.82,0,3,1
03-01-2020,store_1,item_19,10,40.82,0,4,1
04-01-2020,store_1,item_19,6,40.82,0,5,1
05-01-2020,store_1,item_19,10,40.82,0,6,1
06-01-2020,store_1,item_19,21,32.66,1,0,1
07-01-2020,store_1,item_19,13,40.82,0,1,1
08-01-2020,store_1,item_19,21,40.82,0,2,1
09-01-2020,store_1,item_19,5,40.82,0,3,1
10-01-2020,store_1,item_19,17,32.66,1,4,1
11-01-2020,store_1,item_19,12,40.82,0,5,1
12-01-2020,store_1,item_19,7,40.82,0,6,1
13-01-2020,store_1,item_19,10,40.82,0,0,1
14-01-2020,store_1,item_19,18,40.82,0,1,1
15-01-2020,store_1,item_19,22,40.82,0,2,1
16-01-2020,store_1,item_19,21,40.82,0,3,1
17-01-2020,store_1,item_19,11,40.82,0,4,1
18-01-2020,store_1,item_19,15,40.82,0,5,1
19-01-2020,store_1,item_19,11,40.82,0,6,1
20-01-2020,store_1,item_19,16,40.82,0,0,1
21-01-2020,store_1,item_19,15,40.82,0,1,1
22-01-2020,store_1,item_19,13,40.82,0,2,1
23-01-2020,store_1,item_19,20,40.82,0,3,1
24-01-2020,store_1,item_19,18,40.82,0,4,1
25-01-2020,store_1,item_19,10,40.82,0,5,1
26-01-2020,store_1,item_19,15,40.82,0,6,1
27-01-2020,store_1,item_19,14,40.82,0,0,1
28-01-2020,store_1,item_19,23,40.82,0,1,1
29-01-2020,store_1,item_19,12,40.82,0,2,1
30-01-2020,store_1,item_19,15,40.82,0,3,1
31-01-2020,store_1,item_19,9,40.82,0,4,1
01-01-2021,store_1,item_19,15,40.82,0,4,1
02-01-2021,store_1,item_19,7,40.82,0,5,1
03-01-2021,store_1,item_19,19,40.82,0,6,1
04-01-2021,store_1,item_19,17,40.82,0,0,1
05-01-2021,store_1,item_19,13,40.82,0,1,1
06-01-2021,store_1,item_19,13,40.82,0,2,1
07-01-2021,store_1,item_19,16,40.82,0,3,1
08-01-2021,store_1,item_19,15,40.82,0,4,1
09-01-2021,store_1,item_19,16,40.82,0,5,1
10-01-2021,store_1,item_19,19,32.66,1,6,1
11-01-2021,store_1,item_19,12,40.82,0,0,1
12-01-2021,store_1,item_19,14,40.82,0,1,1
13-01-2021,store_1,item_19,27,32.66,1,2,1
14-01-2021,store_1,item_19,11,40.82,0,3,1
15-01-2021,store_1,item_19,24,32.66,1,4,1
16-01-2021,store_1,item_19,10,40.82,0,5,1
17-01-2021,store_1,item_19,15,40.82,0,6,1
18-01-2021,store_1,item_19,18,40.82,0,0,1
19-01-2021,store_1,item_19,26,40.82,0,1,1
20-01-2021,store_1,item_19,25,32.66,1,2,1
21-01-2021,store_1,item_19,15,40.82,0,3,1
22-01-2021,store_1,item_19,19,32.66,1,4,1
23-01-2021,store_1,item_19,12,40.82,0,5,1
24-01-2021,store_1,item_19,10,40.82,0,6,1
25-01-2021,store_1,item_19,18,40.82,0,0,1
26-01-2021,store_1,item_19,20,40.82,0,1,1
27-01-2021,store_1,item_19,17,40.82,0,2,1
28-01-2021,store_1,item_19,14,40.82,0,3,1
29-01-2021,store_1,item_19,19,32.66,1,4,1
30-01-2021,store_1,item_19,11,40.82,0,5,1
31-01-2021,store_1,item_19,14,40.82,0,6,1
01-01-2022,store_1,item_19,13,40.82,0,5,1
02-01-2022,store_1,item_19,15,40.82,0,6,1
03-01-2022,store_1,item_19,11,40.82,0,0,1
04-01-2022,store_1,item_19,19,40.82,0,1,1
05-01-2022,store_1,item_19,23,32.66,1,2,1
06-01-2022,store_1,item_19,11,40.82,0,3,1
07-01-2022,store_1,item_19,11,40.82,0,4,1
08-01-2022,store_1,item_19,11,40.82,0,5,1
09-01-2022,store_1,item_19,14,32.66,1,6,1
10-01-2022,store_1,item_19,18,40.82,0,0,1
11-01-2022,store_1,item_19,12,40.82,0,1,1
12-01-2022,store_1,item_19,16,40.82,0,2,1
13-01-2022,store_1,item_19,13,40.82,0,3,1
14-01-2022,store_1,item_19,18,40.82,0,4,1
15-01-2022,store_1,item_19,7,40.82,0,5,1
16-01-2022,store_1,item_19,15,40.82,0,6,1
17-01-2022,store_1,item_19,16,40.82,0,0,1
18-01-2022,store_1,item_19,14,40.82,0,1,1
19-01-2022,store_1,item_19,17,40.82,0,2,1
20-01-2022,store_1,item_19,16,40.82,0,3,1
21-01-2022,store_1,item_19,16,40.82,0,4,1
22-01-2022,store_1,item_19,10,40.82,0,5,1
23-01-2022,store_1,item_19,15,40.82,0,6,1
24-01-2022,store_1,item_19,16,40.82,0,0,1
25-01-2022,store_1,item_19,19,40.82,0,1,1
26-01-2022,store_1,item_19,16,40.82,0,2,1
27-01-2022,store_1,item_19,16,40.82,0,3,1
28-01-2022,store_1,item_19,15,40.82,0,4,1
29-01-2022,store_1,item_19,13,40.82,0,5,1
30-01-2022,store_1,item_19,20,32.66,1,6,1
31-01-2022,store_1,item_19,22,40.82,0,0,1
01-01-2023,store_1,item_19,10,40.82,0,6,1
02-01-2023,store_1,item_19,19,40.82,0,0,1
03-01-2023,store_1,item_19,17,40.82,0,1,1
04-01-2023,store_1,item_19,21,40.82,0,2,1
05-01-2023,store_1,item_19,15,40.82,0,3,1
06-01-2023,store_1,item_19,11,40.82,0,4,1
07-01-2023,store_1,item_19,12,40.82,0,5,1
08-01-2023,store_1,item_19,20,40.82,0,6,1
09-01-2023,store_1,item_19,11,40.82,0,0,1
10-01-2023,store_1,item_19,20,40.82,0,1,1
11-01-2023,store_1,item_19,28,32.66,1,2,1
12-01-2023,store_1,item_19,18,40.82,0,3,1
13-01-2023,store_1,item_19,10,40.82,0,4,1
14-01-2023,store_1,item_19,14,40.82,0,5,1
15-01-2023,store_1,item_19,21,32.66,1,6,1
16-01-2023,store_1,item_19,11,40.82,0,0,1
17-01-2023,store_1,item_19,19,40.82,0,1,1
18-01-2023,store_1,item_19,18,40.82,0,2,1
19-01-2023,store_1,item_19,16,40.82,0,3,1
20-01-2023,store_1,item_19,14,40.82,0,4,1
21-01-2023,store_1,item_19,16,40.82,0,5,1
22-01-2023,store_1,item_19,15,40.82,0,6,1
23-01-2023,store_1,item_19,13,40.82,0,0,1
24-01-2023,store_1,item_19,20,40.82,0,1,1
25-01-2023,store_1,item_19,19,40.82,0,2,1
26-01-2023,store_1,item_19,16,40.82,0,3,1
27-01-2023,store_1,item_19,11,40.82,0,4,1
28-01-2023,store_1,item_19,16,40.82,0,5,1
29-01-2023,store_1,item_19,19,32.66,1,6,1
30-01-2023,store_1,item_19,19,40.82,0,0,1
31-01-2023,store_1,item_19,16,40.82,0,1,1
