backend/uploads/2019-01_actual.csv
Date,Store,Product,Demand,price,promo,weekday,month
01-01-2019,store_1,item_20,45,15.24,0,1,1
02-01-2019,store_1,item_20,44,15.24,0,2,1
03-01-2019,store_1,item_20,61,12.2,1,3,1
04-01-2019,store_1,item_20,37,15.24,0,4,1
05-01-2019,store_1,item_20,35,15.24,0,5,1
06-01-2019,store_1,item_20,32,15.24,0,6,1
07-01-2019,store_1,item_20,56,12.2,1,0,1
08-01-2019,store_1,item_20,50,15.24,0,1,1
09-01-2019,store_1,item_20,47,15.24,0,2,1
10-01-2019,store_1,item_20,44,15.24,0,3,1
11-01-2019,store_1,item_20,35,15.24,0,4,1
12-01-2019,store_1,item_20,47,12.2,1,5,1
13-01-2019,store_1,item_20,32,15.24,0,6,1
14-01-2019,store_1,item_20,43,15.24,0,0,1
15-01-2019,store_1,item_20,51,15.24,0,1,1
16-01-2019,store_1,item_20,72,12.2,1,2,1
17-01-2019,store_1,item_20,43,15.24,0,3,1
18-01-2019,store_1,item_20,41,15.24,0,4,1
19-01-2019,store_1,item_20,39,15.24,0,5,1
20-01-2019,store_1,item_20,37,15.24,0,6,1
21-01-2019,store_1,item_20,43,15.24,0,0,1
22-01-2019,store_1,item_20,54,15.24,0,1,1
23-01-2019,store_1,item_20,51,15.24,0,2,1
24-01-2019,store_1,item_20,47,15.24,0,3,1
25-01-2019,store_1,item_20,37,15.24,0,4,1
26-01-2019,store_1,item_20,36,15.24,0,5,1
27-01-2019,store_1,item_20,34,15.24,0,6,1
28-01-2019,store_1,item_20,42,15.24,0,0,1
29-01-2019,store_1,item_20,49,15.24,0,1,1
30-01-2019,store_1,item_20,54,15.24,0,2,1
31-01-2019,store_1,item_20,46,15.24,0,3,1
01-01-2020,store_1,item_20,55,15.24,0,2,1
02-01-2020,store_1,item_20,44,15.24,0,3,1
03-01-2020,store_1,item_20,35,15.24,0,4,1
04-01-2020,store_1,item_20,39,15.24,0,5,1
05-01-2020,store_1,item_20,38,15.24,0,6,1
06-01-2020,store_1,item_20,40,15.24,0,0,1
07-01-2020,store_1,item_20,46,15.24,0,1,1
08-01-2020,store_1,item_20,53,15.24,0,2,1
09-01-2020,store_1,item_20,43,15.24,0,3,1
10-01-2020,store_1,item_20,37,15.24,0,4,1
11-01-2020,store_1,item_20,35,15.24,0,5,1
12-01-2020,store_1,item_20,34,15.24,0,6,1
13-01-2020,store_1,item_20,40,15.24,0,0,1
14-01-2020,store_1,item_20,51,15.24,0,1,1
15-01-2020,store_1,item_20,52,15.24,0,2,1
16-01-2020,store_1,item_20,48,15.24,0,3,1
17-01-2020,store_1,item_20,34,15.24,0,4,1
18-01-2020,store_1,item_20,39,15.24,0,5,1
19-01-2020,store_1,item_20,31,15.24,0,6,1
20-01-2020,store_1,item_20,45,15.24,0,0,1
21-01-2020,store_1,item_20,58,15.24,0,1,1
22-01-2020,store_1,item_20,56,15.24,0,2,1
23-01-2020,store_1,item_20,48,15.24,0,3,1
24-01-2020,store_1,item_20,39,15.24,0,4,1
25-01-2020,store_1,item_20,54,12.2,1,5,1
26-01-2020,store_1,item_20,42,15.24,0,6,1
27-01-2020,store_1,item_20,70,12.2,1,0,1
28-01-2020,store_1,item_20,53,15.24,0,1,1
29-01-2020,store_1,item_20,58,15.24,0,2,1
30-01-2020,store_1,item_20,46,15.24,0,3,1
31-01-2020,store_1,item_20,62,12.2,1,4,1
01-01-2021,store_1,item_20,38,15.24,0,4,1
02-01-2021,store_1,item_20,33,15.24,0,5,1
03-01-2021,store_1,item_20,33,15.24,0,6,1
04-01-2021,store_1,item_20,49,15.24,0,0,1
05-01-2021,store_1,item_20,52,15.24,0,1,1
06-01-2021,store_1,item_20,55,15.24,0,2,1
07-01-2021,store_1,item_20,48,15.24,0,3,1
08-01-2021,store_1,item_20,44,15.24,0,4,1
09-01-2021,store_1,item_20,33,15.24,0,5,1
10-01-2021,store_1,item_20,59,12.2,1,6,1
11-01-2021,store_1,item_20,41,15.24,0,0,1
12-01-2021,store_1,item_20,52,15.24,0,1,1
13-01-2021,store_1,item_20,54,15.24,0,2,1
14-01-2021,store_1,item_20,50,15.24,0,3,1
15-01-2021,store_1,item_20,42,15.24,0,4,1
16-01-2021,store_1,item_20,30,15.24,0,5,1
17-01-2021,store_1,item_20,38,15.24,0,6,1
18-01-2021,store_1,item_20,69,12.2,1,0,1
19-01-2021,store_1,item_20,79,12.2,1,1,1
20-01-2021,store_1,item_20,51,15.24,0,2,1
21-01-2021,store_1,item_20,50,15.24,0,3,1
22-01-2021,store_1,item_20,45,15.24,0,4,1
23-01-2021,store_1,item_20,43,15.24,0,5,1
24-01-2021,store_1,item_20,40,15.24,0,6,1
25-01-2021,store_1,item_20,47,15.24,0,0,1
26-01-2021,store_1,item_20,53,15.24,0,1,1
27-01-2021,store_1,item_20,62,15.24,0,2,1
28-01-2021,store_1,item_20,50,15.24,0,3,1
29-01-2021,store_1,item_20,43,15.24,0,4,1
30-01-2021,store_1,item_20,41,15.24,0,5,1
31-01-2021,store_1,item_20,65,12.2,1,6,1
01-01-2022,store_1,item_20,39,15.24,0,5,1
02-01-2022,store_1,item_20,37,15.24,0,6,1
03-01-2022,store_1,item_20,42,15.24,0,0,1
04-01-2022,store_1,item_20,52,15.24,0,1,1
05-01-2022,store_1,item_20,56,15.24,0,2,1
06-01-2022,store_1,item_20,47,15.24,0,3,1
07-01-2022,store_1,item_20,46,15.24,0,4,1
08-01-2022,store_1,item_20,40,15.24,0,5,1
09-01-2022,store_1,item_20,41,15.24,0,6,1
10-01-2022,store_1,item_20,46,15.24,0,0,1
11-01-2022,store_1,item_20,57,15.24,0,1,1
12-01-2022,store_1,item_20,60,15.24,0,2,1
13-01-2022,store_1,item_20,50,15.24,0,3,1
14-01-2022,store_1,item_20,44,15.24,0,4,1
15-01-2022,store_1,item_20,38,15.24,0,5,1
16-01-2022,store_1,item_20,40,15.24,0,6,1
17-01-2022,store_1,item_20,53,15.24,0,0,1
18-01-2022,store_1,item_20,60,15.24,0,1,1
19-01-2022,store_1,item_20,61,15.24,0,2,1
20-01-2022,store_1,item_20,55,15.24,0,3,1
21-01-2022,store_1,item_20,45,15.24,0,4,1
22-01-2022,store_1,item_20,59,12.2,1,5,1
23-01-2022,store_1,item_20,43,15.24,0,6,1
24-01-2022,store_1,item_20,45,15.24,0,0,1
25-01-2022,store_1,item_20,61,15.24,0,1,1
26-01-2022,store_1,item_20,63,15.24,0,2,1
27-01-2022,store_1,item_20,52,15.24,0,3,1
28-01-2022,store_1,item_20,42,15.24,0,4,1
29-01-2022,store_1,item_20,43,15.24,0,5,1
30-01-2022,store_1,item_20,39,15.24,0,6,1
31-01-2022,store_1,item_20,78,12.2,1,0,1
01-01-2023,store_1,item_20,39,15.24,0,6,1
02-01-2023,store_1,item_20,45,15.24,0,0,1
03-01-2023,store_1,item_20,56,15.24,0,1,1
04-01-2023,store_1,item_20,60,15.24,0,2,1
05-01-2023,store_1,item_20,50,15.24,0,3,1
06-01-2023,store_1,item_20,46,15.24,0,4,1
07-01-2023,store_1,item_20,38,15.24,0,5,1
08-01-2023,store_1,item_20,36,15.24,0,6,1
09-01-2023,store_1,item_20,47,15.24,0,0,1
10-01-2023,store_1,item_20,57,15.24,0,1,1
11-01-2023,store_1,item_20,60,15.24,0,2,1
12-01-2023,store_1,item_20,56,15.24,0,3,1
13-01-2023,store_1,item_20,73,12.2,1,4,1
14-01-2023,store_1,item_20,40,15.24,0,5,1
15-01-2023,store_1,item_20,38,15.24,0,6,1
16-01-2023,store_1,item_20,51,15.24,0,0,1
17-01-2023,store_1,item_20,57,15.24,0,1,1
18-01-2023,store_1,item_20,88,12.2,1,2,1
19-01-2023,store_1,item_20,56,15.24,0,3,1
20-01-2023,store_1,item_20,49,15.24,0,4,1
21-01-2023,store_1,item_20,43,15.24,0,5,1
22-01-2023,store_1,item_20,41,15.24,0,6,1
23-01-2023,store_1,item_20,56,15.24,0,0,1
24-01-2023,store_1,item_20,62,15.24,0,1,1
25-01-2023,store_1,item_20,68,15.24,0,2,1
26-01-2023,store_1,item_20,92,12.2,1,3,1
27-01-2023,store_1,item_20,50,15.24,0,4,1
28-01-2023,store_1,item_20,47,15.24,0,5,1
29-01-2023,store_1,item_20,47,15.24,0,6,1
30-01-2023,store_1,item_20,49,15.24,0,0,1
31-01-2023,store_1,item_20,55,15.24,0,1,1
01-01-2019,store_1,item_21,33,27.45,0,1,1
02-01-2019,store_1,item_21,36,27.45,0,2,1
03-01-2019,store_1,item_21,33,27.45,0,3,1
04-01-2019,store_1,item_21,21,27.45,0,4,1
05-01-2019,store_1,item_21,26,27.45,0,5,1
06-01-2019,store_1,item_21,29,27.45,0,6,1
07-01-2019,store_1,item_21,39,27.45,0,0,1
08-01-2019,store_1,item_21,59,21.96,1,1,1
09-01-2019,store_1,item_21,36,27.45,0,2,1
10-01-2019,store_1,item_21,35,27.45,0,3,1
11-01-2019,store_1,item_21,36,27.45,0,4,1
12-01-2019,store_1,item_21,28,27.45,0,5,1
13-01-2019,store_1,item_21,32,27.45,0,6,1
14-01-2019,store_1,item_21,32,27.45,0,0,1
15-01-2019,store_1,item_21,58,21.96,1,1,1
16-01-2019,store_1,item_21,41,27.45,0,2,1
17-01-2019,store_1,item_21,40,27.45,0,3,1
18-01-2019,store_1,item_21,30,27.45,0,4,1
19-01-2019,store_1,item_21,30,27.45,0,5,1
20-01-2019,store_1,item_21,29,27.45,0,6,1
21-01-2019,store_1,item_21,31,27.45,0,0,1
22-01-2019,store_1,item_21,41,27.45,0,1,1
23-01-2019,store_1,item_21,45,27.45,0,2,1
24-01-2019,store_1,item_21,39,27.45,0,3,1
25-01-2019,store_1,item_21,32,27.45,0,4,1
26-01-2019,store_1,item_21,33,27.45,0,5,1
27-01-2019,store_1,item_21,31,27.45,0,6,1
28-01-2019,store_1,item_21,32,27.45,0,0,1
29-01-2019,store_1,item_21,41,27.45,0,1,1
30-01-2019,store_1,item_21,44,27.45,0,2,1
31-01-2019,store_1,item_21,60,21.96,1,3,1
01-01-2020,store_1,item_21,35,27.45,0,2,1
02-01-2020,store_1,item_21,42,27.45,0,3,1
03-01-2020,store_1,item_21,33,27.45,0,4,1
04-01-2020,store_1,item_21,25,27.45,0,5,1
05-01-2020,store_1,item_21,30,27.45,0,6,1
06-01-2020,store_1,item_21,31,27.45,0,0,1
07-01-2020,store_1,item_21,41,27.45,0,1,1
08-01-2020,store_1,item_21,44,27.45,0,2,1
09-01-2020,store_1,item_21,41,27.45,0,3,1
10-01-2020,store_1,item_21,34,27.45,0,4,1
11-01-2020,store_1,item_21,28,27.45,0,5,1
12-01-2020,store_1,item_21,33,27.45,0,6,1
13-01-2020,store_1,item_21,34,27.45,0,0,1
14-01-2020,store_1,item_21,42,27.45,0,1,1
15-01-2020,store_1,item_21,41,27.45,0,2,1
16-01-2020,store_1,item_21,40,27.45,0,3,1
17-01-2020,store_1,item_21,38,27.45,0,4,1
18-01-2020,store_1,item_21,32,27.45,0,5,1
19-01-2020,store_1,item_21,34,27.45,0,6,1
20-01-2020,store_1,item_21,40,27.45,0,0,1
21-01-2020,store_1,item_21,43,27.45,0,1,1
22-01-2020,store_1,item_21,42,27.45,0,2,1
23-01-2020,store_1,item_21,35,27.45,0,3,1
24-01-2020,store_1,item_21,31,27.45,0,4,1
25-01-2020,store_1,item_21,46,21.96,1,5,1
26-01-2020,store_1,item_21,26,27.45,0,6,1
27-01-2020,store_1,item_21,39,27.45,0,0,1
28-01-2020,store_1,item_21,46,27.45,0,1,1
29-01-2020,store_1,item_21,41,27.45,0,2,1
30-01-2020,store_1,item_21,44,27.45,0,3,1
31-01-2020,store_1,item_21,34,27.45,0,4,1
01-01-2021,store_1,item_21,34,27.45,0,4,1
02-01-2021,store_1,item_21,28,27.45,0,5,1
03-01-2021,store_1,item_21,35,27.45,0,6,1
04-01-2021,store_1,item_21,55,21.96,1,0,1
05-01-2021,store_1,item_21,43,27.45,0,1,1
06-01-2021,store_1,item_21,41,27.45,0,2,1
07-01-2021,store_1,item_21,44,27.45,0,3,1
08-01-2021,store_1,item_21,35,27.45,0,4,1
09-01-2021,store_1,item_21,34,27.45,0,5,1
10-01-2021,store_1,item_21,31,27.45,0,6,1
11-01-2021,store_1,item_21,37,27.45,0,0,1
12-01-2021,store_1,item_21,39,27.45,0,1,1
13-01-2021,store_1,item_21,51,27.45,0,2,1
14-01-2021,store_1,item_21,42,27.45,0,3,1
15-01-2021,store_1,item_21,40,27.45,0,4,1
16-01-2021,store_1,item_21,30,27.45,0,5,1
17-01-2021,store_1,item_21,34,27.45,0,6,1
18-01-2021,store_1,item_21,42,27.45,0,0,1
19-01-2021,store_1,item_21,46,27.45,0,1,1
20-01-2021,store_1,item_21,46,27.45,0,2,1
21-01-2021,store_1,item_21,41,27.45,0,3,1
22-01-2021,store_1,item_21,35,27.45,0,4,1
23-01-2021,store_1,item_21,40,27.45,0,5,1
24-01-2021,store_1,item_21,32,27.45,0,6,1
25-01-2021,store_1,item_21,34,27.45,0,0,1
26-01-2021,store_1,item_21,46,27.45,0,1,1
27-01-2021,store_1,item_21,48,27.45,0,2,1
28-01-2021,store_1,item_21,43,27.45,0,3,1
29-01-2021,store_1,item_21,35,27.45,0,4,1
30-01-2021,store_1,item_21,32,27.45,0,5,1
31-01-2021,store_1,item_21,31,27.45,0,6,1
01-01-2022,store_1,item_21,32,27.45,0,5,1
02-01-2022,store_1,item_21,34,27.45,0,6,1
03-01-2022,store_1,item_21,38,27.45,0,0,1
04-01-2022,store_1,item_21,42,27.45,0,1,1
05-01-2022,store_1,item_21,45,27.45,0,2,1
06-01-2022,store_1,item_21,38,27.45,0,3,1
07-01-2022,store_1,item_21,32,27.45,0,4,1
08-01-2022,store_1,item_21,34,27.45,0,5,1
09-01-2022,store_1,item_21,34,27.45,0,6,1
10-01-2022,store_1,item_21,40,27.45,0,0,1
11-01-2022,store_1,item_21,43,27.45,0,1,1
12-01-2022,store_1,item_21,51,27.45,0,2,1
13-01-2022,store_1,item_21,42,27.45,0,3,1
14-01-2022,store_1,item_21,37,27.45,0,4,1
15-01-2022,store_1,item_21,36,27.45,0,5,1
16-01-2022,store_1,item_21,32,27.45,0,6,1
17-01-2022,store_1,item_21,39,27.45,0,0,1
18-01-2022,store_1,item_21,50,27.45,0,1,1
19-01-2022,store_1,item_21,51,27.45,0,2,1
20-01-2022,store_1,item_21,46,27.45,0,3,1
21-01-2022,store_1,item_21,31,27.45,0,4,1
22-01-2022,store_1,item_21,37,27.45,0,5,1
23-01-2022,store_1,item_21,33,27.45,0,6,1
24-01-2022,store_1,item_21,40,27.45,0,0,1
25-01-2022,store_1,item_21,48,27.45,0,1,1
26-01-2022,store_1,item_21,47,27.45,0,2,1
27-01-2022,store_1,item_21,50,27.45,0,3,1
28-01-2022,store_1,item_21,59,21.96,1,4,1
29-01-2022,store_1,item_21,36,27.45,0,5,1
30-01-2022,store_1,item_21,34,27.45,0,6,1
31-01-2022,store_1,item_21,46,27.45,0,0,1
01-01-2023,store_1,item_21,33,27.45,0,6,1
02-01-2023,store_1,item_21,43,27.45,0,0,1
03-01-2023,store_1,item_21,47,27.45,0,1,1
04-01-2023,store_1,item_21,57,27.45,0,2,1
05-01-2023,store_1,item_21,47,27.45,0,3,1
06-01-2023,store_1,item_21,36,27.45,0,4,1
07-01-2023,store_1,item_21,28,27.45,0,5,1
08-01-2023,store_1,item_21,32,27.45,0,6,1
09-01-2023,store_1,item_21,38,27.45,0,0,1
10-01-2023,store_1,item_21,46,27.45,0,1,1
11-01-2023,store_1,item_21,49,27.45,0,2,1
12-01-2023,store_1,item_21,46,27.45,0,3,1
13-01-2023,store_1,item_21,42,27.45,0,4,1
14-01-2023,store_1,item_21,31,27.45,0,5,1
15-01-2023,store_1,item_21,31,27.45,0,6,1
16-01-2023,store_1,item_21,45,27.45,0,0,1
17-01-2023,store_1,item_21,53,27.45,0,1,1
18-01-2023,store_1,item_21,50,27.45,0,2,1
19-01-2023,store_1,item_21,50,27.45,0,3,1
20-01-2023,store_1,item_21,42,27.45,0,4,1
21-01-2023,store_1,item_21,30,27.45,0,5,1
22-01-2023,store_1,item_21,35,27.45,0,6,1
23-01-2023,store_1,item_21,42,27.45,0,0,1
24-01-2023,store_1,item_21,57,27.45,0,1,1
25-01-2023,store_1,item_21,54,27.45,0,2,1
26-01-2023,store_1,item_21,47,27.45,0,3,1
27-01-2023,store_1,item_21,39,27.45,0,4,1
28-01-2023,store_1,item_21,31,27.45,0,5,1
29-01-2023,store_1,item_21,41,27.45,0,6,1
30-01-2023,store_1,item_21,69,21.96,1,0,1
31-01-2023,store_1,item_21,54,27.45,0,1,1
