backend/uploads/2019-01_actual.csv
Date,Store,Product,Demand,price,promo,weekday,month
01-01-2019,store_1,item_22,27,38.07,1,1,1
02-01-2019,store_1,item_22,21,47.59,0,2,1
03-01-2019,store_1,item_22,16,47.59,0,3,1
04-01-2019,store_1,item_22,15,47.59,0,4,1
05-01-2019,store_1,item_22,12,47.59,0,5,1
06-01-2019,store_1,item_22,11,47.59,0,6,1
07-01-2019,store_1,item_22,15,47.59,0,0,1
08-01-2019,store_1,item_22,27,38.07,1,1,1
09-01-2019,store_1,item_22,21,47.59,0,2,1
10-01-2019,store_1,item_22,29,38.07,1,3,1
11-01-2019,store_1,item_22,15,47.59,0,4,1
12-01-2019,store_1,item_22,11,47.59,0,5,1
13-01-2019,store_1,item_22,7,47.59,0,6,1
14-01-2019,store_1,item_22,13,47.59,0,0,1
15-01-2019,store_1,item_22,20,47.59,0,1,1
16-01-2019,store_1,item_22,18,47.59,0,2,1
17-01-2019,store_1,item_22,17,47.59,0,3,1
18-01-2019,store_1,item_22,18,38.07,1,4,1
19-01-2019,store_1,item_22,12,47.59,0,5,1
20-01-2019,store_1,item_22,16,47.59,0,6,1
21-01-2019,store_1,item_22,11,47.59,0,0,1
22-01-2019,store_1,item_22,8,47.59,0,1,1
23-01-2019,store_1,item_22,16,47.59,0,2,1
24-01-2019,store_1,item_22,19,47.59,0,3,1
25-01-2019,store_1,item_22,13,47.59,0,4,1
26-01-2019,store_1,item_22,16,47.59,0,5,1
27-01-2019,store_1,item_22,17,47.59,0,6,1
28-01-2019,store_1,item_22,13,47.59,0,0,1
29-01-2019,store_1,item_22,23,47.59,0,1,1
30-01-2019,store_1,item_22,24,47.59,0,2,1
31-01-2019,store_1,item_22,20,47.59,0,3,1
01-01-2020,store_1,item_22,22,47.59,0,2,1
02-01-2020,store_1,item_22,20,47.59,0,3,1
03-01-2020,store_1,item_22,20,38.07,1,4,1
04-01-2020,store_1,item_22,11,47.59,0,5,1
05-01-2020,store_1,item_22,12,47.59,0,6,1
06-01-2020,store_1,item_22,22,47.59,0,0,1
07-01-2020,store_1,item_22,18,47.59,0,1,1
08-01-2020,store_1,item_22,19,47.59,0,2,1
09-01-2020,store_1,item_22,14,47.59,0,3,1
10-01-2020,store_1,item_22,19,38.07,1,4,1
11-01-2020,store_1,item_22,14,47.59,0,5,1
12-01-2020,store_1,item_22,18,47.59,0,6,1
13-01-2020,store_1,item_22,17,47.59,0,0,1
14-01-2020,store_1,item_22,20,47.59,0,1,1
15-01-2020,store_1,item_22,26,47.59,0,2,1
16-01-2020,store_1,item_22,19,47.59,0,3,1
17-01-2020,store_1,item_22,16,47.59,0,4,1
18-01-2020,store_1,item_22,17,47.59,0,5,1
19-01-2020,store_1,item_22,17,47.59,0,6,1
20-01-2020,store_1,item_22,16,47.59,0,0,1
21-01-2020,store_1,item_22,30,38.07,1,1,1
22-01-2020,store_1,item_22,23,47.59,0,2,1
23-01-2020,store_1,item_22,20,47.59,0,3,1
24-01-2020,store_1,item_22,29,38.07,1,4,1
25-01-2020,store_1,item_22,14,47.59,0,5,1
26-01-2020,store_1,item_22,17,47.59,0,6,1
27-01-2020,store_1,item_22,20,47.59,0,0,1
28-01-2020,store_1,item_22,22,47.59,0,1,1
29-01-2020,store_1,item_22,20,47.59,0,2,1
30-01-2020,store_1,item_22,30,38.07,1,3,1
31-01-2020,store_1,item_22,17,47.59,0,4,1
01-01-2021,store_1,item_22,14,47.59,0,4,1
02-01-2021,store_1,item_22,5,47.59,0,5,1
03-01-2021,store_1,item_22,11,47.59,0,6,1
04-01-2021,store_1,item_22,18,47.59,0,0,1
05-01-2021,store_1,item_22,20,47.59,0,1,1
06-01-2021,store_1,item_22,30,38.07,1,2,1
07-01-2021,store_1,item_22,19,47.59,0,3,1
08-01-2021,store_1,item_22,13,47.59,0,4,1
09-01-2021,store_1,item_22,10,47.59,0,5,1
10-01-2021,store_1,item_22,9,47.59,0,6,1
11-01-2021,store_1,item_22,18,47.59,0,0,1
12-01-2021,store_1,item_22,24,47.59,0,1,1
13-01-2021,store_1,item_22,24,47.59,0,2,1
14-01-2021,store_1,item_22,23,47.59,0,3,1
15-01-2021,store_1,item_22,11,47.59,0,4,1
16-01-2021,store_1,item_22,13,47.59,0,5,1
17-01-2021,store_1,item_22,17,47.59,0,6,1
18-01-2021,store_1,item_22,19,47.59,0,0,1
19-01-2021,store_1,item_22,20,47.59,0,1,1
20-01-2021,store_1,item_22,25,47.59,0,2,1
21-01-2021,store_1,item_22,26,47.59,0,3,1
22-01-2021,store_1,item_22,12,47.59,0,4,1
23-01-2021,store_1,item_22,20,47.59,0,5,1
24-01-2021,store_1,item_22,15,47.59,0,6,1
25-01-2021,store_1,item_22,20,47.59,0,0,1
26-01-2021,store_1,item_22,22,47.59,0,1,1
27-01-2021,store_1,item_22,20,47.59,0,2,1
28-01-2021,store_1,item_22,22,47.59,0,3,1
29-01-2021,store_1,item_22,19,47.59,0,4,1
30-01-2021,store_1,item_22,14,47.59,0,5,1
31-01-2021,store_1,item_22,10,47.59,0,6,1
01-01-2022,store_1,item_22,16,47.59,0,5,1
02-01-2022,store_1,item_22,9,47.59,0,6,1
03-01-2022,store_1,item_22,25,47.59,0,0,1
04-01-2022,store_1,item_22,31,38.07,1,1,1
05-01-2022,store_1,item_22,21,47.59,0,2,1
06-01-2022,store_1,item_22,27,38.07,1,3,1
07-01-2022,store_1,item_22,13,47.59,0,4,1
08-01-2022,store_1,item_22,18,47.59,0,5,1
09-01-2022,store_1,item_22,17,47.59,0,6,1
10-01-2022,store_1,item_22,19,47.59,0,0,1
11-01-2022,store_1,item_22,22,47.59,0,1,1
12-01-2022,store_1,item_22,24,47.59,0,2,1
13-01-2022,store_1,item_22,33,38.07,1,3,1
14-01-2022,store_1,item_22,16,47.59,0,4,1
15-01-2022,store_1,item_22,17,47.59,0,5,1
16-01-2022,store_1,item_22,16,47.59,0,6,1
17-01-2022,store_1,item_22,16,47.59,0,0,1
18-01-2022,store_1,item_22,36,38.07,1,1,1
19-01-2022,store_1,item_22,20,47.59,0,2,1
20-01-2022,store_1,item_22,29,38.07,1,3,1
21-01-2022,store_1,item_22,21,47.59,0,4,1
22-01-2022,store_1,item_22,14,47.59,0,5,1
23-01-2022,store_1,item_22,14,47.59,0,6,1
24-01-2022,store_1,item_22,18,47.59,0,0,1
25-01-2022,store_1,item_22,21,47.59,0,1,1
26-01-2022,store_1,item_22,31,47.59,0,2,1
27-01-2022,store_1,item_22,22,47.59,0,3,1
28-01-2022,store_1,item_22,21,47.59,0,4,1
29-01-2022,store_1,item_22,20,47.59,0,5,1
30-01-2022,store_1,item_22,18,47.59,0,6,1
31-01-2022,store_1,item_22,24,47.59,0,0,1
01-01-2023,store_1,item_22,11,47.59,0,6,1
02-01-2023,store_1,item_22,17,47.59,0,0,1
03-01-2023,store_1,item_22,25,47.59,0,1,1
04-01-2023,store_1,item_22,25,47.59,0,2,1
05-01-2023,store_1,item_22,19,47.59,0,3,1
06-01-2023,store_1,item_22,19,47.59,0,4,1
07-01-2023,store_1,item_22,25,38.07,1,5,1
08-01-2023,store_1,item_22,18,47.59,0,6,1
09-01-2023,store_1,item_22,21,47.59,0,0,1
10-01-2023,store_1,item_22,20,47.59,0,1,1
11-01-2023,store_1,item_22,25,47.59,0,2,1
12-01-2023,store_1,item_22,20,47.59,0,3,1
13-01-2023,store_1,item_22,18,47.59,0,4,1
14-01-2023,store_1,item_22,18,47.59,0,5,1
15-01-2023,store_1,item_22,21,47.59,0,6,1
16-01-2023,store_1,item_22,19,47.59,0,0,1
17-01-2023,store_1,item_22,25,47.59,0,1,1
18-01-2023,store_1,item_22,23,47.59,0,2,1
19-01-2023,store_1,item_22,16,47.59,0,3,1
20-01-2023,store_1,item_22,23,47.59,0,4,1
21-01-2023,store_1,item_22,18,47.59,0,5,1
22-01-2023,store_1,item_22,15,47.59,0,6,1
23-01-2023,store_1,item_22,22,47.59,0,0,1
24-01-2023,store_1,item_22,27,47.59,0,1,1
25-01-2023,store_1,item_22,23,47.59,0,2,1
26-01-2023,store_1,item_22,23,47.59,0,3,1
27-01-2023,store_1,item_22,20,47.59,0,4,1
28-01-2023,store_1,item_22,22,38.07,1,5,1
29-01-2023,store_1,item_22,16,47.59,0,6,1
30-01-2023,store_1,item_22,22,47.59,0,0,1
31-01-2023,store_1,item_22,38,38.07,1,1,1
01-01-2019,store_1,item_23,13,46.82,0,1,1
02-01-2019,store_1,item_23,12,46.82,0,2,1
03-01-2019,store_1,item_23,6,46.82,0,3,1
04-01-2019,store_1,item_23,7,46.82,0,4,1
05-01-2019,store_1,item_23,10,46.82,0,5,1
06-01-2019,store_1,item_23,10,46.82,0,6,1
07-01-2019,store_1,item_23,12,46.82,0,0,1
08-01-2019,store_1,item_23,11,46.82,0,1,1
09-01-2019,store_1,item_23,10,46.82,0,2,1
10-01-2019,store_1,item_23,7,46.82,0,3,1
11-01-2019,store_1,item_23,12,46.82,0,4,1
12-01-2019,store_1,item_23,14,46.82,0,5,1
13-01-2019,store_1,item_23,10,46.82,0,6,1
14-01-2019,store_1,item_23,13,46.82,0,0,1
15-01-2019,store_1,item_23,10,46.82,0,1,1
16-01-2019,store_1,item_23,12,46.82,0,2,1
17-01-2019,store_1,item_23,11,46.82,0,3,1
18-01-2019,store_1,item_23,11,46.82,0,4,1
19-01-2019,store_1,item_23,9,46.82,0,5,1
20-01-2019,store_1,item_23,17,46.82,0,6,1
21-01-2019,store_1,item_23,13,46.82,0,0,1
22-01-2019,store_1,item_23,16,46.82,0,1,1
23-01-2019,store_1,item_23,14,46.82,0,2,1
24-01-2019,store_1,item_23,5,46.82,0,3,1
25-01-2019,store_1,item_23,11,46.82,0,4,1
26-01-2019,store_1,item_23,12,46.82,0,5,1
27-01-2019,store_1,item_23,13,46.82,0,6,1
28-01-2019,store_1,item_23,11,46.82,0,0,1
29-01-2019,store_1,item_23,9,46.82,0,1,1
30-01-2019,store_1,item_23,12,46.82,0,2,1
31-01-2019,store_1,item_23,8,46.82,0,3,1
01-01-2020,store_1,item_23,13,46.82,0,2,1
02-01-2020,store_1,item_23,11,37.46,1,3,1
03-01-2020,store_1,item_23,8,46.82,0,4,1
04-01-2020,store_1,item_23,7,46.82,0,5,1
05-01-2020,store_1,item_23,6,46.82,0,6,1
06-01-2020,store_1,item_23,17,37.46,1,0,1
07-01-2020,store_1,item_23,16,46.82,0,1,1
08-01-2020,store_1,item_23,18,46.82,0,2,1
09-01-2020,store_1,item_23,10,46.82,0,3,1
10-01-2020,store_1,item_23,9,46.82,0,4,1
11-01-2020,store_1,item_23,7,46.82,0,5,1
12-01-2020,store_1,item_23,11,46.82,0,6,1
13-01-2020,store_1,item_23,5,46.82,0,0,1
14-01-2020,store_1,item_23,12,46.82,0,1,1
15-01-2020,store_1,item_23,21,37.46,1,2,1
16-01-2020,store_1,item_23,10,46.82,0,3,1
17-01-2020,store_1,item_23,14,37.46,1,4,1
18-01-2020,store_1,item_23,12,46.82,0,5,1
19-01-2020,store_1,item_23,9,46.82,0,6,1
20-01-2020,store_1,item_23,15,46.82,0,0,1
21-01-2020,store_1,item_23,18,46.82,0,1,1
22-01-2020,store_1,item_23,15,46.82,0,2,1
23-01-2020,store_1,item_23,12,46.82,0,3,1
24-01-2020,store_1,item_23,15,46.82,0,4,1
25-01-2020,store_1,item_23,6,37.46,1,5,1
26-01-2020,store_1,item_23,5,46.82,0,6,1
27-01-2020,store_1,item_23,14,46.82,0,0,1
28-01-2020,store_1,item_23,21,46.82,0,1,1
29-01-2020,store_1,item_23,16,46.82,0,2,1
30-01-2020,store_1,item_23,13,46.82,0,3,1
31-01-2020,store_1,item_23,9,46.82,0,4,1
01-01-2021,store_1,item_23,6,46.82,0,4,1
02-01-2021,store_1,item_23,11,46.82,0,5,1
03-01-2021,store_1,item_23,7,46.82,0,6,1
04-01-2021,store_1,item_23,9,46.82,0,0,1
05-01-2021,store_1,item_23,14,46.82,0,1,1
06-01-2021,store_1,item_23,12,46.82,0,2,1
07-01-2021,store_1,item_23,12,46.82,0,3,1
08-01-2021,store_1,item_23,10,46.82,0,4,1
09-01-2021,store_1,item_23,7,46.82,0,5,1
10-01-2021,store_1,item_23,8,46.82,0,6,1
11-01-2021,store_1,item_23,11,46.82,0,0,1
12-01-2021,store_1,item_23,13,46.82,0,1,1
13-01-2021,store_1,item_23,15,46.82,0,2,1
14-01-2021,store_1,item_23,14,46.82,0,3,1
15-01-2021,store_1,item_23,14,46.82,0,4,1
16-01-2021,store_1,item_23,5,46.82,0,5,1
17-01-2021,store_1,item_23,13,46.82,0,6,1
18-01-2021,store_1,item_23,11,46.82,0,0,1
19-01-2021,store_1,item_23,16,46.82,0,1,1
20-01-2021,store_1,item_23,15,46.82,0,2,1
21-01-2021,store_1,item_23,11,46.82,0,3,1
22-01-2021,store_1,item_23,16,46.82,0,4,1
23-01-2021,store_1,item_23,12,46.82,0,5,1
24-01-2021,store_1,item_23,12,46.82,0,6,1
25-01-2021,store_1,item_23,19,46.82,0,0,1
26-01-2021,store_1,item_23,11,46.82,0,1,1
27-01-2021,store_1,item_23,15,46.82,0,2,1
28-01-2021,store_1,item_23,15,46.82,0,3,1
29-01-2021,store_1,item_23,14,37.46,1,4,1
30-01-2021,store_1,item_23,8,46.82,0,5,1
31-01-2021,store_1,item_23,14,46.82,0,6,1
01-01-2022,store_1,item_23,14,46.82,0,5,1
02-01-2022,store_1,item_23,8,46.82,0,6,1
03-01-2022,store_1,item_23,11,46.82,0,0,1
04-01-2022,store_1,item_23,17,46.82,0,1,1
05-01-2022,store_1,item_23,12,46.82,0,2,1
06-01-2022,store_1,item_23,17,37.46,1,3,1
07-01-2022,store_1,item_23,17,46.82,0,4,1
08-01-2022,store_1,item_23,7,46.82,0,5,1
09-01-2022,store_1,item_23,14,46.82,0,6,1
10-01-2022,store_1,item_23,12,46.82,0,0,1
11-01-2022,store_1,item_23,14,46.82,0,1,1
12-01-2022,store_1,item_23,13,46.82,0,2,1
13-01-2022,store_1,item_23,13,46.82,0,3,1
14-01-2022,store_1,item_23,17,46.82,0,4,1
15-01-2022,store_1,item_23,12,46.82,0,5,1
16-01-2022,store_1,item_23,6,46.82,0,6,1
17-01-2022,store_1,item_23,9,46.82,0,0,1
18-01-2022,store_1,item_23,16,46.82,0,1,1
19-01-2022,store_1,item_23,17,46.82,0,2,1
20-01-2022,store_1,item_23,16,46.82,0,3,1
21-01-2022,store_1,item_23,11,46.82,0,4,1
22-01-2022,store_1,item_23,8,46.82,0,5,1
23-01-2022,store_1,item_23,8,46.82,0,6,1
24-01-2022,store_1,item_23,6,46.82,0,0,1
25-01-2022,store_1,item_23,20,46.82,0,1,1
26-01-2022,store_1,item_23,8,46.82,0,2,1
27-01-2022,store_1,item_23,13,46.82,0,3,1
28-01-2022,store_1,item_23,7,46.82,0,4,1
29-01-2022,store_1,item_23,9,46.82,0,5,1
30-01-2022,store_1,item_23,13,46.82,0,6,1
31-01-2022,store_1,item_23,6,46.82,0,0,1
01-01-2023,store_1,item_23,9,46.82,0,6,1
02-01-2023,store_1,item_23,12,46.82,0,0,1
03-01-2023,store_1,item_23,23,46.82,0,1,1
04-01-2023,store_1,item_23,15,46.82,0,2,1
05-01-2023,store_1,item_23,14,46.82,0,3,1
06-01-2023,store_1,item_23,14,46.82,0,4,1
07-01-2023,store_1,item_23,9,46.82,0,5,1
08-01-2023,store_1,item_23,8,46.82,0,6,1
09-01-2023,store_1,item_23,23,37.46,1,0,1
10-01-2023,store_1,item_23,10,46.82,0,1,1
11-01-2023,store_1,item_23,15,46.82,0,2,1
12-01-2023,store_1,item_23,14,46.82,0,3,1
13-01-2023,store_1,item_23,15,37.46,1,4,1
14-01-2023,store_1,item_23,6,46.82,0,5,1
15-01-2023,store_1,item_23,11,46.82,0,6,1
16-01-2023,store_1,item_23,14,46.82,0,0,1
17-01-2023,store_1,item_23,18,46.82,0,1,1
18-01-2023,store_1,item_23,13,46.82,0,2,1
19-01-2023,store_1,item_23,12,46.82,0,3,1
20-01-2023,store_1,item_23,17,46.82,0,4,1
21-01-2023,store_1,item_23,9,46.82,0,5,1
22-01-2023,store_1,item_23,10,46.82,0,6,1
23-01-2023,store_1,item_23,17,46.82,0,0,1
24-01-2023,store_1,item_23,11,46.82,0,1,1
25-01-2023,store_1,item_23,13,46.82,0,2,1
26-01-2023,store_1,item_23,19,46.82,0,3,1
27-01-2023,store_1,item_23,11,46.82,0,4,1
28-01-2023,store_1,item_23,9,46.82,0,5,1
29-01-2023,store_1,item_23,10,46.82,0,6,1
30-01-2023,store_1,item_23,13,46.82,0,0,1
31-01-2023,store_1,item_23,15,46.82,0,1,1
