backend/uploads/2019-01_actual.csv
Date,Store,Product,Demand,price,promo,weekday,month
01-01-2019,store_1,item_24,34,19.06,0,1,1
02-01-2019,store_1,item_24,38,19.06,0,2,1
03-01-2019,store_1,item_24,29,19.06,0,3,1
04-01-2019,store_1,item_24,31,19.06,0,4,1
05-01-2019,store_1,item_24,32,19.06,0,5,1
06-01-2019,store_1,item_24,28,19.06,0,6,1
07-01-2019,store_1,item_24,37,19.06,0,0,1
08-01-2019,store_1,item_24,40,19.06,0,1,1
09-01-2019,store_1,item_24,38,19.06,0,2,1
10-01-2019,store_1,item_24,34,19.06,0,3,1
11-01-2019,store_1,item_24,34,19.06,0,4,1
12-01-2019,store_1,item_24,44,15.25,1,5,1
13-01-2019,store_1,item_24,30,19.06,0,6,1
14-01-2019,store_1,item_24,36,19.06,0,0,1
15-01-2019,store_1,item_24,46,19.06,0,1,1
16-01-2019,store_1,item_24,68,15.25,1,2,1
17-01-2019,store_1,item_24,35,19.06,0,3,1
18-01-2019,store_1,item_24,28,19.06,0,4,1
19-01-2019,store_1,item_24,31,19.06,0,5,1
20-01-2019,store_1,item_24,26,19.06,0,6,1
21-01-2019,store_1,item_24,56,15.25,1,0,1
22-01-2019,store_1,item_24,66,15.25,1,1,1
23-01-2019,store_1,item_24,42,19.06,0,2,1
24-01-2019,store_1,item_24,40,19.06,0,3,1
25-01-2019,store_1,item_24,36,19.06,0,4,1
26-01-2019,store_1,item_24,43,15.25,1,5,1
27-01-2019,store_1,item_24,50,15.25,1,6,1
28-01-2019,store_1,item_24,37,19.06,0,0,1
29-01-2019,store_1,item_24,45,19.06,0,1,1
30-01-2019,store_1,item_24,63,15.25,1,2,1
31-01-2019,store_1,item_24,41,19.06,0,3,1
01-01-2020,store_1,item_24,39,19.06,0,2,1
02-01-2020,store_1,item_24,54,15.25,1,3,1
03-01-2020,store_1,item_24,35,19.06,0,4,1
04-01-2020,store_1,item_24,27,19.06,0,5,1
05-01-2020,store_1,item_24,27,19.06,0,6,1
06-01-2020,store_1,item_24,33,19.06,0,0,1
07-01-2020,store_1,item_24,42,19.06,0,1,1
08-01-2020,store_1,item_24,41,19.06,0,2,1
09-01-2020,store_1,item_24,39,19.06,0,3,1
10-01-2020,store_1,item_24,32,19.06,0,4,1
11-01-2020,store_1,item_24,29,19.06,0,5,1
12-01-2020,store_1,item_24,48,15.25,1,6,1
13-01-2020,store_1,item_24,34,19.06,0,0,1
14-01-2020,store_1,item_24,45,19.06,0,1,1
15-01-2020,store_1,item_24,62,15.25,1,2,1
16-01-2020,store_1,item_24,44,19.06,0,3,1
17-01-2020,store_1,item_24,34,19.06,0,4,1
18-01-2020,store_1,item_24,33,19.06,0,5,1
19-01-2020,store_1,item_24,50,15.25,1,6,1
20-01-2020,store_1,item_24,43,19.06,0,0,1
21-01-2020,store_1,item_24,45,19.06,0,1,1
22-01-2020,store_1,item_24,74,15.25,1,2,1
23-01-2020,store_1,item_24,44,19.06,0,3,1
24-01-2020,store_1,item_24,32,19.06,0,4,1
25-01-2020,store_1,item_24,35,19.06,0,5,1
26-01-2020,store_1,item_24,34,19.06,0,6,1
27-01-2020,store_1,item_24,39,19.06,0,0,1
28-01-2020,store_1,item_24,46,19.06,0,1,1
29-01-2020,store_1,item_24,45,19.06,0,2,1
30-01-2020,store_1,item_24,52,19.06,0,3,1
31-01-2020,store_1,item_24,36,19.06,0,4,1
01-01-2021,store_1,item_24,39,19.06,0,4,1
02-01-2021,store_1,item_24,27,19.06,0,5,1
03-01-2021,store_1,item_24,31,19.06,0,6,1
04-01-2021,store_1,item_24,36,19.06,0,0,1
05-01-2021,store_1,item_24,42,19.06,0,1,1
06-01-2021,store_1,item_24,48,19.06,0,2,1
07-01-2021,store_1,item_24,43,19.06,0,3,1
08-01-2021,store_1,item_24,33,19.06,0,4,1
09-01-2021,store_1,item_24,29,19.06,0,5,1
10-01-2021,store_1,item_24,35,19.06,0,6,1
11-01-2021,store_1,item_24,36,19.06,0,0,1
12-01-2021,store_1,item_24,46,19.06,0,1,1
13-01-2021,store_1,item_24,44,19.06,0,2,1
14-01-2021,store_1,item_24,45,19.06,0,3,1
15-01-2021,store_1,item_24,35,19.06,0,4,1
16-01-2021,store_1,item_24,32,19.06,0,5,1
17-01-2021,store_1,item_24,32,19.06,0,6,1
18-01-2021,store_1,item_24,44,19.06,0,0,1
19-01-2021,store_1,item_24,49,19.06,0,1,1
20-01-2021,store_1,item_24,49,19.06,0,2,1
21-01-2021,store_1,item_24,47,19.06,0,3,1
22-01-2021,store_1,item_24,38,19.06,0,4,1
23-01-2021,store_1,item_24,31,19.06,0,5,1
24-01-2021,store_1,item_24,32,19.06,0,6,1
25-01-2021,store_1,item_24,42,19.06,0,0,1
26-01-2021,store_1,item_24,49,19.06,0,1,1
27-01-2021,store_1,item_24,49,19.06,0,2,1
28-01-2021,store_1,item_24,42,19.06,0,3,1
29-01-2021,store_1,item_24,58,15.25,1,4,1
30-01-2021,store_1,item_24,35,19.06,0,5,1
31-01-2021,store_1,item_24,40,19.06,0,6,1
01-01-2022,store_1,item_24,29,19.06,0,5,1
02-01-2022,store_1,item_24,33,19.06,0,6,1
03-01-2022,store_1,item_24,36,19.06,0,0,1
04-01-2022,store_1,item_24,50,19.06,0,1,1
05-01-2022,store_1,item_24,47,19.06,0,2,1
06-01-2022,store_1,item_24,43,19.06,0,3,1
07-01-2022,store_1,item_24,50,15.25,1,4,1
08-01-2022,store_1,item_24,45,15.25,1,5,1
09-01-2022,store_1,item_24,37,19.06,0,6,1
10-01-2022,store_1,item_24,52,19.06,0,0,1
11-01-2022,store_1,item_24,50,19.06,0,1,1
12-01-2022,store_1,item_24,48,19.06,0,2,1
13-01-2022,store_1,item_24,43,19.06,0,3,1
14-01-2022,store_1,item_24,34,19.06,0,4,1
15-01-2022,store_1,item_24,29,19.06,0,5,1
16-01-2022,store_1,item_24,36,19.06,0,6,1
17-01-2022,store_1,item_24,42,19.06,0,0,1
18-01-2022,store_1,item_24,47,19.06,0,1,1
19-01-2022,store_1,item_24,51,19.06,0,2,1
20-01-2022,store_1,item_24,70,15.25,1,3,1
21-01-2022,store_1,item_24,53,15.25,1,4,1
22-01-2022,store_1,item_24,38,19.06,0,5,1
23-01-2022,store_1,item_24,41,19.06,0,6,1
24-01-2022,store_1,item_24,43,19.06,0,0,1
25-01-2022,store_1,item_24,82,15.25,1,1,1
26-01-2022,store_1,item_24,80,15.25,1,2,1
27-01-2022,store_1,item_24,53,19.06,0,3,1
28-01-2022,store_1,item_24,40,19.06,0,4,1
29-01-2022,store_1,item_24,39,19.06,0,5,1
30-01-2022,store_1,item_24,38,19.06,0,6,1
31-01-2022,store_1,item_24,42,19.06,0,0,1
01-01-2023,store_1,item_24,31,19.06,0,6,1
02-01-2023,store_1,item_24,39,19.06,0,0,1
03-01-2023,store_1,item_24,42,19.06,0,1,1
04-01-2023,store_1,item_24,52,19.06,0,2,1
05-01-2023,store_1,item_24,46,19.06,0,3,1
06-01-2023,store_1,item_24,37,19.06,0,4,1
07-01-2023,store_1,item_24,33,19.06,0,5,1
08-01-2023,store_1,item_24,36,19.06,0,6,1
09-01-2023,store_1,item_24,43,19.06,0,0,1
10-01-2023,store_1,item_24,51,19.06,0,1,1
11-01-2023,store_1,item_24,48,19.06,0,2,1
12-01-2023,store_1,item_24,49,19.06,0,3,1
13-01-2023,store_1,item_24,40,19.06,0,4,1
14-01-2023,store_1,item_24,31,19.06,0,5,1
15-01-2023,store_1,item_24,43,19.06,0,6,1
16-01-2023,store_1,item_24,41,19.06,0,0,1
17-01-2023,store_1,item_24,48,19.06,0,1,1
18-01-2023,store_1,item_24,51,19.06,0,2,1
19-01-2023,store_1,item_24,71,15.25,1,3,1
20-01-2023,store_1,item_24,38,19.06,0,4,1
21-01-2023,store_1,item_24,35,19.06,0,5,1
22-01-2023,store_1,item_24,40,19.06,0,6,1
23-01-2023,store_1,item_24,46,19.06,0,0,1
24-01-2023,store_1,item_24,50,19.06,0,1,1
25-01-2023,store_1,item_24,57,19.06,0,2,1
26-01-2023,store_1,item_24,54,19.06,0,3,1
27-01-2023,store_1,item_24,41,19.06,0,4,1
28-01-2023,store_1,item_24,37,19.06,0,5,1
29-01-2023,store_1,item_24,38,19.06,0,6,1
30-01-2023,store_1,item_24,44,19.06,0,0,1
31-01-2023,store_1,item_24,48,19.06,0,1,1
01-01-2019,store_1,item_25,35,89.21,0,1,1
02-01-2019,store_1,item_25,42,89.21,0,2,1
03-01-2019,store_1,item_25,32,89.21,0,3,1
04-01-2019,store_1,item_25,30,89.21,0,4,1
05-01-2019,store_1,item_25,36,71.37,1,5,1
06-01-2019,store_1,item_25,28,89.21,0,6,1
07-01-2019,store_1,item_25,42,71.37,1,0,1
08-01-2019,store_1,item_25,41,89.21,0,1,1
09-01-2019,store_1,item_25,38,89.21,0,2,1
10-01-2019,store_1,item_25,33,89.21,0,3,1
11-01-2019,store_1,item_25,28,89.21,0,4,1
12-01-2019,store_1,item_25,26,89.21,0,5,1
13-01-2019,store_1,item_25,33,89.21,0,6,1
14-01-2019,store_1,item_25,36,89.21,0,0,1
15-01-2019,store_1,item_25,36,89.21,0,1,1
16-01-2019,store_1,item_25,39,89.21,0,2,1
17-01-2019,store_1,item_25,36,89.21,0,3,1
18-01-2019,store_1,item_25,24,89.21,0,4,1
19-01-2019,store_1,item_25,26,89.21,0,5,1
20-01-2019,store_1,item_25,28,89.21,0,6,1
21-01-2019,store_1,item_25,30,89.21,0,0,1
22-01-2019,store_1,item_25,43,89.21,0,1,1
23-01-2019,store_1,item_25,56,71.37,1,2,1
24-01-2019,store_1,item_25,33,89.21,0,3,1
25-01-2019,store_1,item_25,33,89.21,0,4,1
26-01-2019,store_1,item_25,28,89.21,0,5,1
27-01-2019,store_1,item_25,27,89.21,0,6,1
28-01-2019,store_1,item_25,37,89.21,0,0,1
29-01-2019,store_1,item_25,40,89.21,0,1,1
30-01-2019,store_1,item_25,46,89.21,0,2,1
31-01-2019,store_1,item_25,32,89.21,0,3,1
01-01-2020,store_1,item_25,40,89.21,0,2,1
02-01-2020,store_1,item_25,34,89.21,0,3,1
03-01-2020,store_1,item_25,28,89.21,0,4,1
04-01-2020,store_1,item_25,22,89.21,0,5,1
05-01-2020,store_1,item_25,27,89.21,0,6,1
06-01-2020,store_1,item_25,32,89.21,0,0,1
07-01-2020,store_1,item_25,44,89.21,0,1,1
08-01-2020,store_1,item_25,41,89.21,0,2,1
09-01-2020,store_1,item_25,36,89.21,0,3,1
10-01-2020,store_1,item_25,34,89.21,0,4,1
11-01-2020,store_1,item_25,29,89.21,0,5,1
12-01-2020,store_1,item_25,24,89.21,0,6,1
13-01-2020,store_1,item_25,36,89.21,0,0,1
14-01-2020,store_1,item_25,39,89.21,0,1,1
15-01-2020,store_1,item_25,38,89.21,0,2,1
16-01-2020,store_1,item_25,34,89.21,0,3,1
17-01-2020,store_1,item_25,31,89.21,0,4,1
18-01-2020,store_1,item_25,28,89.21,0,5,1
19-01-2020,store_1,item_25,33,89.21,0,6,1
20-01-2020,store_1,item_25,28,89.21,0,0,1
21-01-2020,store_1,item_25,57,71.37,1,1,1
22-01-2020,store_1,item_25,42,89.21,0,2,1
23-01-2020,store_1,item_25,38,89.21,0,3,1
24-01-2020,store_1,item_25,33,89.21,0,4,1
25-01-2020,store_1,item_25,27,89.21,0,5,1
26-01-2020,store_1,item_25,31,89.21,0,6,1
27-01-2020,store_1,item_25,31,89.21,0,0,1
28-01-2020,store_1,item_25,69,71.37,1,1,1
29-01-2020,store_1,item_25,44,89.21,0,2,1
30-01-2020,store_1,item_25,60,71.37,1,3,1
31-01-2020,store_1,item_25,30,89.21,0,4,1
01-01-2021,store_1,item_25,31,89.21,0,4,1
02-01-2021,store_1,item_25,25,89.21,0,5,1
03-01-2021,store_1,item_25,24,89.21,0,6,1
04-01-2021,store_1,item_25,35,89.21,0,0,1
05-01-2021,store_1,item_25,40,89.21,0,1,1
06-01-2021,store_1,item_25,41,89.21,0,2,1
07-01-2021,store_1,item_25,39,89.21,0,3,1
08-01-2021,store_1,item_25,26,89.21,0,4,1
09-01-2021,store_1,item_25,26,89.21,0,5,1
10-01-2021,store_1,item_25,30,89.21,0,6,1
11-01-2021,store_1,item_25,38,89.21,0,0,1
12-01-2021,store_1,item_25,42,89.21,0,1,1
13-01-2021,store_1,item_25,46,89.21,0,2,1
14-01-2021,store_1,item_25,37,89.21,0,3,1
15-01-2021,store_1,item_25,31,89.21,0,4,1
16-01-2021,store_1,item_25,28,89.21,0,5,1
17-01-2021,store_1,item_25,46,71.37,1,6,1
18-01-2021,store_1,item_25,31,89.21,0,0,1
19-01-2021,store_1,item_25,42,89.21,0,1,1
20-01-2021,store_1,item_25,44,89.21,0,2,1
21-01-2021,store_1,item_25,58,71.37,1,3,1
22-01-2021,store_1,item_25,31,89.21,0,4,1
23-01-2021,store_1,item_25,31,89.21,0,5,1
24-01-2021,store_1,item_25,33,89.21,0,6,1
25-01-2021,store_1,item_25,57,71.37,1,0,1
26-01-2021,store_1,item_25,44,89.21,0,1,1
27-01-2021,store_1,item_25,45,89.21,0,2,1
28-01-2021,store_1,item_25,41,89.21,0,3,1
29-01-2021,store_1,item_25,54,71.37,1,4,1
30-01-2021,store_1,item_25,36,89.21,0,5,1
31-01-2021,store_1,item_25,37,89.21,0,6,1
01-01-2022,store_1,item_25,31,89.21,0,5,1
02-01-2022,store_1,item_25,26,89.21,0,6,1
03-01-2022,store_1,item_25,51,71.37,1,0,1
04-01-2022,store_1,item_25,45,89.21,0,1,1
05-01-2022,store_1,item_25,43,89.21,0,2,1
06-01-2022,store_1,item_25,43,89.21,0,3,1
07-01-2022,store_1,item_25,36,89.21,0,4,1
08-01-2022,store_1,item_25,32,89.21,0,5,1
09-01-2022,store_1,item_25,32,89.21,0,6,1
10-01-2022,store_1,item_25,35,89.21,0,0,1
11-01-2022,store_1,item_25,43,89.21,0,1,1
12-01-2022,store_1,item_25,41,89.21,0,2,1
13-01-2022,store_1,item_25,60,71.37,1,3,1
14-01-2022,store_1,item_25,33,89.21,0,4,1
15-01-2022,store_1,item_25,25,89.21,0,5,1
16-01-2022,store_1,item_25,33,89.21,0,6,1
17-01-2022,store_1,item_25,39,89.21,0,0,1
18-01-2022,store_1,item_25,48,89.21,0,1,1
19-01-2022,store_1,item_25,42,89.21,0,2,1
20-01-2022,store_1,item_25,45,89.21,0,3,1
21-01-2022,store_1,item_25,46,71.37,1,4,1
22-01-2022,store_1,item_25,31,89.21,0,5,1
23-01-2022,store_1,item_25,39,89.21,0,6,1
24-01-2022,store_1,item_25,39,89.21,0,0,1
25-01-2022,store_1,item_25,43,89.21,0,1,1
26-01-2022,store_1,item_25,71,71.37,1,2,1
27-01-2022,store_1,item_25,46,89.21,0,3,1
28-01-2022,store_1,item_25,54,71.37,1,4,1
29-01-2022,store_1,item_25,50,71.37,1,5,1
30-01-2022,store_1,item_25,35,89.21,0,6,1
31-01-2022,store_1,item_25,42,89.21,0,0,1
01-01-2023,store_1,item_25,33,89.21,0,6,1
02-01-2023,store_1,item_25,37,89.21,0,0,1
03-01-2023,store_1,item_25,46,89.21,0,1,1
04-01-2023,store_1,item_25,47,89.21,0,2,1
05-01-2023,store_1,item_25,39,89.21,0,3,1
06-01-2023,store_1,item_25,34,89.21,0,4,1
07-01-2023,store_1,item_25,29,89.21,0,5,1
08-01-2023,store_1,item_25,35,89.21,0,6,1
09-01-2023,store_1,item_25,43,89.21,0,0,1
10-01-2023,store_1,item_25,47,89.21,0,1,1
11-01-2023,store_1,item_25,52,89.21,0,2,1
12-01-2023,store_1,item_25,44,89.21,0,3,1
13-01-2023,store_1,item_25,33,89.21,0,4,1
14-01-2023,store_1,item_25,28,89.21,0,5,1
15-01-2023,store_1,item_25,31,89.21,0,6,1
16-01-2023,store_1,item_25,38,89.21,0,0,1
17-01-2023,store_1,item_25,44,89.21,0,1,1
18-01-2023,store_1,item_25,48,89.21,0,2,1
19-01-2023,store_1,item_25,43,89.21,0,3,1
20-01-2023,store_1,item_25,37,89.21,0,4,1
21-01-2023,store_1,item_25,40,89.21,0,5,1
22-01-2023,store_1,item_25,37,89.21,0,6,1
23-01-2023,store_1,item_25,42,89.21,0,0,1
24-01-2023,store_1,item_25,75,71.37,1,1,1
25-01-2023,store_1,item_25,47,89.21,0,2,1
26-01-2023,store_1,item_25,43,89.21,0,3,1
27-01-2023,store_1,item_25,41,89.21,0,4,1
28-01-2023,store_1,item_25,34,89.21,0,5,1
29-01-2023,store_1,item_25,36,89.21,0,6,1
30-01-2023,store_1,item_25,39,89.21,0,0,1
31-01-2023,store_1,item_25,48,89.21,0,1,1
