backend/uploads/2019-01_actual.csv
Date,Store,Product,Demand,price,promo,weekday,month
01-01-2019,store_1,item_26,32,47.67,0,1,1
02-01-2019,store_1,item_26,38,47.67,0,2,1
03-01-2019,store_1,item_26,30,47.67,0,3,1
04-01-2019,store_1,item_26,29,47.67,0,4,1
05-01-2019,store_1,item_26,24,47.67,0,5,1
06-01-2019,store_1,item_26,26,47.67,0,6,1
07-01-2019,store_1,item_26,34,47.67,0,0,1
08-01-2019,store_1,item_26,39,47.67,0,1,1
09-01-2019,store_1,item_26,40,47.67,0,2,1
10-01-2019,store_1,item_26,28,47.67,0,3,1
11-01-2019,store_1,item_26,29,47.67,0,4,1
12-01-2019,store_1,item_26,30,47.67,0,5,1
13-01-2019,store_1,item_26,26,47.67,0,6,1
14-01-2019,store_1,item_26,37,47.67,0,0,1
15-01-2019,store_1,item_26,41,47.67,0,1,1
16-01-2019,store_1,item_26,38,47.67,0,2,1
17-01-2019,store_1,item_26,35,47.67,0,3,1
18-01-2019,store_1,item_26,24,47.67,0,4,1
19-01-2019,store_1,item_26,27,47.67,0,5,1
20-01-2019,store_1,item_26,25,47.67,0,6,1
21-01-2019,store_1,item_26,29,47.67,0,0,1
22-01-2019,store_1,item_26,44,47.67,0,1,1
23-01-2019,store_1,item_26,38,47.67,0,2,1
24-01-2019,store_1,item_26,43,47.67,0,3,1
25-01-2019,store_1,item_26,26,47.67,0,4,1
26-01-2019,store_1,item_26,23,47.67,0,5,1
27-01-2019,store_1,item_26,30,47.67,0,6,1
28-01-2019,store_1,item_26,37,47.67,0,0,1
29-01-2019,store_1,item_26,47,47.67,0,1,1
30-01-2019,store_1,item_26,40,47.67,0,2,1
31-01-2019,store_1,item_26,38,47.67,0,3,1
01-01-2020,store_1,item_26,45,47.67,0,2,1
02-01-2020,store_1,item_26,37,47.67,0,3,1
03-01-2020,store_1,item_26,30,47.67,0,4,1
04-01-2020,store_1,item_26,22,47.67,0,5,1
05-01-2020,store_1,item_26,42,38.14,1,6,1
06-01-2020,store_1,item_26,31,47.67,0,0,1
07-01-2020,store_1,item_26,43,47.67,0,1,1
08-01-2020,store_1,item_26,39,47.67,0,2,1
09-01-2020,store_1,item_26,39,47.67,0,3,1
10-01-2020,store_1,item_26,30,47.67,0,4,1
11-01-2020,store_1,item_26,31,47.67,0,5,1
12-01-2020,store_1,item_26,43,38.14,1,6,1
13-01-2020,store_1,item_26,36,47.67,0,0,1
14-01-2020,store_1,item_26,40,47.67,0,1,1
15-01-2020,store_1,item_26,43,47.67,0,2,1
16-01-2020,store_1,item_26,35,47.67,0,3,1
17-01-2020,store_1,item_26,51,38.14,1,4,1
18-01-2020,store_1,item_26,22,47.67,0,5,1
19-01-2020,store_1,item_26,31,47.67,0,6,1
20-01-2020,store_1,item_26,32,47.67,0,0,1
21-01-2020,store_1,item_26,43,47.67,0,1,1
22-01-2020,store_1,item_26,47,47.67,0,2,1
23-01-2020,store_1,item_26,54,38.14,1,3,1
24-01-2020,store_1,item_26,30,47.67,0,4,1
25-01-2020,store_1,item_26,26,47.67,0,5,1
26-01-2020,store_1,item_26,35,47.67,0,6,1
27-01-2020,store_1,item_26,32,47.67,0,0,1
28-01-2020,store_1,item_26,40,47.67,0,1,1
29-01-2020,store_1,item_26,38,47.67,0,2,1
30-01-2020,store_1,item_26,42,47.67,0,3,1
31-01-2020,store_1,item_26,35,47.67,0,4,1
01-01-2021,store_1,item_26,32,47.67,0,4,1
02-01-2021,store_1,item_26,27,47.67,0,5,1
03-01-2021,store_1,item_26,26,47.67,0,6,1
04-01-2021,store_1,item_26,35,47.67,0,0,1
05-01-2021,store_1,item_26,42,47.67,0,1,1
06-01-2021,store_1,item_26,36,47.67,0,2,1
07-01-2021,store_1,item_26,55,38.14,1,3,1
08-01-2021,store_1,item_26,32,47.67,0,4,1
09-01-2021,store_1,item_26,27,47.67,0,5,1
10-01-2021,store_1,item_26,35,47.67,0,6,1
11-01-2021,store_1,item_26,31,47.67,0,0,1
12-01-2021,store_1,item_26,36,47.67,0,1,1
13-01-2021,store_1,item_26,49,47.67,0,2,1
14-01-2021,store_1,item_26,39,47.67,0,3,1
15-01-2021,store_1,item_26,31,47.67,0,4,1
16-01-2021,store_1,item_26,33,47.67,0,5,1
17-01-2021,store_1,item_26,30,47.67,0,6,1
18-01-2021,store_1,item_26,37,47.67,0,0,1
19-01-2021,store_1,item_26,43,47.67,0,1,1
20-01-2021,store_1,item_26,48,47.67,0,2,1
21-01-2021,store_1,item_26,41,47.67,0,3,1
22-01-2021,store_1,item_26,38,47.67,0,4,1
23-01-2021,store_1,item_26,33,47.67,0,5,1
24-01-2021,store_1,item_26,29,47.67,0,6,1
25-01-2021,store_1,item_26,39,47.67,0,0,1
26-01-2021,store_1,item_26,42,47.67,0,1,1
27-01-2021,store_1,item_26,48,47.67,0,2,1
28-01-2021,store_1,item_26,63,38.14,1,3,1
29-01-2021,store_1,item_26,53,38.14,1,4,1
30-01-2021,store_1,item_26,27,47.67,0,5,1
31-01-2021,store_1,item_26,32,47.67,0,6,1
01-01-2022,store_1,item_26,30,47.67,0,5,1
02-01-2022,store_1,item_26,36,47.67,0,6,1
03-01-2022,store_1,item_26,42,47.67,0,0,1
04-01-2022,store_1,item_26,43,47.67,0,1,1
05-01-2022,store_1,item_26,45,47.67,0,2,1
06-01-2022,store_1,item_26,40,47.67,0,3,1
07-01-2022,store_1,item_26,37,47.67,0,4,1
08-01-2022,store_1,item_26,32,47.67,0,5,1
09-01-2022,store_1,item_26,33,47.67,0,6,1
10-01-2022,store_1,item_26,37,47.67,0,0,1
11-01-2022,store_1,item_26,38,47.67,0,1,1
12-01-2022,store_1,item_26,43,47.67,0,2,1
13-01-2022,store_1,item_26,41,47.67,0,3,1
14-01-2022,store_1,item_26,54,38.14,1,4,1
15-01-2022,store_1,item_26,34,47.67,0,5,1
16-01-2022,store_1,item_26,27,47.67,0,6,1
17-01-2022,store_1,item_26,38,47.67,0,0,1
18-01-2022,store_1,item_26,71,38.14,1,1,1
19-01-2022,store_1,item_26,46,47.67,0,2,1
20-01-2022,store_1,item_26,44,47.67,0,3,1
21-01-2022,store_1,item_26,36,47.67,0,4,1
22-01-2022,store_1,item_26,28,47.67,0,5,1
23-01-2022,store_1,item_26,33,47.67,0,6,1
24-01-2022,store_1,item_26,35,47.67,0,0,1
25-01-2022,store_1,item_26,74,38.14,1,1,1
26-01-2022,store_1,item_26,48,47.67,0,2,1
27-01-2022,store_1,item_26,45,47.67,0,3,1
28-01-2022,store_1,item_26,32,47.67,0,4,1
29-01-2022,store_1,item_26,32,47.67,0,5,1
30-01-2022,store_1,item_26,50,38.14,1,6,1
31-01-2022,store_1,item_26,40,47.67,0,0,1
01-01-2023,store_1,item_26,27,47.67,0,6,1
02-01-2023,store_1,item_26,42,47.67,0,0,1
03-01-2023,store_1,item_26,68,38.14,1,1,1
04-01-2023,store_1,item_26,46,47.67,0,2,1
05-01-2023,store_1,item_26,42,47.67,0,3,1
06-01-2023,store_1,item_26,37,47.67,0,4,1
07-01-2023,store_1,item_26,29,47.67,0,5,1
08-01-2023,store_1,item_26,25,47.67,0,6,1
09-01-2023,store_1,item_26,37,47.67,0,0,1
10-01-2023,store_1,item_26,45,47.67,0,1,1
11-01-2023,store_1,item_26,44,47.67,0,2,1
12-01-2023,store_1,item_26,43,47.67,0,3,1
13-01-2023,store_1,item_26,43,47.67,0,4,1
14-01-2023,store_1,item_26,32,47.67,0,5,1
15-01-2023,store_1,item_26,30,47.67,0,6,1
16-01-2023,store_1,item_26,62,38.14,1,0,1
17-01-2023,store_1,item_26,48,47.67,0,1,1
18-01-2023,store_1,item_26,49,47.67,0,2,1
19-01-2023,store_1,item_26,41,47.67,0,3,1
20-01-2023,store_1,item_26,40,47.67,0,4,1
21-01-2023,store_1,item_26,41,47.67,0,5,1
22-01-2023,store_1,item_26,39,47.67,0,6,1
23-01-2023,store_1,item_26,66,38.14,1,0,1
24-01-2023,store_1,item_26,44,47.67,0,1,1
25-01-2023,store_1,item_26,49,47.67,0,2,1
26-01-2023,store_1,item_26,43,47.67,0,3,1
27-01-2023,store_1,item_26,39,47.67,0,4,1
28-01-2023,store_1,item_26,37,47.67,0,5,1
29-01-2023,store_1,item_26,39,47.67,0,6,1
30-01-2023,store_1,item_26,44,47.67,0,0,1
31-01-2023,store_1,item_26,47,47.67,0,1,1
01-01-2019,store_1,item_27,31,67.62,0,1,1
02-01-2019,store_1,item_27,38,67.62,0,2,1
03-01-2019,store_1,item_27,33,67.62,0,3,1
04-01-2019,store_1,item_27,30,67.62,0,4,1
05-01-2019,store_1,item_27,26,67.62,0,5,1
06-01-2019,store_1,item_27,26,67.62,0,6,1
07-01-2019,store_1,item_27,55,54.1,1,0,1
08-01-2019,store_1,item_27,37,67.62,0,1,1
09-01-2019,store_1,item_27,40,67.62,0,2,1
10-01-2019,store_1,item_27,42,67.62,0,3,1
11-01-2019,store_1,item_27,27,67.62,0,4,1
12-01-2019,store_1,item_27,43,54.1,1,5,1
13-01-2019,store_1,item_27,26,67.62,0,6,1
14-01-2019,store_1,item_27,33,67.62,0,0,1
15-01-2019,store_1,item_27,40,67.62,0,1,1
16-01-2019,store_1,item_27,44,67.62,0,2,1
17-01-2019,store_1,item_27,34,67.62,0,3,1
18-01-2019,store_1,item_27,32,67.62,0,4,1
19-01-2019,store_1,item_27,40,54.1,1,5,1
20-01-2019,store_1,item_27,31,67.62,0,6,1
21-01-2019,store_1,item_27,38,67.62,0,0,1
22-01-2019,store_1,item_27,43,67.62,0,1,1
23-01-2019,store_1,item_27,40,67.62,0,2,1
24-01-2019,store_1,item_27,35,67.62,0,3,1
25-01-2019,store_1,item_27,32,67.62,0,4,1
26-01-2019,store_1,item_27,25,67.62,0,5,1
27-01-2019,store_1,item_27,32,67.62,0,6,1
28-01-2019,store_1,item_27,40,67.62,0,0,1
29-01-2019,store_1,item_27,39,67.62,0,1,1
30-01-2019,store_1,item_27,45,67.62,0,2,1
31-01-2019,store_1,item_27,57,54.1,1,3,1
01-01-2020,store_1,item_27,38,67.62,0,2,1
02-01-2020,store_1,item_27,59,54.1,1,3,1
03-01-2020,store_1,item_27,47,54.1,1,4,1
04-01-2020,store_1,item_27,45,54.1,1,5,1
05-01-2020,store_1,item_27,45,54.1,1,6,1
06-01-2020,store_1,item_27,27,67.62,0,0,1
07-01-2020,store_1,item_27,36,67.62,0,1,1
08-01-2020,store_1,item_27,47,67.62,0,2,1
09-01-2020,store_1,item_27,37,67.62,0,3,1
10-01-2020,store_1,item_27,27,67.62,0,4,1
11-01-2020,store_1,item_27,27,67.62,0,5,1
12-01-2020,store_1,item_27,29,67.62,0,6,1
13-01-2020,store_1,item_27,39,67.62,0,0,1
14-01-2020,store_1,item_27,39,67.62,0,1,1
15-01-2020,store_1,item_27,43,67.62,0,2,1
16-01-2020,store_1,item_27,43,67.62,0,3,1
17-01-2020,store_1,item_27,32,67.62,0,4,1
18-01-2020,store_1,item_27,27,67.62,0,5,1
19-01-2020,store_1,item_27,48,54.1,1,6,1
20-01-2020,store_1,item_27,39,67.62,0,0,1
21-01-2020,store_1,item_27,43,67.62,0,1,1
22-01-2020,store_1,item_27,46,67.62,0,2,1
23-01-2020,store_1,item_27,39,67.62,0,3,1
24-01-2020,store_1,item_27,28,67.62,0,4,1
25-01-2020,store_1,item_27,33,67.62,0,5,1
26-01-2020,store_1,item_27,29,67.62,0,6,1
27-01-2020,store_1,item_27,36,67.62,0,0,1
28-01-2020,store_1,item_27,45,67.62,0,1,1
29-01-2020,store_1,item_27,49,67.62,0,2,1
30-01-2020,store_1,item_27,42,67.62,0,3,1
31-01-2020,store_1,item_27,34,67.62,0,4,1
01-01-2021,store_1,item_27,31,67.62,0,4,1
02-01-2021,store_1,item_27,43,54.1,1,5,1
03-01-2021,store_1,item_27,31,67.62,0,6,1
04-01-2021,store_1,item_27,34,67.62,0,0,1
05-01-2021,store_1,item_27,44,67.62,0,1,1
06-01-2021,store_1,item_27,46,67.62,0,2,1
07-01-2021,store_1,item_27,41,67.62,0,3,1
08-01-2021,store_1,item_27,38,67.62,0,4,1
09-01-2021,store_1,item_27,32,67.62,0,5,1
10-01-2021,store_1,item_27,30,67.62,0,6,1
11-01-2021,store_1,item_27,35,67.62,0,0,1
12-01-2021,store_1,item_27,44,67.62,0,1,1
13-01-2021,store_1,item_27,45,67.62,0,2,1
14-01-2021,store_1,item_27,62,54.1,1,3,1
15-01-2021,store_1,item_27,33,67.62,0,4,1
16-01-2021,store_1,item_27,31,67.62,0,5,1
17-01-2021,store_1,item_27,53,54.1,1,6,1
18-01-2021,store_1,item_27,41,67.62,0,0,1
19-01-2021,store_1,item_27,45,67.62,0,1,1
20-01-2021,store_1,item_27,50,67.62,0,2,1
21-01-2021,store_1,item_27,45,67.62,0,3,1
22-01-2021,store_1,item_27,35,67.62,0,4,1
23-01-2021,store_1,item_27,32,67.62,0,5,1
24-01-2021,store_1,item_27,36,67.62,0,6,1
25-01-2021,store_1,item_27,41,67.62,0,0,1
26-01-2021,store_1,item_27,48,67.62,0,1,1
27-01-2021,store_1,item_27,44,67.62,0,2,1
28-01-2021,store_1,item_27,42,67.62,0,3,1
29-01-2021,store_1,item_27,37,67.62,0,4,1
30-01-2021,store_1,item_27,36,67.62,0,5,1
31-01-2021,store_1,item_27,40,67.62,0,6,1
01-01-2022,store_1,item_27,32,67.62,0,5,1
02-01-2022,store_1,item_27,31,67.62,0,6,1
03-01-2022,store_1,item_27,39,67.62,0,0,1
04-01-2022,store_1,item_27,42,67.62,0,1,1
05-01-2022,store_1,item_27,45,67.62,0,2,1
06-01-2022,store_1,item_27,43,67.62,0,3,1
07-01-2022,store_1,item_27,33,67.62,0,4,1
08-01-2022,store_1,item_27,35,67.62,0,5,1
09-01-2022,store_1,item_27,34,67.62,0,6,1
10-01-2022,store_1,item_27,45,67.62,0,0,1
11-01-2022,store_1,item_27,45,67.62,0,1,1
12-01-2022,store_1,item_27,48,67.62,0,2,1
13-01-2022,store_1,item_27,42,67.62,0,3,1
14-01-2022,store_1,item_27,36,67.62,0,4,1
15-01-2022,store_1,item_27,34,67.62,0,5,1
16-01-2022,store_1,item_27,39,67.62,0,6,1
17-01-2022,store_1,item_27,65,54.1,1,0,1
18-01-2022,store_1,item_27,49,67.62,0,1,1
19-01-2022,store_1,item_27,46,67.62,0,2,1
20-01-2022,store_1,item_27,43,67.62,0,3,1
21-01-2022,store_1,item_27,39,67.62,0,4,1
22-01-2022,store_1,item_27,31,67.62,0,5,1
23-01-2022,store_1,item_27,35,67.62,0,6,1
24-01-2022,store_1,item_27,42,67.62,0,0,1
25-01-2022,store_1,item_27,54,67.62,0,1,1
26-01-2022,store_1,item_27,50,67.62,0,2,1
27-01-2022,store_1,item_27,41,67.62,0,3,1
28-01-2022,store_1,item_27,41,67.62,0,4,1
29-01-2022,store_1,item_27,37,67.62,0,5,1
30-01-2022,store_1,item_27,43,67.62,0,6,1
31-01-2022,store_1,item_27,42,67.62,0,0,1
01-01-2023,store_1,item_27,34,67.62,0,6,1
02-01-2023,store_1,item_27,38,67.62,0,0,1
03-01-2023,store_1,item_27,51,67.62,0,1,1
04-01-2023,store_1,item_27,45,67.62,0,2,1
05-01-2023,store_1,item_27,38,67.62,0,3,1
06-01-2023,store_1,item_27,45,67.62,0,4,1
07-01-2023,store_1,item_27,35,67.62,0,5,1
08-01-2023,store_1,item_27,34,67.62,0,6,1
09-01-2023,store_1,item_27,42,67.62,0,0,1
10-01-2023,store_1,item_27,48,67.62,0,1,1
11-01-2023,store_1,item_27,44,67.62,0,2,1
12-01-2023,store_1,item_27,45,67.62,0,3,1
13-01-2023,store_1,item_27,39,67.62,0,4,1
14-01-2023,store_1,item_27,35,67.62,0,5,1
15-01-2023,store_1,item_27,46,54.1,1,6,1
16-01-2023,store_1,item_27,43,67.62,0,0,1
17-01-2023,store_1,item_27,51,67.62,0,1,1
18-01-2023,store_1,item_27,51,67.62,0,2,1
19-01-2023,store_1,item_27,66,54.1,1,3,1
20-01-2023,store_1,item_27,43,67.62,0,4,1
21-01-2023,store_1,item_27,35,67.62,0,5,1
22-01-2023,store_1,item_27,36,67.62,0,6,1
23-01-2023,store_1,item_27,43,67.62,0,0,1
24-01-2023,store_1,item_27,46,67.62,0,1,1
25-01-2023,store_1,item_27,59,67.62,0,2,1
26-01-2023,store_1,item_27,76,54.1,1,3,1
27-01-2023,store_1,item_27,39,67.62,0,4,1
28-01-2023,store_1,item_27,48,54.1,1,5,1
29-01-2023,store_1,item_27,39,67.62,0,6,1
30-01-2023,store_1,item_27,47,67.62,0,0,1
31-01-2023,store_1,item_27,52,67.62,0,1,1
