backend/uploads/2019-01_actual.csv
Date,Store,Product,Demand,price,promo,weekday,month
01-01-2019,store_1,item_28,10,99.99,0,1,1
02-01-2019,store_1,item_28,15,99.99,0,2,1
03-01-2019,store_1,item_28,12,99.99,0,3,1
04-01-2019,store_1,item_28,10,99.99,0,4,1
05-01-2019,store_1,item_28,10,99.99,0,5,1
06-01-2019,store_1,item_28,11,99.99,0,6,1
07-01-2019,store_1,item_28,15,99.99,0,0,1
08-01-2019,store_1,item_28,16,99.99,0,1,1
09-01-2019,store_1,item_28,14,99.99,0,2,1
10-01-2019,store_1,item_28,13,99.99,0,3,1
11-01-2019,store_1,item_28,14,99.99,0,4,1
12-01-2019,store_1,item_28,11,99.99,0,5,1
13-01-2019,store_1,item_28,9,99.99,0,6,1
14-01-2019,store_1,item_28,8,99.99,0,0,1
15-01-2019,store_1,item_28,19,99.99,0,1,1
16-01-2019,store_1,item_28,18,99.99,0,2,1
17-01-2019,store_1,item_28,12,99.99,0,3,1
18-01-2019,store_1,item_28,12,99.99,0,4,1
19-01-2019,store_1,item_28,13,99.99,0,5,1
20-01-2019,store_1,item_28,14,99.99,0,6,1
21-01-2019,store_1,item_28,13,99.99,0,0,1
22-01-2019,store_1,item_28,10,99.99,0,1,1
23-01-2019,store_1,item_28,18,99.99,0,2,1
24-01-2019,store_1,item_28,11,99.99,0,3,1
25-01-2019,store_1,item_28,10,99.99,0,4,1
26-01-2019,store_1,item_28,10,99.99,0,5,1
27-01-2019,store_1,item_28,12,99.99,0,6,1
28-01-2019,store_1,item_28,14,99.99,0,0,1
29-01-2019,store_1,item_28,29,79.99,1,1,1
30-01-2019,store_1,item_28,16,99.99,0,2,1
31-01-2019,store_1,item_28,12,99.99,0,3,1
01-01-2020,store_1,item_28,17,99.99,0,2,1
02-01-2020,store_1,item_28,19,99.99,0,3,1
03-01-2020,store_1,item_28,13,99.99,0,4,1
04-01-2020,store_1,item_28,11,99.99,0,5,1
05-01-2020,store_1,item_28,10,99.99,0,6,1
06-01-2020,store_1,item_28,14,99.99,0,0,1
07-01-2020,store_1,item_28,17,99.99,0,1,1
08-01-2020,store_1,item_28,21,99.99,0,2,1
09-01-2020,store_1,item_28,15,99.99,0,3,1
10-01-2020,store_1,item_28,10,99.99,0,4,1
11-01-2020,store_1,item_28,9,99.99,0,5,1
12-01-2020,store_1,item_28,8,99.99,0,6,1
13-01-2020,store_1,item_28,22,99.99,0,0,1
14-01-2020,store_1,item_28,11,99.99,0,1,1
15-01-2020,store_1,item_28,15,99.99,0,2,1
16-01-2020,store_1,item_28,14,99.99,0,3,1
17-01-2020,store_1,item_28,13,99.99,0,4,1
18-01-2020,store_1,item_28,10,99.99,0,5,1
19-01-2020,store_1,item_28,10,99.99,0,6,1
20-01-2020,store_1,item_28,12,99.99,0,0,1
21-01-2020,store_1,item_28,17,99.99,0,1,1
22-01-2020,store_1,item_28,17,99.99,0,2,1
23-01-2020,store_1,item_28,23,79.99,1,3,1
24-01-2020,store_1,item_28,12,99.99,0,4,1
25-01-2020,store_1,item_28,10,99.99,0,5,1
26-01-2020,store_1,item_28,16,99.99,0,6,1
27-01-2020,store_1,item_28,15,99.99,0,0,1
28-01-2020,store_1,item_28,18,99.99,0,1,1
29-01-2020,store_1,item_28,22,99.99,0,2,1
30-01-2020,store_1,item_28,20,99.99,0,3,1
31-01-2020,store_1,item_28,12,99.99,0,4,1
01-01-2021,store_1,item_28,14,99.99,0,4,1
02-01-2021,store_1,item_28,14,79.99,1,5,1
03-01-2021,store_1,item_28,11,99.99,0,6,1
04-01-2021,store_1,item_28,14,99.99,0,0,1
05-01-2021,store_1,item_28,11,99.99,0,1,1
06-01-2021,store_1,item_28,15,99.99,0,2,1
07-01-2021,store_1,item_28,16,99.99,0,3,1
08-01-2021,store_1,item_28,11,99.99,0,4,1
09-01-2021,store_1,item_28,15,99.99,0,5,1
10-01-2021,store_1,item_28,14,79.99,1,6,1
11-01-2021,store_1,item_28,18,99.99,0,0,1
12-01-2021,store_1,item_28,21,99.99,0,1,1
13-01-2021,store_1,item_28,20,99.99,0,2,1
14-01-2021,store_1,item_28,19,99.99,0,3,1
15-01-2021,store_1,item_28,11,99.99,0,4,1
16-01-2021,store_1,item_28,7,99.99,0,5,1
17-01-2021,store_1,item_28,13,99.99,0,6,1
18-01-2021,store_1,item_28,12,99.99,0,0,1
19-01-2021,store_1,item_28,24,79.99,1,1,1
20-01-2021,store_1,item_28,15,99.99,0,2,1
21-01-2021,store_1,item_28,14,99.99,0,3,1
22-01-2021,store_1,item_28,16,99.99,0,4,1
23-01-2021,store_1,item_28,10,99.99,0,5,1
24-01-2021,store_1,item_28,13,99.99,0,6,1
25-01-2021,store_1,item_28,13,99.99,0,0,1
26-01-2021,store_1,item_28,16,99.99,0,1,1
27-01-2021,store_1,item_28,11,99.99,0,2,1
28-01-2021,store_1,item_28,13,99.99,0,3,1
29-01-2021,store_1,item_28,15,99.99,0,4,1
30-01-2021,store_1,item_28,8,99.99,0,5,1
31-01-2021,store_1,item_28,19,79.99,1,6,1
01-01-2022,store_1,item_28,11,99.99,0,5,1
02-01-2022,store_1,item_28,6,99.99,0,6,1
03-01-2022,store_1,item_28,12,99.99,0,0,1
04-01-2022,store_1,item_28,28,79.99,1,1,1
05-01-2022,store_1,item_28,7,99.99,0,2,1
06-01-2022,store_1,item_28,11,99.99,0,3,1
07-01-2022,store_1,item_28,16,99.99,0,4,1
08-01-2022,store_1,item_28,15,99.99,0,5,1
09-01-2022,store_1,item_28,8,99.99,0,6,1
10-01-2022,store_1,item_28,25,79.99,1,0,1
11-01-2022,store_1,item_28,20,99.99,0,1,1
12-01-2022,store_1,item_28,18,99.99,0,2,1
13-01-2022,store_1,item_28,15,99.99,0,3,1
14-01-2022,store_1,item_28,16,99.99,0,4,1
15-01-2022,store_1,item_28,11,99.99,0,5,1
16-01-2022,store_1,item_28,13,99.99,0,6,1
17-01-2022,store_1,item_28,18,99.99,0,0,1
18-01-2022,store_1,item_28,16,99.99,0,1,1
19-01-2022,store_1,item_28,17,99.99,0,2,1
20-01-2022,store_1,item_28,21,99.99,0,3,1
21-01-2022,store_1,item_28,11,99.99,0,4,1
22-01-2022,store_1,item_28,15,99.99,0,5,1
23-01-2022,store_1,item_28,13,99.99,0,6,1
24-01-2022,store_1,item_28,17,99.99,0,0,1
25-01-2022,store_1,item_28,27,79.99,1,1,1
26-01-2022,store_1,item_28,17,99.99,0,2,1
27-01-2022,store_1,item_28,11,99.99,0,3,1
28-01-2022,store_1,item_28,10,99.99,0,4,1
29-01-2022,store_1,item_28,18,79.99,1,5,1
30-01-2022,store_1,item_28,16,99.99,0,6,1
31-01-2022,store_1,item_28,17,99.99,0,0,1
01-01-2023,store_1,item_28,21,79.99,1,6,1
02-01-2023,store_1,item_28,15,99.99,0,0,1
03-01-2023,store_1,item_28,18,99.99,0,1,1
04-01-2023,store_1,item_28,14,99.99,0,2,1
05-01-2023,store_1,item_28,20,99.99,0,3,1
06-01-2023,store_1,item_28,15,99.99,0,4,1
07-01-2023,store_1,item_28,17,99.99,0,5,1
08-01-2023,store_1,item_28,12,99.99,0,6,1
09-01-2023,store_1,item_28,14,99.99,0,0,1
10-01-2023,store_1,item_28,14,99.99,0,1,1
11-01-2023,store_1,item_28,21,99.99,0,2,1
12-01-2023,store_1,item_28,21,79.99,1,3,1
13-01-2023,store_1,item_28,15,99.99,0,4,1
14-01-2023,store_1,item_28,16,99.99,0,5,1
15-01-2023,store_1,item_28,12,99.99,0,6,1
16-01-2023,store_1,item_28,15,99.99,0,0,1
17-01-2023,store_1,item_28,24,99.99,0,1,1
18-01-2023,store_1,item_28,12,99.99,0,2,1
19-01-2023,store_1,item_28,17,99.99,0,3,1
20-01-2023,store_1,item_28,11,99.99,0,4,1
21-01-2023,store_1,item_28,14,99.99,0,5,1
22-01-2023,store_1,item_28,17,99.99,0,6,1
23-01-2023,store_1,item_28,13,99.99,0,0,1
24-01-2023,store_1,item_28,20,99.99,0,1,1
25-01-2023,store_1,item_28,20,99.99,0,2,1
26-01-2023,store_1,item_28,20,99.99,0,3,1
27-01-2023,store_1,item_28,14,99.99,0,4,1
28-01-2023,store_1,item_28,17,99.99,0,5,1
29-01-2023,store_1,item_28,16,99.99,0,6,1
30-01-2023,store_1,item_28,17,99.99,0,0,1
31-01-2023,store_1,item_28,19,99.99,0,1,1
01-01-2019,store_1,item_29,23,78.89,0,1,1
02-01-2019,store_1,item_29,27,78.89,0,2,1
03-01-2019,store_1,item_29,31,63.11,1,3,1
04-01-2019,store_1,item_29,19,78.89,0,4,1
05-01-2019,store_1,item_29,15,78.89,0,5,1
06-01-2019,store_1,item_29,22,78.89,0,6,1
07-01-2019,store_1,item_29,21,78.89,0,0,1
08-01-2019,store_1,item_29,24,78.89,0,1,1
09-01-2019,store_1,item_29,27,78.89,0,2,1
10-01-2019,store_1,item_29,27,78.89,0,3,1
11-01-2019,store_1,item_29,22,78.89,0,4,1
12-01-2019,store_1,item_29,20,78.89,0,5,1
13-01-2019,store_1,item_29,22,78.89,0,6,1
14-01-2019,store_1,item_29,21,78.89,0,0,1
15-01-2019,store_1,item_29,31,78.89,0,1,1
16-01-2019,store_1,item_29,28,78.89,0,2,1
17-01-2019,store_1,item_29,25,78.89,0,3,1
18-01-2019,store_1,item_29,19,78.89,0,4,1
19-01-2019,store_1,item_29,13,78.89,0,5,1
20-01-2019,store_1,item_29,19,78.89,0,6,1
21-01-2019,store_1,item_29,19,78.89,0,0,1
22-01-2019,store_1,item_29,37,63.11,1,1,1
23-01-2019,store_1,item_29,27,78.89,0,2,1
24-01-2019,store_1,item_29,28,78.89,0,3,1
25-01-2019,store_1,item_29,20,78.89,0,4,1
26-01-2019,store_1,item_29,15,78.89,0,5,1
27-01-2019,store_1,item_29,15,78.89,0,6,1
28-01-2019,store_1,item_29,19,78.89,0,0,1
29-01-2019,store_1,item_29,33,78.89,0,1,1
30-01-2019,store_1,item_29,25,78.89,0,2,1
31-01-2019,store_1,item_29,19,78.89,0,3,1
01-01-2020,store_1,item_29,26,78.89,0,2,1
02-01-2020,store_1,item_29,26,78.89,0,3,1
03-01-2020,store_1,item_29,14,78.89,0,4,1
04-01-2020,store_1,item_29,11,78.89,0,5,1
05-01-2020,store_1,item_29,35,63.11,1,6,1
06-01-2020,store_1,item_29,21,78.89,0,0,1
07-01-2020,store_1,item_29,27,78.89,0,1,1
08-01-2020,store_1,item_29,22,78.89,0,2,1
09-01-2020,store_1,item_29,26,78.89,0,3,1
10-01-2020,store_1,item_29,23,78.89,0,4,1
11-01-2020,store_1,item_29,12,78.89,0,5,1
12-01-2020,store_1,item_29,20,78.89,0,6,1
13-01-2020,store_1,item_29,24,78.89,0,0,1
14-01-2020,store_1,item_29,18,78.89,0,1,1
15-01-2020,store_1,item_29,27,78.89,0,2,1
16-01-2020,store_1,item_29,23,78.89,0,3,1
17-01-2020,store_1,item_29,22,78.89,0,4,1
18-01-2020,store_1,item_29,21,78.89,0,5,1
19-01-2020,store_1,item_29,21,78.89,0,6,1
20-01-2020,store_1,item_29,22,78.89,0,0,1
21-01-2020,store_1,item_29,26,78.89,0,1,1
22-01-2020,store_1,item_29,28,78.89,0,2,1
23-01-2020,store_1,item_29,25,78.89,0,3,1
24-01-2020,store_1,item_29,17,78.89,0,4,1
25-01-2020,store_1,item_29,20,78.89,0,5,1
26-01-2020,store_1,item_29,19,78.89,0,6,1
27-01-2020,store_1,item_29,23,78.89,0,0,1
28-01-2020,store_1,item_29,27,78.89,0,1,1
29-01-2020,store_1,item_29,28,78.89,0,2,1
30-01-2020,store_1,item_29,37,63.11,1,3,1
31-01-2020,store_1,item_29,25,78.89,0,4,1
01-01-2021,store_1,item_29,18,78.89,0,4,1
02-01-2021,store_1,item_29,17,78.89,0,5,1
03-01-2021,store_1,item_29,30,63.11,1,6,1
04-01-2021,store_1,item_29,26,78.89,0,0,1
05-01-2021,store_1,item_29,29,78.89,0,1,1
06-01-2021,store_1,item_29,27,78.89,0,2,1
07-01-2021,store_1,item_29,26,78.89,0,3,1
08-01-2021,store_1,item_29,23,78.89,0,4,1
09-01-2021,store_1,item_29,23,78.89,0,5,1
10-01-2021,store_1,item_29,17,78.89,0,6,1
11-01-2021,store_1,item_29,25,78.89,0,0,1
12-01-2021,store_1,item_29,26,78.89,0,1,1
13-01-2021,store_1,item_29,32,78.89,0,2,1
14-01-2021,store_1,item_29,26,78.89,0,3,1
15-01-2021,store_1,item_29,22,78.89,0,4,1
16-01-2021,store_1,item_29,17,78.89,0,5,1
17-01-2021,store_1,item_29,19,78.89,0,6,1
18-01-2021,store_1,item_29,30,78.89,0,0,1
19-01-2021,store_1,item_29,30,78.89,0,1,1
20-01-2021,store_1,item_29,30,78.89,0,2,1
21-01-2021,store_1,item_29,31,78.89,0,3,1
22-01-2021,store_1,item_29,27,78.89,0,4,1
23-01-2021,store_1,item_29,20,78.89,0,5,1
24-01-2021,store_1,item_29,19,78.89,0,6,1
25-01-2021,store_1,item_29,24,78.89,0,0,1
26-01-2021,store_1,item_29,28,78.89,0,1,1
27-01-2021,store_1,item_29,45,63.11,1,2,1
28-01-2021,store_1,item_29,28,78.89,0,3,1
29-01-2021,store_1,item_29,31,78.89,0,4,1
30-01-2021,store_1,item_29,17,78.89,0,5,1
31-01-2021,store_1,item_29,18,78.89,0,6,1
01-01-2022,store_1,item_29,14,78.89,0,5,1
02-01-2022,store_1,item_29,23,78.89,0,6,1
03-01-2022,store_1,item_29,22,78.89,0,0,1
04-01-2022,store_1,item_29,35,63.11,1,1,1
05-01-2022,store_1,item_29,28,78.89,0,2,1
06-01-2022,store_1,item_29,27,78.89,0,3,1
07-01-2022,store_1,item_29,17,78.89,0,4,1
08-01-2022,store_1,item_29,21,78.89,0,5,1
09-01-2022,store_1,item_29,22,78.89,0,6,1
10-01-2022,store_1,item_29,22,78.89,0,0,1
11-01-2022,store_1,item_29,29,78.89,0,1,1
12-01-2022,store_1,item_29,34,78.89,0,2,1
13-01-2022,store_1,item_29,27,78.89,0,3,1
14-01-2022,store_1,item_29,21,78.89,0,4,1
15-01-2022,store_1,item_29,18,78.89,0,5,1
16-01-2022,store_1,item_29,27,78.89,0,6,1
17-01-2022,store_1,item_29,25,78.89,0,0,1
18-01-2022,store_1,item_29,29,78.89,0,1,1
19-01-2022,store_1,item_29,33,78.89,0,2,1
20-01-2022,store_1,item_29,30,78.89,0,3,1
21-01-2022,store_1,item_29,19,78.89,0,4,1
22-01-2022,store_1,item_29,21,78.89,0,5,1
23-01-2022,store_1,item_29,20,78.89,0,6,1
24-01-2022,store_1,item_29,30,78.89,0,0,1
25-01-2022,store_1,item_29,27,78.89,0,1,1
26-01-2022,store_1,item_29,34,78.89,0,2,1
27-01-2022,store_1,item_29,23,78.89,0,3,1
28-01-2022,store_1,item_29,26,78.89,0,4,1
29-01-2022,store_1,item_29,24,78.89,0,5,1
30-01-2022,store_1,item_29,20,78.89,0,6,1
31-01-2022,store_1,item_29,30,78.89,0,0,1
01-01-2023,store_1,item_29,19,78.89,0,6,1
02-01-2023,store_1,item_29,24,78.89,0,0,1
03-01-2023,store_1,item_29,33,78.89,0,1,1
04-01-2023,store_1,item_29,33,78.89,0,2,1
05-01-2023,store_1,item_29,44,63.11,1,3,1
06-01-2023,store_1,item_29,23,78.89,0,4,1
07-01-2023,store_1,item_29,22,78.89,0,5,1
08-01-2023,store_1,item_29,20,78.89,0,6,1
09-01-2023,store_1,item_29,24,78.89,0,0,1
10-01-2023,store_1,item_29,30,78.89,0,1,1
11-01-2023,store_1,item_29,33,78.89,0,2,1
12-01-2023,store_1,item_29,33,78.89,0,3,1
13-01-2023,store_1,item_29,27,78.89,0,4,1
14-01-2023,store_1,item_29,23,78.89,0,5,1
15-01-2023,store_1,item_29,22,78.89,0,6,1
16-01-2023,store_1,item_29,26,78.89,0,0,1
17-01-2023,store_1,item_29,31,78.89,0,1,1
18-01-2023,store_1,item_29,32,78.89,0,2,1
19-01-2023,store_1,item_29,26,78.89,0,3,1
20-01-2023,store_1,item_29,24,78.89,0,4,1
21-01-2023,store_1,item_29,22,78.89,0,5,1
22-01-2023,store_1,item_29,25,78.89,0,6,1
23-01-2023,store_1,item_29,27,78.89,0,0,1
24-01-2023,store_1,item_29,38,78.89,0,1,1
25-01-2023,store_1,item_29,31,78.89,0,2,1
26-01-2023,store_1,item_29,31,78.89,0,3,1
27-01-2023,store_1,item_29,25,78.89,0,4,1
28-01-2023,store_1,item_29,24,78.89,0,5,1
29-01-2023,store_1,item_29,24,78.89,0,6,1
30-01-2023,store_1,item_29,27,78.89,0,0,1
31-01-2023,store_1,item_29,34,78.89,0,1,1
