backend/uploads/2019-01_actual.csv
Date,Store,Product,Demand,price,promo,weekday,month
01-01-2019,store_1,item_30,23,32.77,1,1,1
02-01-2019,store_1,item_30,12,40.97,0,2,1
03-01-2019,store_1,item_30,21,32.77,1,3,1
04-01-2019,store_1,item_30,6,40.97,0,4,1
05-01-2019,store_1,item_30,8,40.97,0,5,1
06-01-2019,store_1,item_30,8,40.97,0,6,1
07-01-2019,store_1,item_30,8,40.97,0,0,1
08-01-2019,store_1,item_30,14,40.97,0,1,1
09-01-2019,store_1,item_30,19,40.97,0,2,1
10-01-2019,store_1,item_30,15,40.97,0,3,1
11-01-2019,store_1,item_30,9,40.97,0,4,1
12-01-2019,store_1,item_30,11,40.97,0,5,1
13-01-2019,store_1,item_30,12,40.97,0,6,1
14-01-2019,store_1,item_30,17,40.97,0,0,1
15-01-2019,store_1,item_30,20,40.97,0,1,1
16-01-2019,store_1,item_30,17,40.97,0,2,1
17-01-2019,store_1,item_30,16,40.97,0,3,1
18-01-2019,store_1,item_30,17,40.97,0,4,1
19-01-2019,store_1,item_30,7,40.97,0,5,1
20-01-2019,store_1,item_30,11,40.97,0,6,1
21-01-2019,store_1,item_30,17,32.77,1,0,1
22-01-2019,store_1,item_30,14,40.97,0,1,1
23-01-2019,store_1,item_30,21,40.97,0,2,1
24-01-2019,store_1,item_30,19,40.97,0,3,1
25-01-2019,store_1,item_30,12,40.97,0,4,1
26-01-2019,store_1,item_30,10,40.97,0,5,1
27-01-2019,store_1,item_30,13,40.97,0,6,1
28-01-2019,store_1,item_30,16,40.97,0,0,1
29-01-2019,store_1,item_30,16,40.97,0,1,1
30-01-2019,store_1,item_30,27,32.77,1,2,1
31-01-2019,store_1,item_30,26,32.77,1,3,1
01-01-2020,store_1,item_30,19,40.97,0,2,1
02-01-2020,store_1,item_30,17,40.97,0,3,1
03-01-2020,store_1,item_30,11,40.97,0,4,1
04-01-2020,store_1,item_30,13,40.97,0,5,1
05-01-2020,store_1,item_30,10,40.97,0,6,1
06-01-2020,store_1,item_30,12,40.97,0,0,1
07-01-2020,store_1,item_30,11,40.97,0,1,1
08-01-2020,store_1,item_30,17,40.97,0,2,1
09-01-2020,store_1,item_30,19,40.97,0,3,1
10-01-2020,store_1,item_30,12,40.97,0,4,1
11-01-2020,store_1,item_30,9,40.97,0,5,1
12-01-2020,store_1,item_30,15,40.97,0,6,1
13-01-2020,store_1,item_30,17,40.97,0,0,1
14-01-2020,store_1,item_30,16,40.97,0,1,1
15-01-2020,store_1,item_30,17,40.97,0,2,1
16-01-2020,store_1,item_30,14,40.97,0,3,1
17-01-2020,store_1,item_30,11,40.97,0,4,1
18-01-2020,store_1,item_30,13,40.97,0,5,1
19-01-2020,store_1,item_30,17,40.97,0,6,1
20-01-2020,store_1,item_30,18,40.97,0,0,1
21-01-2020,store_1,item_30,13,40.97,0,1,1
22-01-2020,store_1,item_30,21,40.97,0,2,1
23-01-2020,store_1,item_30,16,40.97,0,3,1
24-01-2020,store_1,item_30,15,40.97,0,4,1
25-01-2020,store_1,item_30,8,40.97,0,5,1
26-01-2020,store_1,item_30,10,40.97,0,6,1
27-01-2020,store_1,item_30,23,40.97,0,0,1
28-01-2020,store_1,item_30,21,40.97,0,1,1
29-01-2020,store_1,item_30,17,40.97,0,2,1
30-01-2020,store_1,item_30,15,40.97,0,3,1
31-01-2020,store_1,item_30,12,40.97,0,4,1
01-01-2021,store_1,item_30,12,40.97,0,4,1
02-01-2021,store_1,item_30,12,40.97,0,5,1
03-01-2021,store_1,item_30,20,40.97,0,6,1
04-01-2021,store_1,item_30,16,40.97,0,0,1
05-01-2021,store_1,item_30,14,40.97,0,1,1
06-01-2021,store_1,item_30,20,40.97,0,2,1
07-01-2021,store_1,item_30,18,40.97,0,3,1
08-01-2021,store_1,item_30,14,40.97,0,4,1
09-01-2021,store_1,item_30,14,40.97,0,5,1
10-01-2021,store_1,item_30,19,40.97,0,6,1
11-01-2021,store_1,item_30,14,40.97,0,0,1
12-01-2021,store_1,item_30,19,40.97,0,1,1
13-01-2021,store_1,item_30,22,40.97,0,2,1
14-01-2021,store_1,item_30,14,40.97,0,3,1
15-01-2021,store_1,item_30,17,40.97,0,4,1
16-01-2021,store_1,item_30,11,40.97,0,5,1
17-01-2021,store_1,item_30,13,40.97,0,6,1
18-01-2021,store_1,item_30,15,40.97,0,0,1
19-01-2021,store_1,item_30,13,40.97,0,1,1
20-01-2021,store_1,item_30,21,40.97,0,2,1
21-01-2021,store_1,item_30,23,40.97,0,3,1
22-01-2021,store_1,item_30,13,40.97,0,4,1
23-01-2021,store_1,item_30,18,40.97,0,5,1
24-01-2021,store_1,item_30,5,40.97,0,6,1
25-01-2021,store_1,item_30,20,40.97,0,0,1
26-01-2021,store_1,item_30,14,40.97,0,1,1
27-01-2021,store_1,item_30,23,40.97,0,2,1
28-01-2021,store_1,item_30,14,40.97,0,3,1
29-01-2021,store_1,item_30,20,40.97,0,4,1
30-01-2021,store_1,item_30,8,40.97,0,5,1
31-01-2021,store_1,item_30,24,32.77,1,6,1
01-01-2022,store_1,item_30,10,40.97,0,5,1
02-01-2022,store_1,item_30,16,40.97,0,6,1
03-01-2022,store_1,item_30,20,32.77,1,0,1
04-01-2022,store_1,item_30,17,40.97,0,1,1
05-01-2022,store_1,item_30,14,40.97,0,2,1
06-01-2022,store_1,item_30,13,40.97,0,3,1
07-01-2022,store_1,item_30,10,40.97,0,4,1
08-01-2022,store_1,item_30,16,40.97,0,5,1
09-01-2022,store_1,item_30,10,40.97,0,6,1
10-01-2022,store_1,item_30,15,40.97,0,0,1
11-01-2022,store_1,item_30,16,40.97,0,1,1
12-01-2022,store_1,item_30,21,40.97,0,2,1
13-01-2022,store_1,item_30,27,32.77,1,3,1
14-01-2022,store_1,item_30,10,40.97,0,4,1
15-01-2022,store_1,item_30,15,40.97,0,5,1
16-01-2022,store_1,item_30,16,40.97,0,6,1
17-01-2022,store_1,item_30,13,40.97,0,0,1
18-01-2022,store_1,item_30,32,32.77,1,1,1
19-01-2022,store_1,item_30,18,40.97,0,2,1
20-01-2022,store_1,item_30,15,40.97,0,3,1
21-01-2022,store_1,item_30,17,40.97,0,4,1
22-01-2022,store_1,item_30,16,40.97,0,5,1
23-01-2022,store_1,item_30,17,40.97,0,6,1
24-01-2022,store_1,item_30,12,40.97,0,0,1
25-01-2022,store_1,item_30,23,40.97,0,1,1
26-01-2022,store_1,item_30,26,40.97,0,2,1
27-01-2022,store_1,item_30,14,40.97,0,3,1
28-01-2022,store_1,item_30,17,40.97,0,4,1
29-01-2022,store_1,item_30,14,40.97,0,5,1
30-01-2022,store_1,item_30,16,40.97,0,6,1
31-01-2022,store_1,item_30,16,40.97,0,0,1
01-01-2023,store_1,item_30,9,40.97,0,6,1
02-01-2023,store_1,item_30,11,40.97,0,0,1
03-01-2023,store_1,item_30,16,40.97,0,1,1
04-01-2023,store_1,item_30,17,40.97,0,2,1
05-01-2023,store_1,item_30,19,40.97,0,3,1
06-01-2023,store_1,item_30,11,40.97,0,4,1
07-01-2023,store_1,item_30,18,40.97,0,5,1
08-01-2023,store_1,item_30,8,40.97,0,6,1
09-01-2023,store_1,item_30,19,40.97,0,0,1
10-01-2023,store_1,item_30,21,40.97,0,1,1
11-01-2023,store_1,item_30,23,40.97,0,2,1
12-01-2023,store_1,item_30,10,40.97,0,3,1
13-01-2023,store_1,item_30,21,32.77,1,4,1
14-01-2023,store_1,item_30,11,40.97,0,5,1
15-01-2023,store_1,item_30,14,40.97,0,6,1
16-01-2023,store_1,item_30,19,40.97,0,0,1
17-01-2023,store_1,item_30,19,40.97,0,1,1
18-01-2023,store_1,item_30,19,40.97,0,2,1
19-01-2023,store_1,item_30,20,40.97,0,3,1
20-01-2023,store_1,item_30,19,40.97,0,4,1
21-01-2023,store_1,item_30,12,40.97,0,5,1
22-01-2023,store_1,item_30,11,40.97,0,6,1
23-01-2023,store_1,item_30,24,40.97,0,0,1
24-01-2023,store_1,item_30,25,40.97,0,1,1
25-01-2023,store_1,item_30,21,40.97,0,2,1
26-01-2023,store_1,item_30,23,40.97,0,3,1
27-01-2023,store_1,item_30,23,40.97,0,4,1
28-01-2023,store_1,item_30,10,40.97,0,5,1
29-01-2023,store_1,item_30,12,40.97,0,6,1
30-01-2023,store_1,item_30,29,32.77,1,0,1
31-01-2023,store_1,item_30,22,40.97,0,1,1
01-01-2019,store_1,item_31,37,89.42,0,1,1
02-01-2019,store_1,item_31,41,89.42,0,2,1
03-01-2019,store_1,item_31,36,89.42,0,3,1
04-01-2019,store_1,item_31,30,89.42,0,4,1
05-01-2019,store_1,item_31,39,71.54,1,5,1
06-01-2019,store_1,item_31,30,89.42,0,6,1
07-01-2019,store_1,item_31,50,71.54,1,0,1
08-01-2019,store_1,item_31,58,71.54,1,1,1
09-01-2019,store_1,item_31,39,89.42,0,2,1
10-01-2019,store_1,item_31,43,89.42,0,3,1
11-01-2019,store_1,item_31,30,89.42,0,4,1
12-01-2019,store_1,item_31,31,89.42,0,5,1
13-01-2019,store_1,item_31,29,89.42,0,6,1
14-01-2019,store_1,item_31,32,89.42,0,0,1
15-01-2019,store_1,item_31,40,89.42,0,1,1
16-01-2019,store_1,item_31,42,89.42,0,2,1
17-01-2019,store_1,item_31,40,89.42,0,3,1
18-01-2019,store_1,item_31,34,89.42,0,4,1
19-01-2019,store_1,item_31,26,89.42,0,5,1
20-01-2019,store_1,item_31,36,89.42,0,6,1
21-01-2019,store_1,item_31,42,89.42,0,0,1
22-01-2019,store_1,item_31,44,89.42,0,1,1
23-01-2019,store_1,item_31,47,89.42,0,2,1
24-01-2019,store_1,item_31,39,89.42,0,3,1
25-01-2019,store_1,item_31,31,89.42,0,4,1
26-01-2019,store_1,item_31,31,89.42,0,5,1
27-01-2019,store_1,item_31,32,89.42,0,6,1
28-01-2019,store_1,item_31,44,89.42,0,0,1
29-01-2019,store_1,item_31,53,89.42,0,1,1
30-01-2019,store_1,item_31,44,89.42,0,2,1
31-01-2019,store_1,item_31,43,89.42,0,3,1
01-01-2020,store_1,item_31,42,89.42,0,2,1
02-01-2020,store_1,item_31,42,89.42,0,3,1
03-01-2020,store_1,item_31,38,89.42,0,4,1
04-01-2020,store_1,item_31,30,89.42,0,5,1
05-01-2020,store_1,item_31,30,89.42,0,6,1
06-01-2020,store_1,item_31,36,89.42,0,0,1
07-01-2020,store_1,item_31,44,89.42,0,1,1
08-01-2020,store_1,item_31,43,89.42,0,2,1
09-01-2020,store_1,item_31,64,71.54,1,3,1
10-01-2020,store_1,item_31,38,89.42,0,4,1
11-01-2020,store_1,item_31,34,89.42,0,5,1
12-01-2020,store_1,item_31,28,89.42,0,6,1
13-01-2020,store_1,item_31,40,89.42,0,0,1
14-01-2020,store_1,item_31,67,71.54,1,1,1
15-01-2020,store_1,item_31,41,89.42,0,2,1
16-01-2020,store_1,item_31,42,89.42,0,3,1
17-01-2020,store_1,item_31,35,89.42,0,4,1
18-01-2020,store_1,item_31,30,89.42,0,5,1
19-01-2020,store_1,item_31,38,89.42,0,6,1
20-01-2020,store_1,item_31,35,89.42,0,0,1
21-01-2020,store_1,item_31,46,89.42,0,1,1
22-01-2020,store_1,item_31,49,89.42,0,2,1
23-01-2020,store_1,item_31,36,89.42,0,3,1
24-01-2020,store_1,item_31,37,89.42,0,4,1
25-01-2020,store_1,item_31,34,89.42,0,5,1
26-01-2020,store_1,item_31,37,89.42,0,6,1
27-01-2020,store_1,item_31,53,71.54,1,0,1
28-01-2020,store_1,item_31,48,89.42,0,1,1
29-01-2020,store_1,item_31,48,89.42,0,2,1
30-01-2020,store_1,item_31,46,89.42,0,3,1
31-01-2020,store_1,item_31,39,89.42,0,4,1
01-01-2021,store_1,item_31,30,89.42,0,4,1
02-01-2021,store_1,item_31,32,89.42,0,5,1
03-01-2021,store_1,item_31,30,89.42,0,6,1
04-01-2021,store_1,item_31,42,89.42,0,0,1
05-01-2021,store_1,item_31,47,89.42,0,1,1
06-01-2021,store_1,item_31,71,71.54,1,2,1
07-01-2021,store_1,item_31,38,89.42,0,3,1
08-01-2021,store_1,item_31,32,89.42,0,4,1
09-01-2021,store_1,item_31,30,89.42,0,5,1
10-01-2021,store_1,item_31,33,89.42,0,6,1
11-01-2021,store_1,item_31,45,89.42,0,0,1
12-01-2021,store_1,item_31,48,89.42,0,1,1
13-01-2021,store_1,item_31,72,71.54,1,2,1
14-01-2021,store_1,item_31,49,89.42,0,3,1
15-01-2021,store_1,item_31,37,89.42,0,4,1
16-01-2021,store_1,item_31,51,71.54,1,5,1
17-01-2021,store_1,item_31,40,89.42,0,6,1
18-01-2021,store_1,item_31,44,89.42,0,0,1
19-01-2021,store_1,item_31,50,89.42,0,1,1
20-01-2021,store_1,item_31,52,89.42,0,2,1
21-01-2021,store_1,item_31,69,71.54,1,3,1
22-01-2021,store_1,item_31,39,89.42,0,4,1
23-01-2021,store_1,item_31,30,89.42,0,5,1
24-01-2021,store_1,item_31,34,89.42,0,6,1
25-01-2021,store_1,item_31,43,89.42,0,0,1
26-01-2021,store_1,item_31,77,71.54,1,1,1
27-01-2021,store_1,item_31,51,89.42,0,2,1
28-01-2021,store_1,item_31,55,89.42,0,3,1
29-01-2021,store_1,item_31,42,89.42,0,4,1
30-01-2021,store_1,item_31,36,89.42,0,5,1
31-01-2021,store_1,item_31,52,71.54,1,6,1
01-01-2022,store_1,item_31,35,89.42,0,5,1
02-01-2022,store_1,item_31,34,89.42,0,6,1
03-01-2022,store_1,item_31,62,71.54,1,0,1
04-01-2022,store_1,item_31,46,89.42,0,1,1
05-01-2022,store_1,item_31,52,89.42,0,2,1
06-01-2022,store_1,item_31,44,89.42,0,3,1
07-01-2022,store_1,item_31,35,89.42,0,4,1
08-01-2022,store_1,item_31,39,89.42,0,5,1
09-01-2022,store_1,item_31,33,89.42,0,6,1
10-01-2022,store_1,item_31,49,89.42,0,0,1
11-01-2022,store_1,item_31,52,89.42,0,1,1
12-01-2022,store_1,item_31,53,89.42,0,2,1
13-01-2022,store_1,item_31,44,89.42,0,3,1
14-01-2022,store_1,item_31,64,71.54,1,4,1
15-01-2022,store_1,item_31,42,89.42,0,5,1
16-01-2022,store_1,item_31,52,71.54,1,6,1
17-01-2022,store_1,item_31,44,89.42,0,0,1
18-01-2022,store_1,item_31,48,89.42,0,1,1
19-01-2022,store_1,item_31,52,89.42,0,2,1
20-01-2022,store_1,item_31,48,89.42,0,3,1
21-01-2022,store_1,item_31,45,89.42,0,4,1
22-01-2022,store_1,item_31,32,89.42,0,5,1
23-01-2022,store_1,item_31,40,89.42,0,6,1
24-01-2022,store_1,item_31,48,89.42,0,0,1
25-01-2022,store_1,item_31,50,89.42,0,1,1
26-01-2022,store_1,item_31,55,89.42,0,2,1
27-01-2022,store_1,item_31,48,89.42,0,3,1
28-01-2022,store_1,item_31,42,89.42,0,4,1
29-01-2022,store_1,item_31,43,89.42,0,5,1
30-01-2022,store_1,item_31,37,89.42,0,6,1
31-01-2022,store_1,item_31,47,89.42,0,0,1
01-01-2023,store_1,item_31,39,89.42,0,6,1
02-01-2023,store_1,item_31,39,89.42,0,0,1
03-01-2023,store_1,item_31,76,71.54,1,1,1
04-01-2023,store_1,item_31,54,89.42,0,2,1
05-01-2023,store_1,item_31,47,89.42,0,3,1
06-01-2023,store_1,item_31,39,89.42,0,4,1
07-01-2023,store_1,item_31,34,89.42,0,5,1
08-01-2023,store_1,item_31,35,89.42,0,6,1
09-01-2023,store_1,item_31,44,89.42,0,0,1
10-01-2023,store_1,item_31,48,89.42,0,1,1
11-01-2023,store_1,item_31,48,89.42,0,2,1
12-01-2023,store_1,item_31,47,89.42,0,3,1
13-01-2023,store_1,item_31,39,89.42,0,4,1
14-01-2023,store_1,item_31,43,89.42,0,5,1
15-01-2023,store_1,item_31,43,89.42,0,6,1
16-01-2023,store_1,item_31,45,89.42,0,0,1
17-01-2023,store_1,item_31,53,89.42,0,1,1
18-01-2023,store_1,item_31,58,89.42,0,2,1
19-01-2023,store_1,item_31,76,71.54,1,3,1
20-01-2023,store_1,item_31,42,89.42,0,4,1
21-01-2023,store_1,item_31,37,89.42,0,5,1
22-01-2023,store_1,item_31,39,89.42,0,6,1
23-01-2023,store_1,item_31,44,89.42,0,0,1
24-01-2023,store_1,item_31,58,89.42,0,1,1
25-01-2023,store_1,item_31,56,89.42,0,2,1
26-01-2023,store_1,item_31,56,89.42,0,3,1
27-01-2023,store_1,item_31,47,89.42,0,4,1
28-01-2023,store_1,item_31,40,89.42,0,5,1
29-01-2023,store_1,item_31,45,89.42,0,6,1
30-01-2023,store_1,item_31,72,71.54,1,0,1
31-01-2023,store_1,item_31,55,89.42,0,1,1
