backend/uploads/2019-01_actual.csv
Date,Store,Product,Demand,price,promo,weekday,month
01-01-2019,store_1,item_32,34,63.42,0,1,1
02-01-2019,store_1,item_32,33,63.42,0,2,1
03-01-2019,store_1,item_32,32,63.42,0,3,1
04-01-2019,store_1,item_32,29,63.42,0,4,1
05-01-2019,store_1,item_32,21,63.42,0,5,1
06-01-2019,store_1,item_32,22,63.42,0,6,1
07-01-2019,store_1,item_32,31,63.42,0,0,1
08-01-2019,store_1,item_32,47,50.74,1,1,1
09-01-2019,store_1,item_32,36,63.42,0,2,1
10-01-2019,store_1,item_32,34,63.42,0,3,1
11-01-2019,store_1,item_32,25,63.42,0,4,1
12-01-2019,store_1,item_32,22,63.42,0,5,1
13-01-2019,store_1,item_32,23,63.42,0,6,1
14-01-2019,store_1,item_32,32,63.42,0,0,1
15-01-2019,store_1,item_32,38,63.42,0,1,1
16-01-2019,store_1,item_32,36,63.42,0,2,1
17-01-2019,store_1,item_32,30,63.42,0,3,1
18-01-2019,store_1,item_32,26,63.42,0,4,1
19-01-2019,store_1,item_32,25,63.42,0,5,1
20-01-2019,store_1,item_32,19,63.42,0,6,1
21-01-2019,store_1,item_32,25,63.42,0,0,1
22-01-2019,store_1,item_32,34,63.42,0,1,1
23-01-2019,store_1,item_32,41,63.42,0,2,1
24-01-2019,store_1,item_32,32,63.42,0,3,1
25-01-2019,store_1,item_32,23,63.42,0,4,1
26-01-2019,store_1,item_32,27,63.42,0,5,1
27-01-2019,store_1,item_32,31,63.42,0,6,1
28-01-2019,store_1,item_32,31,63.42,0,0,1
29-01-2019,store_1,item_32,34,63.42,0,1,1
30-01-2019,store_1,item_32,36,63.42,0,2,1
31-01-2019,store_1,item_32,48,50.74,1,3,1
01-01-2020,store_1,item_32,50,50.74,1,2,1
02-01-2020,store_1,item_32,31,63.42,0,3,1
03-01-2020,store_1,item_32,27,63.42,0,4,1
04-01-2020,store_1,item_32,29,63.42,0,5,1
05-01-2020,store_1,item_32,24,63.42,0,6,1
06-01-2020,store_1,item_32,32,63.42,0,0,1
07-01-2020,store_1,item_32,33,63.42,0,1,1
08-01-2020,store_1,item_32,38,63.42,0,2,1
09-01-2020,store_1,item_32,31,63.42,0,3,1
10-01-2020,store_1,item_32,26,63.42,0,4,1
11-01-2020,store_1,item_32,29,63.42,0,5,1
12-01-2020,store_1,item_32,28,63.42,0,6,1
13-01-2020,store_1,item_32,31,63.42,0,0,1
14-01-2020,store_1,item_32,41,63.42,0,1,1
15-01-2020,store_1,item_32,36,63.42,0,2,1
16-01-2020,store_1,item_32,35,63.42,0,3,1
17-01-2020,store_1,item_32,27,63.42,0,4,1
18-01-2020,store_1,item_32,24,63.42,0,5,1
19-01-2020,store_1,item_32,26,63.42,0,6,1
20-01-2020,store_1,item_32,34,63.42,0,0,1
21-01-2020,store_1,item_32,27,63.42,0,1,1
22-01-2020,store_1,item_32,36,63.42,0,2,1
23-01-2020,store_1,item_32,43,63.42,0,3,1
24-01-2020,store_1,item_32,35,63.42,0,4,1
25-01-2020,store_1,item_32,23,63.42,0,5,1
26-01-2020,store_1,item_32,26,63.42,0,6,1
27-01-2020,store_1,item_32,38,63.42,0,0,1
28-01-2020,store_1,item_32,37,63.42,0,1,1
29-01-2020,store_1,item_32,43,63.42,0,2,1
30-01-2020,store_1,item_32,39,63.42,0,3,1
31-01-2020,store_1,item_32,46,50.74,1,4,1
01-01-2021,store_1,item_32,27,63.42,0,4,1
02-01-2021,store_1,item_32,26,63.42,0,5,1
03-01-2021,store_1,item_32,28,63.42,0,6,1
04-01-2021,store_1,item_32,29,63.42,0,0,1
05-01-2021,store_1,item_32,34,63.42,0,1,1
06-01-2021,store_1,item_32,36,63.42,0,2,1
07-01-2021,store_1,item_32,30,63.42,0,3,1
08-01-2021,store_1,item_32,27,63.42,0,4,1
09-01-2021,store_1,item_32,26,63.42,0,5,1
10-01-2021,store_1,item_32,26,63.42,0,6,1
11-01-2021,store_1,item_32,30,63.42,0,0,1
12-01-2021,store_1,item_32,42,63.42,0,1,1
13-01-2021,store_1,item_32,42,63.42,0,2,1
14-01-2021,store_1,item_32,54,50.74,1,3,1
15-01-2021,store_1,item_32,36,63.42,0,4,1
16-01-2021,store_1,item_32,31,50.74,1,5,1
17-01-2021,store_1,item_32,25,63.42,0,6,1
18-01-2021,store_1,item_32,27,63.42,0,0,1
19-01-2021,store_1,item_32,60,50.74,1,1,1
20-01-2021,store_1,item_32,61,50.74,1,2,1
21-01-2021,store_1,item_32,40,63.42,0,3,1
22-01-2021,store_1,item_32,43,50.74,1,4,1
23-01-2021,store_1,item_32,29,63.42,0,5,1
24-01-2021,store_1,item_32,30,63.42,0,6,1
25-01-2021,store_1,item_32,34,63.42,0,0,1
26-01-2021,store_1,item_32,40,63.42,0,1,1
27-01-2021,store_1,item_32,40,63.42,0,2,1
28-01-2021,store_1,item_32,32,63.42,0,3,1
29-01-2021,store_1,item_32,32,63.42,0,4,1
30-01-2021,store_1,item_32,30,63.42,0,5,1
31-01-2021,store_1,item_32,53,50.74,1,6,1
01-01-2022,store_1,item_32,22,63.42,0,5,1
02-01-2022,store_1,item_32,28,63.42,0,6,1
03-01-2022,store_1,item_32,53,50.74,1,0,1
04-01-2022,store_1,item_32,37,63.42,0,1,1
05-01-2022,store_1,item_32,38,63.42,0,2,1
06-01-2022,store_1,item_32,56,50.74,1,3,1
07-01-2022,store_1,item_32,31,63.42,0,4,1
08-01-2022,store_1,item_32,27,63.42,0,5,1
09-01-2022,store_1,item_32,31,63.42,0,6,1
10-01-2022,store_1,item_32,35,63.42,0,0,1
11-01-2022,store_1,item_32,39,63.42,0,1,1
12-01-2022,store_1,item_32,39,63.42,0,2,1
13-01-2022,store_1,item_32,40,63.42,0,3,1
14-01-2022,store_1,item_32,29,63.42,0,4,1
15-01-2022,store_1,item_32,29,63.42,0,5,1
16-01-2022,store_1,item_32,30,63.42,0,6,1
17-01-2022,store_1,item_32,34,63.42,0,0,1
18-01-2022,store_1,item_32,35,63.42,0,1,1
19-01-2022,store_1,item_32,46,63.42,0,2,1
20-01-2022,store_1,item_32,32,63.42,0,3,1
21-01-2022,store_1,item_32,26,63.42,0,4,1
22-01-2022,store_1,item_32,31,63.42,0,5,1
23-01-2022,store_1,item_32,33,63.42,0,6,1
24-01-2022,store_1,item_32,34,63.42,0,0,1
25-01-2022,store_1,item_32,47,63.42,0,1,1
26-01-2022,store_1,item_32,40,63.42,0,2,1
27-01-2022,store_1,item_32,43,63.42,0,3,1
28-01-2022,store_1,item_32,36,63.42,0,4,1
29-01-2022,store_1,item_32,31,63.42,0,5,1
30-01-2022,store_1,item_32,36,63.42,0,6,1
31-01-2022,store_1,item_32,35,63.42,0,0,1
01-01-2023,store_1,item_32,31,63.42,0,6,1
02-01-2023,store_1,item_32,33,63.42,0,0,1
03-01-2023,store_1,item_32,41,63.42,0,1,1
04-01-2023,store_1,item_32,39,63.42,0,2,1
05-01-2023,store_1,item_32,35,63.42,0,3,1
06-01-2023,store_1,item_32,46,50.74,1,4,1
07-01-2023,store_1,item_32,30,63.42,0,5,1
08-01-2023,store_1,item_32,41,50.74,1,6,1
09-01-2023,store_1,item_32,39,63.42,0,0,1
10-01-2023,store_1,item_32,37,63.42,0,1,1
11-01-2023,store_1,item_32,49,63.42,0,2,1
12-01-2023,store_1,item_32,42,63.42,0,3,1
13-01-2023,store_1,item_32,29,63.42,0,4,1
14-01-2023,store_1,item_32,32,63.42,0,5,1
15-01-2023,store_1,item_32,33,63.42,0,6,1
16-01-2023,store_1,item_32,35,63.42,0,0,1
17-01-2023,store_1,item_32,66,50.74,1,1,1
18-01-2023,store_1,item_32,49,63.42,0,2,1
19-01-2023,store_1,item_32,57,50.74,1,3,1
20-01-2023,store_1,item_32,35,63.42,0,4,1
21-01-2023,store_1,item_32,26,63.42,0,5,1
22-01-2023,store_1,item_32,37,63.42,0,6,1
23-01-2023,store_1,item_32,32,63.42,0,0,1
24-01-2023,store_1,item_32,40,63.42,0,1,1
25-01-2023,store_1,item_32,44,63.42,0,2,1
26-01-2023,store_1,item_32,46,63.42,0,3,1
27-01-2023,store_1,item_32,37,63.42,0,4,1
28-01-2023,store_1,item_32,29,63.42,0,5,1
29-01-2023,store_1,item_32,34,63.42,0,6,1
30-01-2023,store_1,item_32,40,63.42,0,0,1
31-01-2023,store_1,item_32,46,63.42,0,1,1
01-01-2019,store_1,item_33,30,33.2,1,1,1
02-01-2019,store_1,item_33,21,41.5,0,2,1
03-01-2019,store_1,item_33,24,41.5,0,3,1
04-01-2019,store_1,item_33,17,41.5,0,4,1
05-01-2019,store_1,item_33,18,41.5,0,5,1
06-01-2019,store_1,item_33,20,41.5,0,6,1
07-01-2019,store_1,item_33,18,41.5,0,0,1
08-01-2019,store_1,item_33,22,41.5,0,1,1
09-01-2019,store_1,item_33,35,33.2,1,2,1
10-01-2019,store_1,item_33,19,41.5,0,3,1
11-01-2019,store_1,item_33,21,41.5,0,4,1
12-01-2019,store_1,item_33,15,41.5,0,5,1
13-01-2019,store_1,item_33,14,41.5,0,6,1
14-01-2019,store_1,item_33,25,41.5,0,0,1
15-01-2019,store_1,item_33,35,33.2,1,1,1
16-01-2019,store_1,item_33,24,41.5,0,2,1
17-01-2019,store_1,item_33,21,41.5,0,3,1
18-01-2019,store_1,item_33,15,41.5,0,4,1
19-01-2019,store_1,item_33,12,41.5,0,5,1
20-01-2019,store_1,item_33,29,33.2,1,6,1
21-01-2019,store_1,item_33,19,41.5,0,0,1
22-01-2019,store_1,item_33,18,41.5,0,1,1
23-01-2019,store_1,item_33,23,41.5,0,2,1
24-01-2019,store_1,item_33,22,41.5,0,3,1
25-01-2019,store_1,item_33,17,41.5,0,4,1
26-01-2019,store_1,item_33,19,41.5,0,5,1
27-01-2019,store_1,item_33,17,41.5,0,6,1
28-01-2019,store_1,item_33,24,41.5,0,0,1
29-01-2019,store_1,item_33,28,41.5,0,1,1
30-01-2019,store_1,item_33,23,41.5,0,2,1
31-01-2019,store_1,item_33,34,33.2,1,3,1
01-01-2020,store_1,item_33,30,41.5,0,2,1
02-01-2020,store_1,item_33,20,41.5,0,3,1
03-01-2020,store_1,item_33,32,33.2,1,4,1
04-01-2020,store_1,item_33,16,41.5,0,5,1
05-01-2020,store_1,item_33,17,41.5,0,6,1
06-01-2020,store_1,item_33,18,41.5,0,0,1
07-01-2020,store_1,item_33,25,41.5,0,1,1
08-01-2020,store_1,item_33,24,41.5,0,2,1
09-01-2020,store_1,item_33,24,41.5,0,3,1
10-01-2020,store_1,item_33,17,41.5,0,4,1
11-01-2020,store_1,item_33,18,41.5,0,5,1
12-01-2020,store_1,item_33,18,41.5,0,6,1
13-01-2020,store_1,item_33,20,41.5,0,0,1
14-01-2020,store_1,item_33,25,41.5,0,1,1
15-01-2020,store_1,item_33,26,41.5,0,2,1
16-01-2020,store_1,item_33,25,41.5,0,3,1
17-01-2020,store_1,item_33,23,41.5,0,4,1
18-01-2020,store_1,item_33,19,41.5,0,5,1
19-01-2020,store_1,item_33,28,33.2,1,6,1
20-01-2020,store_1,item_33,19,41.5,0,0,1
21-01-2020,store_1,item_33,24,41.5,0,1,1
22-01-2020,store_1,item_33,29,41.5,0,2,1
23-01-2020,store_1,item_33,26,41.5,0,3,1
24-01-2020,store_1,item_33,19,41.5,0,4,1
25-01-2020,store_1,item_33,21,41.5,0,5,1
26-01-2020,store_1,item_33,17,41.5,0,6,1
27-01-2020,store_1,item_33,20,41.5,0,0,1
28-01-2020,store_1,item_33,30,41.5,0,1,1
29-01-2020,store_1,item_33,32,41.5,0,2,1
30-01-2020,store_1,item_33,24,41.5,0,3,1
31-01-2020,store_1,item_33,23,41.5,0,4,1
01-01-2021,store_1,item_33,16,41.5,0,4,1
02-01-2021,store_1,item_33,21,41.5,0,5,1
03-01-2021,store_1,item_33,20,41.5,0,6,1
04-01-2021,store_1,item_33,22,41.5,0,0,1
05-01-2021,store_1,item_33,20,41.5,0,1,1
06-01-2021,store_1,item_33,33,41.5,0,2,1
07-01-2021,store_1,item_33,20,41.5,0,3,1
08-01-2021,store_1,item_33,16,41.5,0,4,1
09-01-2021,store_1,item_33,20,41.5,0,5,1
10-01-2021,store_1,item_33,22,41.5,0,6,1
11-01-2021,store_1,item_33,22,41.5,0,0,1
12-01-2021,store_1,item_33,24,41.5,0,1,1
13-01-2021,store_1,item_33,26,41.5,0,2,1
14-01-2021,store_1,item_33,26,41.5,0,3,1
15-01-2021,store_1,item_33,19,41.5,0,4,1
16-01-2021,store_1,item_33,22,41.5,0,5,1
17-01-2021,store_1,item_33,17,41.5,0,6,1
18-01-2021,store_1,item_33,18,41.5,0,0,1
19-01-2021,store_1,item_33,32,41.5,0,1,1
20-01-2021,store_1,item_33,26,41.5,0,2,1
21-01-2021,store_1,item_33,27,41.5,0,3,1
22-01-2021,store_1,item_33,23,41.5,0,4,1
23-01-2021,store_1,item_33,17,41.5,0,5,1
24-01-2021,store_1,item_33,22,41.5,0,6,1
25-01-2021,store_1,item_33,23,41.5,0,0,1
26-01-2021,store_1,item_33,26,41.5,0,1,1
27-01-2021,store_1,item_33,29,41.5,0,2,1
28-01-2021,store_1,item_33,32,41.5,0,3,1
29-01-2021,store_1,item_33,23,41.5,0,4,1
30-01-2021,store_1,item_33,22,41.5,0,5,1
31-01-2021,store_1,item_33,31,33.2,1,6,1
01-01-2022,store_1,item_33,23,41.5,0,5,1
02-01-2022,store_1,item_33,20,41.5,0,6,1
03-01-2022,store_1,item_33,18,41.5,0,0,1
04-01-2022,store_1,item_33,27,41.5,0,1,1
05-01-2022,store_1,item_33,29,41.5,0,2,1
06-01-2022,store_1,item_33,22,41.5,0,3,1
07-01-2022,store_1,item_33,14,41.5,0,4,1
08-01-2022,store_1,item_33,19,41.5,0,5,1
09-01-2022,store_1,item_33,21,41.5,0,6,1
10-01-2022,store_1,item_33,24,41.5,0,0,1
11-01-2022,store_1,item_33,32,41.5,0,1,1
12-01-2022,store_1,item_33,31,41.5,0,2,1
13-01-2022,store_1,item_33,30,41.5,0,3,1
14-01-2022,store_1,item_33,25,41.5,0,4,1
15-01-2022,store_1,item_33,28,33.2,1,5,1
16-01-2022,store_1,item_33,20,41.5,0,6,1
17-01-2022,store_1,item_33,34,33.2,1,0,1
18-01-2022,store_1,item_33,31,41.5,0,1,1
19-01-2022,store_1,item_33,24,41.5,0,2,1
20-01-2022,store_1,item_33,26,41.5,0,3,1
21-01-2022,store_1,item_33,33,33.2,1,4,1
22-01-2022,store_1,item_33,19,41.5,0,5,1
23-01-2022,store_1,item_33,32,33.2,1,6,1
24-01-2022,store_1,item_33,23,41.5,0,0,1
25-01-2022,store_1,item_33,33,41.5,0,1,1
26-01-2022,store_1,item_33,33,41.5,0,2,1
27-01-2022,store_1,item_33,30,41.5,0,3,1
28-01-2022,store_1,item_33,26,41.5,0,4,1
29-01-2022,store_1,item_33,28,41.5,0,5,1
30-01-2022,store_1,item_33,33,33.2,1,6,1
31-01-2022,store_1,item_33,26,41.5,0,0,1
01-01-2023,store_1,item_33,16,41.5,0,6,1
02-01-2023,store_1,item_33,19,41.5,0,0,1
03-01-2023,store_1,item_33,40,33.2,1,1,1
04-01-2023,store_1,item_33,28,41.5,0,2,1
05-01-2023,store_1,item_33,41,33.2,1,3,1
06-01-2023,store_1,item_33,24,41.5,0,4,1
07-01-2023,store_1,item_33,15,41.5,0,5,1
08-01-2023,store_1,item_33,22,41.5,0,6,1
09-01-2023,store_1,item_33,22,41.5,0,0,1
10-01-2023,store_1,item_33,30,41.5,0,1,1
11-01-2023,store_1,item_33,22,41.5,0,2,1
12-01-2023,store_1,item_33,26,41.5,0,3,1
13-01-2023,store_1,item_33,24,41.5,0,4,1
14-01-2023,store_1,item_33,29,33.2,1,5,1
15-01-2023,store_1,item_33,22,41.5,0,6,1
16-01-2023,store_1,item_33,29,41.5,0,0,1
17-01-2023,store_1,item_33,29,41.5,0,1,1
18-01-2023,store_1,item_33,33,41.5,0,2,1
19-01-2023,store_1,item_33,30,41.5,0,3,1
20-01-2023,store_1,item_33,21,41.5,0,4,1
21-01-2023,store_1,item_33,13,41.5,0,5,1
22-01-2023,store_1,item_33,22,41.5,0,6,1
23-01-2023,store_1,item_33,30,41.5,0,0,1
24-01-2023,store_1,item_33,34,41.5,0,1,1
25-01-2023,store_1,item_33,33,41.5,0,2,1
26-01-2023,store_1,item_33,27,41.5,0,3,1
27-01-2023,store_1,item_33,39,33.2,1,4,1
28-01-2023,store_1,item_33,18,41.5,0,5,1
29-01-2023,store_1,item_33,24,41.5,0,6,1
30-01-2023,store_1,item_33,44,33.2,1,0,1
31-01-2023,store_1,item_33,47,33.2,1,1,1
