backend/uploads/2019-01_actual.csv
Date,Store,Product,Demand,price,promo,weekday,month
01-01-2019,store_1,item_34,13,39.6,0,1,1
02-01-2019,store_1,item_34,18,39.6,0,2,1
03-01-2019,store_1,item_34,5,39.6,0,3,1
04-01-2019,store_1,item_34,12,39.6,0,4,1
05-01-2019,store_1,item_34,6,39.6,0,5,1
06-01-2019,store_1,item_34,15,39.6,0,6,1
07-01-2019,store_1,item_34,6,39.6,0,0,1
08-01-2019,store_1,item_34,13,39.6,0,1,1
09-01-2019,store_1,item_34,13,39.6,0,2,1
10-01-2019,store_1,item_34,8,39.6,0,3,1
11-01-2019,store_1,item_34,8,39.6,0,4,1
12-01-2019,store_1,item_34,9,39.6,0,5,1
13-01-2019,store_1,item_34,8,39.6,0,6,1
14-01-2019,store_1,item_34,11,39.6,0,0,1
15-01-2019,store_1,item_34,21,31.68,1,1,1
16-01-2019,store_1,item_34,16,31.68,1,2,1
17-01-2019,store_1,item_34,17,39.6,0,3,1
18-01-2019,store_1,item_34,12,39.6,0,4,1
19-01-2019,store_1,item_34,6,39.6,0,5,1
20-01-2019,store_1,item_34,16,31.68,1,6,1
21-01-2019,store_1,item_34,14,39.6,0,0,1
22-01-2019,store_1,item_34,14,39.6,0,1,1
23-01-2019,store_1,item_34,24,31.68,1,2,1
24-01-2019,store_1,item_34,16,39.6,0,3,1
25-01-2019,store_1,item_34,7,39.6,0,4,1
26-01-2019,store_1,item_34,8,39.6,0,5,1
27-01-2019,store_1,item_34,17,39.6,0,6,1
28-01-2019,store_1,item_34,18,31.68,1,0,1
29-01-2019,store_1,item_34,17,39.6,0,1,1
30-01-2019,store_1,item_34,19,39.6,0,2,1
31-01-2019,store_1,item_34,15,39.6,0,3,1
01-01-2020,store_1,item_34,17,39.6,0,2,1
02-01-2020,store_1,item_34,13,39.6,0,3,1
03-01-2020,store_1,item_34,4,39.6,0,4,1
04-01-2020,store_1,item_34,7,39.6,0,5,1
05-01-2020,store_1,item_34,13,39.6,0,6,1
06-01-2020,store_1,item_34,10,39.6,0,0,1
07-01-2020,store_1,item_34,14,39.6,0,1,1
08-01-2020,store_1,item_34,17,39.6,0,2,1
09-01-2020,store_1,item_34,14,39.6,0,3,1
10-01-2020,store_1,item_34,7,39.6,0,4,1
11-01-2020,store_1,item_34,11,31.68,1,5,1
12-01-2020,store_1,item_34,11,39.6,0,6,1
13-01-2020,store_1,item_34,16,39.6,0,0,1
14-01-2020,store_1,item_34,20,39.6,0,1,1
15-01-2020,store_1,item_34,21,39.6,0,2,1
16-01-2020,store_1,item_34,16,39.6,0,3,1
17-01-2020,store_1,item_34,15,39.6,0,4,1
18-01-2020,store_1,item_34,12,39.6,0,5,1
19-01-2020,store_1,item_34,8,39.6,0,6,1
20-01-2020,store_1,item_34,10,39.6,0,0,1
21-01-2020,store_1,item_34,16,39.6,0,1,1
22-01-2020,store_1,item_34,19,39.6,0,2,1
23-01-2020,store_1,item_34,12,39.6,0,3,1
24-01-2020,store_1,item_34,12,39.6,0,4,1
25-01-2020,store_1,item_34,13,39.6,0,5,1
26-01-2020,store_1,item_34,11,39.6,0,6,1
27-01-2020,store_1,item_34,14,39.6,0,0,1
28-01-2020,store_1,item_34,27,31.68,1,1,1
29-01-2020,store_1,item_34,27,39.6,0,2,1
30-01-2020,store_1,item_34,11,39.6,0,3,1
31-01-2020,store_1,item_34,12,39.6,0,4,1
01-01-2021,store_1,item_34,20,31.68,1,4,1
02-01-2021,store_1,item_34,14,31.68,1,5,1
03-01-2021,store_1,item_34,13,39.6,0,6,1
04-01-2021,store_1,item_34,15,39.6,0,0,1
05-01-2021,store_1,item_34,18,39.6,0,1,1
06-01-2021,store_1,item_34,15,39.6,0,2,1
07-01-2021,store_1,item_34,12,39.6,0,3,1
08-01-2021,store_1,item_34,10,39.6,0,4,1
09-01-2021,store_1,item_34,10,39.6,0,5,1
10-01-2021,store_1,item_34,13,39.6,0,6,1
11-01-2021,store_1,item_34,14,39.6,0,0,1
12-01-2021,store_1,item_34,18,39.6,0,1,1
13-01-2021,store_1,item_34,17,39.6,0,2,1
14-01-2021,store_1,item_34,15,39.6,0,3,1
15-01-2021,store_1,item_34,17,39.6,0,4,1
16-01-2021,store_1,item_34,9,39.6,0,5,1
17-01-2021,store_1,item_34,14,39.6,0,6,1
18-01-2021,store_1,item_34,18,39.6,0,0,1
19-01-2021,store_1,item_34,15,39.6,0,1,1
20-01-2021,store_1,item_34,29,31.68,1,2,1
21-01-2021,store_1,item_34,24,31.68,1,3,1
22-01-2021,store_1,item_34,9,39.6,0,4,1
23-01-2021,store_1,item_34,12,39.6,0,5,1
24-01-2021,store_1,item_34,14,39.6,0,6,1
25-01-2021,store_1,item_34,17,39.6,0,0,1
26-01-2021,store_1,item_34,25,39.6,0,1,1
27-01-2021,store_1,item_34,18,39.6,0,2,1
28-01-2021,store_1,item_34,24,31.68,1,3,1
29-01-2021,store_1,item_34,13,39.6,0,4,1
30-01-2021,store_1,item_34,14,39.6,0,5,1
31-01-2021,store_1,item_34,16,39.6,0,6,1
01-01-2022,store_1,item_34,14,39.6,0,5,1
02-01-2022,store_1,item_34,14,39.6,0,6,1
03-01-2022,store_1,item_34,18,39.6,0,0,1
04-01-2022,store_1,item_34,16,39.6,0,1,1
05-01-2022,store_1,item_34,16,39.6,0,2,1
06-01-2022,store_1,item_34,15,39.6,0,3,1
07-01-2022,store_1,item_34,20,31.68,1,4,1
08-01-2022,store_1,item_34,8,39.6,0,5,1
09-01-2022,store_1,item_34,11,39.6,0,6,1
10-01-2022,store_1,item_34,19,39.6,0,0,1
11-01-2022,store_1,item_34,17,39.6,0,1,1
12-01-2022,store_1,item_34,17,39.6,0,2,1
13-01-2022,store_1,item_34,15,39.6,0,3,1
14-01-2022,store_1,item_34,14,39.6,0,4,1
15-01-2022,store_1,item_34,13,39.6,0,5,1
16-01-2022,store_1,item_34,9,39.6,0,6,1
17-01-2022,store_1,item_34,12,39.6,0,0,1
18-01-2022,store_1,item_34,17,39.6,0,1,1
19-01-2022,store_1,item_34,17,39.6,0,2,1
20-01-2022,store_1,item_34,14,39.6,0,3,1
21-01-2022,store_1,item_34,13,39.6,0,4,1
22-01-2022,store_1,item_34,10,39.6,0,5,1
23-01-2022,store_1,item_34,11,39.6,0,6,1
24-01-2022,store_1,item_34,11,39.6,0,0,1
25-01-2022,store_1,item_34,20,39.6,0,1,1
26-01-2022,store_1,item_34,27,31.68,1,2,1
27-01-2022,store_1,item_34,20,39.6,0,3,1
28-01-2022,store_1,item_34,20,31.68,1,4,1
29-01-2022,store_1,item_34,18,39.6,0,5,1
30-01-2022,store_1,item_34,16,39.6,0,6,1
31-01-2022,store_1,item_34,13,39.6,0,0,1
01-01-2023,store_1,item_34,13,39.6,0,6,1
02-01-2023,store_1,item_34,17,39.6,0,0,1
03-01-2023,store_1,item_34,21,39.6,0,1,1
04-01-2023,store_1,item_34,18,39.6,0,2,1
05-01-2023,store_1,item_34,15,39.6,0,3,1
06-01-2023,store_1,item_34,10,39.6,0,4,1
07-01-2023,store_1,item_34,11,39.6,0,5,1
08-01-2023,store_1,item_34,15,39.6,0,6,1
09-01-2023,store_1,item_34,16,39.6,0,0,1
10-01-2023,store_1,item_34,21,39.6,0,1,1
11-01-2023,store_1,item_34,16,39.6,0,2,1
12-01-2023,store_1,item_34,11,39.6,0,3,1
13-01-2023,store_1,item_34,15,39.6,0,4,1
14-01-2023,store_1,item_34,16,39.6,0,5,1
15-01-2023,store_1,item_34,16,39.6,0,6,1
16-01-2023,store_1,item_34,20,39.6,0,0,1
17-01-2023,store_1,item_34,20,39.6,0,1,1
18-01-2023,store_1,item_34,15,39.6,0,2,1
19-01-2023,store_1,item_34,15,39.6,0,3,1
20-01-2023,store_1,item_34,9,39.6,0,4,1
21-01-2023,store_1,item_34,15,39.6,0,5,1
22-01-2023,store_1,item_34,10,39.6,0,6,1
23-01-2023,store_1,item_34,14,39.6,0,0,1
24-01-2023,store_1,item_34,14,39.6,0,1,1
25-01-2023,store_1,item_34,16,39.6,0,2,1
26-01-2023,store_1,item_34,17,39.6,0,3,1
27-01-2023,store_1,item_34,16,39.6,0,4,1
28-01-2023,store_1,item_34,12,39.6,0,5,1
29-01-2023,store_1,item_34,14,39.6,0,6,1
30-01-2023,store_1,item_34,18,39.6,0,0,1
31-01-2023,store_1,item_34,21,39.6,0,1,1
01-01-2019,store_1,item_35,20,45.13,0,1,1
02-01-2019,store_1,item_35,23,45.13,0,2,1
03-01-2019,store_1,item_35,22,45.13,0,3,1
04-01-2019,store_1,item_35,17,45.13,0,4,1
05-01-2019,store_1,item_35,12,45.13,0,5,1
06-01-2019,store_1,item_35,16,45.13,0,6,1
07-01-2019,store_1,item_35,19,45.13,0,0,1
08-01-2019,store_1,item_35,22,45.13,0,1,1
09-01-2019,store_1,item_35,22,45.13,0,2,1
10-01-2019,store_1,item_35,23,45.13,0,3,1
11-01-2019,store_1,item_35,23,45.13,0,4,1
12-01-2019,store_1,item_35,21,45.13,0,5,1
13-01-2019,store_1,item_35,27,36.1,1,6,1
14-01-2019,store_1,item_35,32,36.1,1,0,1
15-01-2019,store_1,item_35,18,45.13,0,1,1
16-01-2019,store_1,item_35,24,45.13,0,2,1
17-01-2019,store_1,item_35,23,45.13,0,3,1
18-01-2019,store_1,item_35,12,45.13,0,4,1
19-01-2019,store_1,item_35,22,45.13,0,5,1
20-01-2019,store_1,item_35,17,45.13,0,6,1
21-01-2019,store_1,item_35,28,36.1,1,0,1
22-01-2019,store_1,item_35,21,45.13,0,1,1
23-01-2019,store_1,item_35,25,45.13,0,2,1
24-01-2019,store_1,item_35,24,45.13,0,3,1
25-01-2019,store_1,item_35,23,45.13,0,4,1
26-01-2019,store_1,item_35,14,45.13,0,5,1
27-01-2019,store_1,item_35,17,45.13,0,6,1
28-01-2019,store_1,item_35,31,36.1,1,0,1
29-01-2019,store_1,item_35,23,45.13,0,1,1
30-01-2019,store_1,item_35,23,45.13,0,2,1
31-01-2019,store_1,item_35,29,45.13,0,3,1
01-01-2020,store_1,item_35,16,45.13,0,2,1
02-01-2020,store_1,item_35,20,45.13,0,3,1
03-01-2020,store_1,item_35,16,45.13,0,4,1
04-01-2020,store_1,item_35,14,45.13,0,5,1
05-01-2020,store_1,item_35,12,45.13,0,6,1
06-01-2020,store_1,item_35,23,45.13,0,0,1
07-01-2020,store_1,item_35,25,45.13,0,1,1
08-01-2020,store_1,item_35,26,45.13,0,2,1
09-01-2020,store_1,item_35,21,45.13,0,3,1
10-01-2020,store_1,item_35,17,45.13,0,4,1
11-01-2020,store_1,item_35,14,45.13,0,5,1
12-01-2020,store_1,item_35,19,45.13,0,6,1
13-01-2020,store_1,item_35,18,45.13,0,0,1
14-01-2020,store_1,item_35,26,45.13,0,1,1
15-01-2020,store_1,item_35,22,45.13,0,2,1
16-01-2020,store_1,item_35,39,36.1,1,3,1
17-01-2020,store_1,item_35,19,45.13,0,4,1
18-01-2020,store_1,item_35,16,45.13,0,5,1
19-01-2020,store_1,item_35,16,45.13,0,6,1
20-01-2020,store_1,item_35,25,45.13,0,0,1
21-01-2020,store_1,item_35,39,36.1,1,1,1
22-01-2020,store_1,item_35,32,45.13,0,2,1
23-01-2020,store_1,item_35,27,45.13,0,3,1
24-01-2020,store_1,item_35,17,45.13,0,4,1
25-01-2020,store_1,item_35,26,36.1,1,5,1
26-01-2020,store_1,item_35,19,45.13,0,6,1
27-01-2020,store_1,item_35,23,45.13,0,0,1
28-01-2020,store_1,item_35,30,45.13,0,1,1
29-01-2020,store_1,item_35,26,45.13,0,2,1
30-01-2020,store_1,item_35,22,45.13,0,3,1
31-01-2020,store_1,item_35,23,45.13,0,4,1
01-01-2021,store_1,item_35,18,45.13,0,4,1
02-01-2021,store_1,item_35,27,36.1,1,5,1
03-01-2021,store_1,item_35,17,45.13,0,6,1
04-01-2021,store_1,item_35,19,45.13,0,0,1
05-01-2021,store_1,item_35,19,45.13,0,1,1
06-01-2021,store_1,item_35,29,45.13,0,2,1
07-01-2021,store_1,item_35,22,45.13,0,3,1
08-01-2021,store_1,item_35,19,45.13,0,4,1
09-01-2021,store_1,item_35,20,45.13,0,5,1
10-01-2021,store_1,item_35,16,45.13,0,6,1
11-01-2021,store_1,item_35,27,45.13,0,0,1
12-01-2021,store_1,item_35,27,45.13,0,1,1
13-01-2021,store_1,item_35,30,45.13,0,2,1
14-01-2021,store_1,item_35,27,45.13,0,3,1
15-01-2021,store_1,item_35,23,45.13,0,4,1
16-01-2021,store_1,item_35,17,45.13,0,5,1
17-01-2021,store_1,item_35,25,36.1,1,6,1
18-01-2021,store_1,item_35,25,45.13,0,0,1
19-01-2021,store_1,item_35,22,45.13,0,1,1
20-01-2021,store_1,item_35,23,45.13,0,2,1
21-01-2021,store_1,item_35,24,45.13,0,3,1
22-01-2021,store_1,item_35,20,45.13,0,4,1
23-01-2021,store_1,item_35,24,36.1,1,5,1
24-01-2021,store_1,item_35,29,36.1,1,6,1
25-01-2021,store_1,item_35,35,36.1,1,0,1
26-01-2021,store_1,item_35,26,45.13,0,1,1
27-01-2021,store_1,item_35,29,45.13,0,2,1
28-01-2021,store_1,item_35,19,45.13,0,3,1
29-01-2021,store_1,item_35,35,36.1,1,4,1
30-01-2021,store_1,item_35,24,45.13,0,5,1
31-01-2021,store_1,item_35,20,45.13,0,6,1
01-01-2022,store_1,item_35,18,45.13,0,5,1
02-01-2022,store_1,item_35,14,45.13,0,6,1
03-01-2022,store_1,item_35,22,45.13,0,0,1
04-01-2022,store_1,item_35,24,45.13,0,1,1
05-01-2022,store_1,item_35,26,45.13,0,2,1
06-01-2022,store_1,item_35,23,45.13,0,3,1
07-01-2022,store_1,item_35,19,45.13,0,4,1
08-01-2022,store_1,item_35,18,45.13,0,5,1
09-01-2022,store_1,item_35,20,45.13,0,6,1
10-01-2022,store_1,item_35,20,45.13,0,0,1
11-01-2022,store_1,item_35,26,45.13,0,1,1
12-01-2022,store_1,item_35,41,36.1,1,2,1
13-01-2022,store_1,item_35,26,45.13,0,3,1
14-01-2022,store_1,item_35,25,45.13,0,4,1
15-01-2022,store_1,item_35,22,45.13,0,5,1
16-01-2022,store_1,item_35,23,45.13,0,6,1
17-01-2022,store_1,item_35,26,45.13,0,0,1
18-01-2022,store_1,item_35,50,36.1,1,1,1
19-01-2022,store_1,item_35,29,45.13,0,2,1
20-01-2022,store_1,item_35,23,45.13,0,3,1
21-01-2022,store_1,item_35,27,45.13,0,4,1
22-01-2022,store_1,item_35,20,45.13,0,5,1
23-01-2022,store_1,item_35,26,45.13,0,6,1
24-01-2022,store_1,item_35,24,45.13,0,0,1
25-01-2022,store_1,item_35,33,45.13,0,1,1
26-01-2022,store_1,item_35,37,45.13,0,2,1
27-01-2022,store_1,item_35,23,45.13,0,3,1
28-01-2022,store_1,item_35,20,45.13,0,4,1
29-01-2022,store_1,item_35,22,45.13,0,5,1
30-01-2022,store_1,item_35,24,45.13,0,6,1
31-01-2022,store_1,item_35,25,45.13,0,0,1
01-01-2023,store_1,item_35,26,36.1,1,6,1
02-01-2023,store_1,item_35,24,45.13,0,0,1
03-01-2023,store_1,item_35,27,45.13,0,1,1
04-01-2023,store_1,item_35,39,36.1,1,2,1
05-01-2023,store_1,item_35,24,45.13,0,3,1
06-01-2023,store_1,item_35,21,45.13,0,4,1
07-01-2023,store_1,item_35,17,45.13,0,5,1
08-01-2023,store_1,item_35,18,45.13,0,6,1
09-01-2023,store_1,item_35,26,45.13,0,0,1
10-01-2023,store_1,item_35,25,45.13,0,1,1
11-01-2023,store_1,item_35,29,45.13,0,2,1
12-01-2023,store_1,item_35,28,45.13,0,3,1
13-01-2023,store_1,item_35,22,45.13,0,4,1
14-01-2023,store_1,item_35,28,36.1,1,5,1
15-01-2023,store_1,item_35,25,45.13,0,6,1
16-01-2023,store_1,item_35,27,45.13,0,0,1
17-01-2023,store_1,item_35,34,45.13,0,1,1
18-01-2023,store_1,item_35,28,45.13,0,2,1
19-01-2023,store_1,item_35,28,45.13,0,3,1
20-01-2023,store_1,item_35,26,45.13,0,4,1
21-01-2023,store_1,item_35,26,45.13,0,5,1
22-01-2023,store_1,item_35,24,45.13,0,6,1
23-01-2023,store_1,item_35,24,45.13,0,0,1
24-01-2023,store_1,item_35,30,45.13,0,1,1
25-01-2023,store_1,item_35,31,45.13,0,2,1
26-01-2023,store_1,item_35,28,45.13,0,3,1
27-01-2023,store_1,item_35,23,45.13,0,4,1
28-01-2023,store_1,item_35,32,36.1,1,5,1
29-01-2023,store_1,item_35,13,45.13,0,6,1
30-01-2023,store_1,item_35,23,45.13,0,0,1
31-01-2023,store_1,item_35,33,45.13,0,1,1
