backend/uploads/2019-01_actual.csv
Date,Store,Product,Demand,price,promo,weekday,month
01-01-2019,store_1,item_36,27,77.01,0,1,1
02-01-2019,store_1,item_36,33,61.61,1,2,1
03-01-2019,store_1,item_36,19,77.01,0,3,1
04-01-2019,store_1,item_36,15,77.01,0,4,1
05-01-2019,store_1,item_36,15,77.01,0,5,1
06-01-2019,store_1,item_36,18,77.01,0,6,1
07-01-2019,store_1,item_36,26,61.61,1,0,1
08-01-2019,store_1,item_36,20,77.01,0,1,1
09-01-2019,store_1,item_36,35,61.61,1,2,1
10-01-2019,store_1,item_36,21,77.01,0,3,1
11-01-2019,store_1,item_36,15,77.01,0,4,1
12-01-2019,store_1,item_36,20,77.01,0,5,1
13-01-2019,store_1,item_36,12,77.01,0,6,1
14-01-2019,store_1,item_36,28,61.61,1,0,1
15-01-2019,store_1,item_36,21,77.01,0,1,1
16-01-2019,store_1,item_36,21,77.01,0,2,1
17-01-2019,store_1,item_36,39,61.61,1,3,1
18-01-2019,store_1,item_36,24,77.01,0,4,1
19-01-2019,store_1,item_36,15,77.01,0,5,1
20-01-2019,store_1,item_36,19,77.01,0,6,1
21-01-2019,store_1,item_36,21,77.01,0,0,1
22-01-2019,store_1,item_36,26,77.01,0,1,1
23-01-2019,store_1,item_36,29,77.01,0,2,1
24-01-2019,store_1,item_36,20,77.01,0,3,1
25-01-2019,store_1,item_36,18,77.01,0,4,1
26-01-2019,store_1,item_36,25,77.01,0,5,1
27-01-2019,store_1,item_36,15,77.01,0,6,1
28-01-2019,store_1,item_36,20,77.01,0,0,1
29-01-2019,store_1,item_36,21,77.01,0,1,1
30-01-2019,store_1,item_36,32,77.01,0,2,1
31-01-2019,store_1,item_36,22,77.01,0,3,1
01-01-2020,store_1,item_36,23,77.01,0,2,1
02-01-2020,store_1,item_36,16,77.01,0,3,1
03-01-2020,store_1,item_36,16,77.01,0,4,1
04-01-2020,store_1,item_36,13,77.01,0,5,1
05-01-2020,store_1,item_36,21,77.01,0,6,1
06-01-2020,store_1,item_36,20,77.01,0,0,1
07-01-2020,store_1,item_36,19,77.01,0,1,1
08-01-2020,store_1,item_36,23,77.01,0,2,1
09-01-2020,store_1,item_36,21,77.01,0,3,1
10-01-2020,store_1,item_36,17,77.01,0,4,1
11-01-2020,store_1,item_36,24,61.61,1,5,1
12-01-2020,store_1,item_36,22,77.01,0,6,1
13-01-2020,store_1,item_36,32,61.61,1,0,1
14-01-2020,store_1,item_36,24,77.01,0,1,1
15-01-2020,store_1,item_36,27,77.01,0,2,1
16-01-2020,store_1,item_36,23,77.01,0,3,1
17-01-2020,store_1,item_36,18,77.01,0,4,1
18-01-2020,store_1,item_36,17,77.01,0,5,1
19-01-2020,store_1,item_36,17,77.01,0,6,1
20-01-2020,store_1,item_36,26,77.01,0,0,1
21-01-2020,store_1,item_36,27,77.01,0,1,1
22-01-2020,store_1,item_36,33,77.01,0,2,1
23-01-2020,store_1,item_36,23,77.01,0,3,1
24-01-2020,store_1,item_36,21,77.01,0,4,1
25-01-2020,store_1,item_36,21,77.01,0,5,1
26-01-2020,store_1,item_36,17,77.01,0,6,1
27-01-2020,store_1,item_36,23,77.01,0,0,1
28-01-2020,store_1,item_36,28,77.01,0,1,1
29-01-2020,store_1,item_36,33,77.01,0,2,1
30-01-2020,store_1,item_36,25,77.01,0,3,1
31-01-2020,store_1,item_36,25,77.01,0,4,1
01-01-2021,store_1,item_36,16,77.01,0,4,1
02-01-2021,store_1,item_36,23,77.01,0,5,1
03-01-2021,store_1,item_36,17,77.01,0,6,1
04-01-2021,store_1,item_36,17,77.01,0,0,1
05-01-2021,store_1,item_36,27,77.01,0,1,1
06-01-2021,store_1,item_36,27,77.01,0,2,1
07-01-2021,store_1,item_36,21,77.01,0,3,1
08-01-2021,store_1,item_36,17,77.01,0,4,1
09-01-2021,store_1,item_36,12,77.01,0,5,1
10-01-2021,store_1,item_36,22,77.01,0,6,1
11-01-2021,store_1,item_36,35,61.61,1,0,1
12-01-2021,store_1,item_36,42,61.61,1,1,1
13-01-2021,store_1,item_36,27,77.01,0,2,1
14-01-2021,store_1,item_36,25,77.01,0,3,1
15-01-2021,store_1,item_36,24,77.01,0,4,1
16-01-2021,store_1,item_36,28,61.61,1,5,1
17-01-2021,store_1,item_36,18,77.01,0,6,1
18-01-2021,store_1,item_36,27,77.01,0,0,1
19-01-2021,store_1,item_36,25,77.01,0,1,1
20-01-2021,store_1,item_36,27,77.01,0,2,1
21-01-2021,store_1,item_36,36,61.61,1,3,1
22-01-2021,store_1,item_36,18,77.01,0,4,1
23-01-2021,store_1,item_36,18,77.01,0,5,1
24-01-2021,store_1,item_36,24,77.01,0,6,1
25-01-2021,store_1,item_36,31,77.01,0,0,1
26-01-2021,store_1,item_36,21,77.01,0,1,1
27-01-2021,store_1,item_36,28,77.01,0,2,1
28-01-2021,store_1,item_36,25,77.01,0,3,1
29-01-2021,store_1,item_36,24,77.01,0,4,1
30-01-2021,store_1,item_36,19,77.01,0,5,1
31-01-2021,store_1,item_36,21,77.01,0,6,1
01-01-2022,store_1,item_36,15,77.01,0,5,1
02-01-2022,store_1,item_36,17,77.01,0,6,1
03-01-2022,store_1,item_36,19,77.01,0,0,1
04-01-2022,store_1,item_36,28,77.01,0,1,1
05-01-2022,store_1,item_36,30,77.01,0,2,1
06-01-2022,store_1,item_36,29,77.01,0,3,1
07-01-2022,store_1,item_36,21,77.01,0,4,1
08-01-2022,store_1,item_36,19,77.01,0,5,1
09-01-2022,store_1,item_36,21,77.01,0,6,1
10-01-2022,store_1,item_36,26,77.01,0,0,1
11-01-2022,store_1,item_36,35,61.61,1,1,1
12-01-2022,store_1,item_36,27,77.01,0,2,1
13-01-2022,store_1,item_36,25,77.01,0,3,1
14-01-2022,store_1,item_36,17,77.01,0,4,1
15-01-2022,store_1,item_36,23,77.01,0,5,1
16-01-2022,store_1,item_36,26,61.61,1,6,1
17-01-2022,store_1,item_36,20,77.01,0,0,1
18-01-2022,store_1,item_36,27,77.01,0,1,1
19-01-2022,store_1,item_36,28,77.01,0,2,1
20-01-2022,store_1,item_36,31,77.01,0,3,1
21-01-2022,store_1,item_36,28,77.01,0,4,1
22-01-2022,store_1,item_36,20,77.01,0,5,1
23-01-2022,store_1,item_36,19,77.01,0,6,1
24-01-2022,store_1,item_36,21,77.01,0,0,1
25-01-2022,store_1,item_36,45,61.61,1,1,1
26-01-2022,store_1,item_36,41,61.61,1,2,1
27-01-2022,store_1,item_36,40,61.61,1,3,1
28-01-2022,store_1,item_36,26,77.01,0,4,1
29-01-2022,store_1,item_36,22,77.01,0,5,1
30-01-2022,store_1,item_36,19,77.01,0,6,1
31-01-2022,store_1,item_36,28,77.01,0,0,1
01-01-2023,store_1,item_36,23,77.01,0,6,1
02-01-2023,store_1,item_36,25,77.01,0,0,1
03-01-2023,store_1,item_36,32,77.01,0,1,1
04-01-2023,store_1,item_36,30,77.01,0,2,1
05-01-2023,store_1,item_36,22,77.01,0,3,1
06-01-2023,store_1,item_36,24,77.01,0,4,1
07-01-2023,store_1,item_36,21,77.01,0,5,1
08-01-2023,store_1,item_36,20,77.01,0,6,1
09-01-2023,store_1,item_36,37,61.61,1,0,1
10-01-2023,store_1,item_36,34,77.01,0,1,1
11-01-2023,store_1,item_36,46,61.61,1,2,1
12-01-2023,store_1,item_36,30,77.01,0,3,1
13-01-2023,store_1,item_36,32,61.61,1,4,1
14-01-2023,store_1,item_36,15,77.01,0,5,1
15-01-2023,store_1,item_36,24,77.01,0,6,1
16-01-2023,store_1,item_36,22,77.01,0,0,1
17-01-2023,store_1,item_36,32,77.01,0,1,1
18-01-2023,store_1,item_36,26,77.01,0,2,1
19-01-2023,store_1,item_36,30,77.01,0,3,1
20-01-2023,store_1,item_36,27,77.01,0,4,1
21-01-2023,store_1,item_36,23,77.01,0,5,1
22-01-2023,store_1,item_36,22,77.01,0,6,1
23-01-2023,store_1,item_36,30,77.01,0,0,1
24-01-2023,store_1,item_36,29,77.01,0,1,1
25-01-2023,store_1,item_36,30,77.01,0,2,1
26-01-2023,store_1,item_36,33,77.01,0,3,1
27-01-2023,store_1,item_36,21,77.01,0,4,1
28-01-2023,store_1,item_36,20,77.01,0,5,1
29-01-2023,store_1,item_36,21,77.01,0,6,1
30-01-2023,store_1,item_36,28,77.01,0,0,1
31-01-2023,store_1,item_36,34,77.01,0,1,1
01-01-2019,store_1,item_37,33,24.39,0,1,1
02-01-2019,store_1,item_37,28,24.39,0,2,1
03-01-2019,store_1,item_37,40,24.39,0,3,1
04-01-2019,store_1,item_37,26,24.39,0,4,1
05-01-2019,store_1,item_37,25,24.39,0,5,1
06-01-2019,store_1,item_37,32,24.39,0,6,1
07-01-2019,store_1,item_37,28,24.39,0,0,1
08-01-2019,store_1,item_37,38,24.39,0,1,1
09-01-2019,store_1,item_37,44,24.39,0,2,1
10-01-2019,store_1,item_37,36,24.39,0,3,1
11-01-2019,store_1,item_37,50,19.51,1,4,1
12-01-2019,store_1,item_37,26,24.39,0,5,1
13-01-2019,store_1,item_37,30,24.39,0,6,1
14-01-2019,store_1,item_37,48,19.51,1,0,1
15-01-2019,store_1,item_37,36,24.39,0,1,1
16-01-2019,store_1,item_37,40,24.39,0,2,1
17-01-2019,store_1,item_37,29,24.39,0,3,1
18-01-2019,store_1,item_37,27,24.39,0,4,1
19-01-2019,store_1,item_37,26,24.39,0,5,1
20-01-2019,store_1,item_37,29,24.39,0,6,1
21-01-2019,store_1,item_37,39,24.39,0,0,1
22-01-2019,store_1,item_37,38,24.39,0,1,1
23-01-2019,store_1,item_37,38,24.39,0,2,1
24-01-2019,store_1,item_37,38,24.39,0,3,1
25-01-2019,store_1,item_37,29,24.39,0,4,1
26-01-2019,store_1,item_37,23,24.39,0,5,1
27-01-2019,store_1,item_37,27,24.39,0,6,1
28-01-2019,store_1,item_37,31,24.39,0,0,1
29-01-2019,store_1,item_37,43,24.39,0,1,1
30-01-2019,store_1,item_37,40,24.39,0,2,1
31-01-2019,store_1,item_37,40,24.39,0,3,1
01-01-2020,store_1,item_37,36,24.39,0,2,1
02-01-2020,store_1,item_37,48,19.51,1,3,1
03-01-2020,store_1,item_37,45,19.51,1,4,1
04-01-2020,store_1,item_37,28,24.39,0,5,1
05-01-2020,store_1,item_37,29,24.39,0,6,1
06-01-2020,store_1,item_37,28,24.39,0,0,1
07-01-2020,store_1,item_37,41,24.39,0,1,1
08-01-2020,store_1,item_37,43,24.39,0,2,1
09-01-2020,store_1,item_37,44,24.39,0,3,1
10-01-2020,store_1,item_37,29,24.39,0,4,1
11-01-2020,store_1,item_37,29,24.39,0,5,1
12-01-2020,store_1,item_37,34,24.39,0,6,1
13-01-2020,store_1,item_37,36,24.39,0,0,1
14-01-2020,store_1,item_37,49,24.39,0,1,1
15-01-2020,store_1,item_37,41,24.39,0,2,1
16-01-2020,store_1,item_37,36,24.39,0,3,1
17-01-2020,store_1,item_37,26,24.39,0,4,1
18-01-2020,store_1,item_37,28,24.39,0,5,1
19-01-2020,store_1,item_37,30,24.39,0,6,1
20-01-2020,store_1,item_37,36,24.39,0,0,1
21-01-2020,store_1,item_37,43,24.39,0,1,1
22-01-2020,store_1,item_37,42,24.39,0,2,1
23-01-2020,store_1,item_37,40,24.39,0,3,1
24-01-2020,store_1,item_37,32,24.39,0,4,1
25-01-2020,store_1,item_37,31,24.39,0,5,1
26-01-2020,store_1,item_37,27,24.39,0,6,1
27-01-2020,store_1,item_37,34,24.39,0,0,1
28-01-2020,store_1,item_37,43,24.39,0,1,1
29-01-2020,store_1,item_37,46,24.39,0,2,1
30-01-2020,store_1,item_37,40,24.39,0,3,1
31-01-2020,store_1,item_37,33,24.39,0,4,1
01-01-2021,store_1,item_37,34,24.39,0,4,1
02-01-2021,store_1,item_37,31,24.39,0,5,1
03-01-2021,store_1,item_37,30,24.39,0,6,1
04-01-2021,store_1,item_37,38,24.39,0,0,1
05-01-2021,store_1,item_37,43,24.39,0,1,1
06-01-2021,store_1,item_37,37,24.39,0,2,1
07-01-2021,store_1,item_37,39,24.39,0,3,1
08-01-2021,store_1,item_37,30,24.39,0,4,1
09-01-2021,store_1,item_37,26,24.39,0,5,1
10-01-2021,store_1,item_37,31,24.39,0,6,1
11-01-2021,store_1,item_37,36,24.39,0,0,1
12-01-2021,store_1,item_37,41,24.39,0,1,1
13-01-2021,store_1,item_37,39,24.39,0,2,1
14-01-2021,store_1,item_37,39,24.39,0,3,1
15-01-2021,store_1,item_37,30,24.39,0,4,1
16-01-2021,store_1,item_37,45,19.51,1,5,1
17-01-2021,store_1,item_37,31,24.39,0,6,1
18-01-2021,store_1,item_37,39,24.39,0,0,1
19-01-2021,store_1,item_37,40,24.39,0,1,1
20-01-2021,store_1,item_37,48,24.39,0,2,1
21-01-2021,store_1,item_37,42,24.39,0,3,1
22-01-2021,store_1,item_37,45,24.39,0,4,1
23-01-2021,store_1,item_37,28,24.39,0,5,1
24-01-2021,store_1,item_37,37,24.39,0,6,1
25-01-2021,store_1,item_37,36,24.39,0,0,1
26-01-2021,store_1,item_37,48,24.39,0,1,1
27-01-2021,store_1,item_37,48,24.39,0,2,1
28-01-2021,store_1,item_37,38,24.39,0,3,1
29-01-2021,store_1,item_37,35,24.39,0,4,1
30-01-2021,store_1,item_37,34,24.39,0,5,1
31-01-2021,store_1,item_37,33,24.39,0,6,1
01-01-2022,store_1,item_37,36,19.51,1,5,1
02-01-2022,store_1,item_37,48,19.51,1,6,1
03-01-2022,store_1,item_37,35,24.39,0,0,1
04-01-2022,store_1,item_37,39,24.39,0,1,1
05-01-2022,store_1,item_37,48,24.39,0,2,1
06-01-2022,store_1,item_37,40,24.39,0,3,1
07-01-2022,store_1,item_37,37,24.39,0,4,1
08-01-2022,store_1,item_37,33,24.39,0,5,1
09-01-2022,store_1,item_37,34,24.39,0,6,1
10-01-2022,store_1,item_37,37,24.39,0,0,1
11-01-2022,store_1,item_37,43,24.39,0,1,1
12-01-2022,store_1,item_37,46,24.39,0,2,1
13-01-2022,store_1,item_37,46,24.39,0,3,1
14-01-2022,store_1,item_37,38,24.39,0,4,1
15-01-2022,store_1,item_37,30,24.39,0,5,1
16-01-2022,store_1,item_37,49,19.51,1,6,1
17-01-2022,store_1,item_37,44,24.39,0,0,1
18-01-2022,store_1,item_37,42,24.39,0,1,1
19-01-2022,store_1,item_37,41,24.39,0,2,1
20-01-2022,store_1,item_37,40,24.39,0,3,1
21-01-2022,store_1,item_37,43,24.39,0,4,1
22-01-2022,store_1,item_37,45,19.51,1,5,1
23-01-2022,store_1,item_37,31,24.39,0,6,1
24-01-2022,store_1,item_37,41,24.39,0,0,1
25-01-2022,store_1,item_37,47,24.39,0,1,1
26-01-2022,store_1,item_37,52,24.39,0,2,1
27-01-2022,store_1,item_37,70,19.51,1,3,1
28-01-2022,store_1,item_37,36,24.39,0,4,1
29-01-2022,store_1,item_37,34,24.39,0,5,1
30-01-2022,store_1,item_37,35,24.39,0,6,1
31-01-2022,store_1,item_37,39,24.39,0,0,1
01-01-2023,store_1,item_37,33,24.39,0,6,1
02-01-2023,store_1,item_37,37,24.39,0,0,1
03-01-2023,store_1,item_37,42,24.39,0,1,1
04-01-2023,store_1,item_37,72,19.51,1,2,1
05-01-2023,store_1,item_37,38,24.39,0,3,1
06-01-2023,store_1,item_37,36,24.39,0,4,1
07-01-2023,store_1,item_37,45,19.51,1,5,1
08-01-2023,store_1,item_37,31,24.39,0,6,1
09-01-2023,store_1,item_37,38,24.39,0,0,1
10-01-2023,store_1,item_37,45,24.39,0,1,1
11-01-2023,store_1,item_37,46,24.39,0,2,1
12-01-2023,store_1,item_37,44,24.39,0,3,1
13-01-2023,store_1,item_37,57,19.51,1,4,1
14-01-2023,store_1,item_37,34,24.39,0,5,1
15-01-2023,store_1,item_37,34,24.39,0,6,1
16-01-2023,store_1,item_37,41,24.39,0,0,1
17-01-2023,store_1,item_37,48,24.39,0,1,1
18-01-2023,store_1,item_37,49,24.39,0,2,1
19-01-2023,store_1,item_37,46,24.39,0,3,1
20-01-2023,store_1,item_37,33,24.39,0,4,1
21-01-2023,store_1,item_37,29,24.39,0,5,1
22-01-2023,store_1,item_37,36,24.39,0,6,1
23-01-2023,store_1,item_37,43,24.39,0,0,1
24-01-2023,store_1,item_37,43,24.39,0,1,1
25-01-2023,store_1,item_37,52,24.39,0,2,1
26-01-2023,store_1,item_37,44,24.39,0,3,1
27-01-2023,store_1,item_37,40,24.39,0,4,1
28-01-2023,store_1,item_37,31,24.39,0,5,1
29-01-2023,store_1,item_37,42,24.39,0,6,1
30-01-2023,store_1,item_37,44,24.39,0,0,1
31-01-2023,store_1,item_37,53,24.39,0,1,1
