backend/uploads/2019-01_actual.csv
Date,Store,Product,Demand,price,promo,weekday,month
01-01-2019,store_1,item_38,32,58.62,0,1,1
02-01-2019,store_1,item_38,32,58.62,0,2,1
03-01-2019,store_1,item_38,33,58.62,0,3,1
04-01-2019,store_1,item_38,30,58.62,0,4,1
05-01-2019,store_1,item_38,19,58.62,0,5,1
06-01-2019,store_1,item_38,23,58.62,0,6,1
07-01-2019,store_1,item_38,33,58.62,0,0,1
08-01-2019,store_1,item_38,32,58.62,0,1,1
09-01-2019,store_1,item_38,33,58.62,0,2,1
10-01-2019,store_1,item_38,40,58.62,0,3,1
11-01-2019,store_1,item_38,28,58.62,0,4,1
12-01-2019,store_1,item_38,23,58.62,0,5,1
13-01-2019,store_1,item_38,29,58.62,0,6,1
14-01-2019,store_1,item_38,32,58.62,0,0,1
15-01-2019,store_1,item_38,43,58.62,0,1,1
16-01-2019,store_1,item_38,39,58.62,0,2,1
17-01-2019,store_1,item_38,46,46.89,1,3,1
18-01-2019,store_1,item_38,26,58.62,0,4,1
19-01-2019,store_1,item_38,26,58.62,0,5,1
20-01-2019,store_1,item_38,29,58.62,0,6,1
21-01-2019,store_1,item_38,50,46.89,1,0,1
22-01-2019,store_1,item_38,38,58.62,0,1,1
23-01-2019,store_1,item_38,56,46.89,1,2,1
24-01-2019,store_1,item_38,36,58.62,0,3,1
25-01-2019,store_1,item_38,35,58.62,0,4,1
26-01-2019,store_1,item_38,26,58.62,0,5,1
27-01-2019,store_1,item_38,28,58.62,0,6,1
28-01-2019,store_1,item_38,32,58.62,0,0,1
29-01-2019,store_1,item_38,54,46.89,1,1,1
30-01-2019,store_1,item_38,59,46.89,1,2,1
31-01-2019,store_1,item_38,38,58.62,0,3,1
01-01-2020,store_1,item_38,34,58.62,0,2,1
02-01-2020,store_1,item_38,36,58.62,0,3,1
03-01-2020,store_1,item_38,30,58.62,0,4,1
04-01-2020,store_1,item_38,27,58.62,0,5,1
05-01-2020,store_1,item_38,24,58.62,0,6,1
06-01-2020,store_1,item_38,29,58.62,0,0,1
07-01-2020,store_1,item_38,42,58.62,0,1,1
08-01-2020,store_1,item_38,30,58.62,0,2,1
09-01-2020,store_1,item_38,37,58.62,0,3,1
10-01-2020,store_1,item_38,27,58.62,0,4,1
11-01-2020,store_1,item_38,29,58.62,0,5,1
12-01-2020,store_1,item_38,29,58.62,0,6,1
13-01-2020,store_1,item_38,31,58.62,0,0,1
14-01-2020,store_1,item_38,33,58.62,0,1,1
15-01-2020,store_1,item_38,35,58.62,0,2,1
16-01-2020,store_1,item_38,34,58.62,0,3,1
17-01-2020,store_1,item_38,26,58.62,0,4,1
18-01-2020,store_1,item_38,28,58.62,0,5,1
19-01-2020,store_1,item_38,30,58.62,0,6,1
20-01-2020,store_1,item_38,38,58.62,0,0,1
21-01-2020,store_1,item_38,42,58.62,0,1,1
22-01-2020,store_1,item_38,55,46.89,1,2,1
23-01-2020,store_1,item_38,37,58.62,0,3,1
24-01-2020,store_1,item_38,31,58.62,0,4,1
25-01-2020,store_1,item_38,45,46.89,1,5,1
26-01-2020,store_1,item_38,25,58.62,0,6,1
27-01-2020,store_1,item_38,34,58.62,0,0,1
28-01-2020,store_1,item_38,56,46.89,1,1,1
29-01-2020,store_1,item_38,41,58.62,0,2,1
30-01-2020,store_1,item_38,57,46.89,1,3,1
31-01-2020,store_1,item_38,33,58.62,0,4,1
01-01-2021,store_1,item_38,28,58.62,0,4,1
02-01-2021,store_1,item_38,25,58.62,0,5,1
03-01-2021,store_1,item_38,34,58.62,0,6,1
04-01-2021,store_1,item_38,30,58.62,0,0,1
05-01-2021,store_1,item_38,43,58.62,0,1,1
06-01-2021,store_1,item_38,60,46.89,1,2,1
07-01-2021,store_1,item_38,36,58.62,0,3,1
08-01-2021,store_1,item_38,30,58.62,0,4,1
09-01-2021,store_1,item_38,24,58.62,0,5,1
10-01-2021,store_1,item_38,25,58.62,0,6,1
11-01-2021,store_1,item_38,31,58.62,0,0,1
12-01-2021,store_1,item_38,40,58.62,0,1,1
13-01-2021,store_1,item_38,38,58.62,0,2,1
14-01-2021,store_1,item_38,37,58.62,0,3,1
15-01-2021,store_1,item_38,32,58.62,0,4,1
16-01-2021,store_1,item_38,27,58.62,0,5,1
17-01-2021,store_1,item_38,28,58.62,0,6,1
18-01-2021,store_1,item_38,35,58.62,0,0,1
19-01-2021,store_1,item_38,54,46.89,1,1,1
20-01-2021,store_1,item_38,40,58.62,0,2,1
21-01-2021,store_1,item_38,32,58.62,0,3,1
22-01-2021,store_1,item_38,30,58.62,0,4,1
23-01-2021,store_1,item_38,32,58.62,0,5,1
24-01-2021,store_1,item_38,28,58.62,0,6,1
25-01-2021,store_1,item_38,35,58.62,0,0,1
26-01-2021,store_1,item_38,42,58.62,0,1,1
27-01-2021,store_1,item_38,44,58.62,0,2,1
28-01-2021,store_1,item_38,38,58.62,0,3,1
29-01-2021,store_1,item_38,33,58.62,0,4,1
30-01-2021,store_1,item_38,30,58.62,0,5,1
31-01-2021,store_1,item_38,30,58.62,0,6,1
01-01-2022,store_1,item_38,31,58.62,0,5,1
02-01-2022,store_1,item_38,27,58.62,0,6,1
03-01-2022,store_1,item_38,33,58.62,0,0,1
04-01-2022,store_1,item_38,38,58.62,0,1,1
05-01-2022,store_1,item_38,42,58.62,0,2,1
06-01-2022,store_1,item_38,33,58.62,0,3,1
07-01-2022,store_1,item_38,32,58.62,0,4,1
08-01-2022,store_1,item_38,26,58.62,0,5,1
09-01-2022,store_1,item_38,40,46.89,1,6,1
10-01-2022,store_1,item_38,37,58.62,0,0,1
11-01-2022,store_1,item_38,40,58.62,0,1,1
12-01-2022,store_1,item_38,44,58.62,0,2,1
13-01-2022,store_1,item_38,33,58.62,0,3,1
14-01-2022,store_1,item_38,34,58.62,0,4,1
15-01-2022,store_1,item_38,27,58.62,0,5,1
16-01-2022,store_1,item_38,30,58.62,0,6,1
17-01-2022,store_1,item_38,34,58.62,0,0,1
18-01-2022,store_1,item_38,40,58.62,0,1,1
19-01-2022,store_1,item_38,46,58.62,0,2,1
20-01-2022,store_1,item_38,57,46.89,1,3,1
21-01-2022,store_1,item_38,40,58.62,0,4,1
22-01-2022,store_1,item_38,49,46.89,1,5,1
23-01-2022,store_1,item_38,36,58.62,0,6,1
24-01-2022,store_1,item_38,35,58.62,0,0,1
25-01-2022,store_1,item_38,43,58.62,0,1,1
26-01-2022,store_1,item_38,45,58.62,0,2,1
27-01-2022,store_1,item_38,38,58.62,0,3,1
28-01-2022,store_1,item_38,34,58.62,0,4,1
29-01-2022,store_1,item_38,30,58.62,0,5,1
30-01-2022,store_1,item_38,34,58.62,0,6,1
31-01-2022,store_1,item_38,36,58.62,0,0,1
01-01-2023,store_1,item_38,30,58.62,0,6,1
02-01-2023,store_1,item_38,38,58.62,0,0,1
03-01-2023,store_1,item_38,37,58.62,0,1,1
04-01-2023,store_1,item_38,60,46.89,1,2,1
05-01-2023,store_1,item_38,38,58.62,0,3,1
06-01-2023,store_1,item_38,35,58.62,0,4,1
07-01-2023,store_1,item_38,30,58.62,0,5,1
08-01-2023,store_1,item_38,30,58.62,0,6,1
09-01-2023,store_1,item_38,35,58.62,0,0,1
10-01-2023,store_1,item_38,43,58.62,0,1,1
11-01-2023,store_1,item_38,46,58.62,0,2,1
12-01-2023,store_1,item_38,43,58.62,0,3,1
13-01-2023,store_1,item_38,46,46.89,1,4,1
14-01-2023,store_1,item_38,27,58.62,0,5,1
15-01-2023,store_1,item_38,30,58.62,0,6,1
16-01-2023,store_1,item_38,41,58.62,0,0,1
17-01-2023,store_1,item_38,43,58.62,0,1,1
18-01-2023,store_1,item_38,39,58.62,0,2,1
19-01-2023,store_1,item_38,42,58.62,0,3,1
20-01-2023,store_1,item_38,32,58.62,0,4,1
21-01-2023,store_1,item_38,29,58.62,0,5,1
22-01-2023,store_1,item_38,28,58.62,0,6,1
23-01-2023,store_1,item_38,38,58.62,0,0,1
24-01-2023,store_1,item_38,42,58.62,0,1,1
25-01-2023,store_1,item_38,64,46.89,1,2,1
26-01-2023,store_1,item_38,46,58.62,0,3,1
27-01-2023,store_1,item_38,36,58.62,0,4,1
28-01-2023,store_1,item_38,32,58.62,0,5,1
29-01-2023,store_1,item_38,45,46.89,1,6,1
30-01-2023,store_1,item_38,38,58.62,0,0,1
31-01-2023,store_1,item_38,47,58.62,0,1,1
01-01-2019,store_1,item_39,37,76.3,0,1,1
02-01-2019,store_1,item_39,36,76.3,0,2,1
03-01-2019,store_1,item_39,36,76.3,0,3,1
04-01-2019,store_1,item_39,29,76.3,0,4,1
05-01-2019,store_1,item_39,31,76.3,0,5,1
06-01-2019,store_1,item_39,30,76.3,0,6,1
07-01-2019,store_1,item_39,56,61.04,1,0,1
08-01-2019,store_1,item_39,40,76.3,0,1,1
09-01-2019,store_1,item_39,63,61.04,1,2,1
10-01-2019,store_1,item_39,44,76.3,0,3,1
11-01-2019,store_1,item_39,34,76.3,0,4,1
12-01-2019,store_1,item_39,30,76.3,0,5,1
13-01-2019,store_1,item_39,30,76.3,0,6,1
14-01-2019,store_1,item_39,34,76.3,0,0,1
15-01-2019,store_1,item_39,42,76.3,0,1,1
16-01-2019,store_1,item_39,46,76.3,0,2,1
17-01-2019,store_1,item_39,46,76.3,0,3,1
18-01-2019,store_1,item_39,36,76.3,0,4,1
19-01-2019,store_1,item_39,26,76.3,0,5,1
20-01-2019,store_1,item_39,33,76.3,0,6,1
21-01-2019,store_1,item_39,40,76.3,0,0,1
22-01-2019,store_1,item_39,49,76.3,0,1,1
23-01-2019,store_1,item_39,49,76.3,0,2,1
24-01-2019,store_1,item_39,41,76.3,0,3,1
25-01-2019,store_1,item_39,36,76.3,0,4,1
26-01-2019,store_1,item_39,30,76.3,0,5,1
27-01-2019,store_1,item_39,34,76.3,0,6,1
28-01-2019,store_1,item_39,48,76.3,0,0,1
29-01-2019,store_1,item_39,48,76.3,0,1,1
30-01-2019,store_1,item_39,41,76.3,0,2,1
31-01-2019,store_1,item_39,44,76.3,0,3,1
01-01-2020,store_1,item_39,45,76.3,0,2,1
02-01-2020,store_1,item_39,40,76.3,0,3,1
03-01-2020,store_1,item_39,32,76.3,0,4,1
04-01-2020,store_1,item_39,31,76.3,0,5,1
05-01-2020,store_1,item_39,33,76.3,0,6,1
06-01-2020,store_1,item_39,36,76.3,0,0,1
07-01-2020,store_1,item_39,46,76.3,0,1,1
08-01-2020,store_1,item_39,44,76.3,0,2,1
09-01-2020,store_1,item_39,41,76.3,0,3,1
10-01-2020,store_1,item_39,35,76.3,0,4,1
11-01-2020,store_1,item_39,35,76.3,0,5,1
12-01-2020,store_1,item_39,34,76.3,0,6,1
13-01-2020,store_1,item_39,42,76.3,0,0,1
14-01-2020,store_1,item_39,47,76.3,0,1,1
15-01-2020,store_1,item_39,49,76.3,0,2,1
16-01-2020,store_1,item_39,43,76.3,0,3,1
17-01-2020,store_1,item_39,37,76.3,0,4,1
18-01-2020,store_1,item_39,36,76.3,0,5,1
19-01-2020,store_1,item_39,30,76.3,0,6,1
20-01-2020,store_1,item_39,41,76.3,0,0,1
21-01-2020,store_1,item_39,48,76.3,0,1,1
22-01-2020,store_1,item_39,51,76.3,0,2,1
23-01-2020,store_1,item_39,45,76.3,0,3,1
24-01-2020,store_1,item_39,38,76.3,0,4,1
25-01-2020,store_1,item_39,30,76.3,0,5,1
26-01-2020,store_1,item_39,34,76.3,0,6,1
27-01-2020,store_1,item_39,67,61.04,1,0,1
28-01-2020,store_1,item_39,54,76.3,0,1,1
29-01-2020,store_1,item_39,78,61.04,1,2,1
30-01-2020,store_1,item_39,44,76.3,0,3,1
31-01-2020,store_1,item_39,42,76.3,0,4,1
01-01-2021,store_1,item_39,42,76.3,0,4,1
02-01-2021,store_1,item_39,32,76.3,0,5,1
03-01-2021,store_1,item_39,30,76.3,0,6,1
04-01-2021,store_1,item_39,41,76.3,0,0,1
05-01-2021,store_1,item_39,41,76.3,0,1,1
06-01-2021,store_1,item_39,48,76.3,0,2,1
07-01-2021,store_1,item_39,38,76.3,0,3,1
08-01-2021,store_1,item_39,35,76.3,0,4,1
09-01-2021,store_1,item_39,40,76.3,0,5,1
10-01-2021,store_1,item_39,31,76.3,0,6,1
11-01-2021,store_1,item_39,43,76.3,0,0,1
12-01-2021,store_1,item_39,50,76.3,0,1,1
13-01-2021,store_1,item_39,47,76.3,0,2,1
14-01-2021,store_1,item_39,50,76.3,0,3,1
15-01-2021,store_1,item_39,37,76.3,0,4,1
16-01-2021,store_1,item_39,34,76.3,0,5,1
17-01-2021,store_1,item_39,36,76.3,0,6,1
18-01-2021,store_1,item_39,45,76.3,0,0,1
19-01-2021,store_1,item_39,82,61.04,1,1,1
20-01-2021,store_1,item_39,49,76.3,0,2,1
21-01-2021,store_1,item_39,48,76.3,0,3,1
22-01-2021,store_1,item_39,43,76.3,0,4,1
23-01-2021,store_1,item_39,32,76.3,0,5,1
24-01-2021,store_1,item_39,36,76.3,0,6,1
25-01-2021,store_1,item_39,47,76.3,0,0,1
26-01-2021,store_1,item_39,49,76.3,0,1,1
27-01-2021,store_1,item_39,52,76.3,0,2,1
28-01-2021,store_1,item_39,40,76.3,0,3,1
29-01-2021,store_1,item_39,38,76.3,0,4,1
30-01-2021,store_1,item_39,31,76.3,0,5,1
31-01-2021,store_1,item_39,38,76.3,0,6,1
01-01-2022,store_1,item_39,34,76.3,0,5,1
02-01-2022,store_1,item_39,58,61.04,1,6,1
03-01-2022,store_1,item_39,44,76.3,0,0,1
04-01-2022,store_1,item_39,43,76.3,0,1,1
05-01-2022,store_1,item_39,49,76.3,0,2,1
06-01-2022,store_1,item_39,47,76.3,0,3,1
07-01-2022,store_1,item_39,37,76.3,0,4,1
08-01-2022,store_1,item_39,34,76.3,0,5,1
09-01-2022,store_1,item_39,35,76.3,0,6,1
10-01-2022,store_1,item_39,42,76.3,0,0,1
11-01-2022,store_1,item_39,50,76.3,0,1,1
12-01-2022,store_1,item_39,52,76.3,0,2,1
13-01-2022,store_1,item_39,50,76.3,0,3,1
14-01-2022,store_1,item_39,38,76.3,0,4,1
15-01-2022,store_1,item_39,53,61.04,1,5,1
16-01-2022,store_1,item_39,40,76.3,0,6,1
17-01-2022,store_1,item_39,46,76.3,0,0,1
18-01-2022,store_1,item_39,47,76.3,0,1,1
19-01-2022,store_1,item_39,51,76.3,0,2,1
20-01-2022,store_1,item_39,47,76.3,0,3,1
21-01-2022,store_1,item_39,40,76.3,0,4,1
22-01-2022,store_1,item_39,55,61.04,1,5,1
23-01-2022,store_1,item_39,36,76.3,0,6,1
24-01-2022,store_1,item_39,39,76.3,0,0,1
25-01-2022,store_1,item_39,78,61.04,1,1,1
26-01-2022,store_1,item_39,58,76.3,0,2,1
27-01-2022,store_1,item_39,51,76.3,0,3,1
28-01-2022,store_1,item_39,41,76.3,0,4,1
29-01-2022,store_1,item_39,38,76.3,0,5,1
30-01-2022,store_1,item_39,40,76.3,0,6,1
31-01-2022,store_1,item_39,55,76.3,0,0,1
01-01-2023,store_1,item_39,42,76.3,0,6,1
02-01-2023,store_1,item_39,43,76.3,0,0,1
03-01-2023,store_1,item_39,52,76.3,0,1,1
04-01-2023,store_1,item_39,49,76.3,0,2,1
05-01-2023,store_1,item_39,48,76.3,0,3,1
06-01-2023,store_1,item_39,45,76.3,0,4,1
07-01-2023,store_1,item_39,32,76.3,0,5,1
08-01-2023,store_1,item_39,40,76.3,0,6,1
09-01-2023,store_1,item_39,48,76.3,0,0,1
10-01-2023,store_1,item_39,51,76.3,0,1,1
11-01-2023,store_1,item_39,78,61.04,1,2,1
12-01-2023,store_1,item_39,49,76.3,0,3,1
13-01-2023,store_1,item_39,47,76.3,0,4,1
14-01-2023,store_1,item_39,39,76.3,0,5,1
15-01-2023,store_1,item_39,43,76.3,0,6,1
16-01-2023,store_1,item_39,41,76.3,0,0,1
17-01-2023,store_1,item_39,53,76.3,0,1,1
18-01-2023,store_1,item_39,56,76.3,0,2,1
19-01-2023,store_1,item_39,74,61.04,1,3,1
20-01-2023,store_1,item_39,42,76.3,0,4,1
21-01-2023,store_1,item_39,39,76.3,0,5,1
22-01-2023,store_1,item_39,38,76.3,0,6,1
23-01-2023,store_1,item_39,47,76.3,0,0,1
24-01-2023,store_1,item_39,59,76.3,0,1,1
25-01-2023,store_1,item_39,56,76.3,0,2,1
26-01-2023,store_1,item_39,56,76.3,0,3,1
27-01-2023,store_1,item_39,44,76.3,0,4,1
28-01-2023,store_1,item_39,37,76.3,0,5,1
29-01-2023,store_1,item_39,46,76.3,0,6,1
30-01-2023,store_1,item_39,50,76.3,0,0,1
31-01-2023,store_1,item_39,49,76.3,0,1,1
