backend/uploads/2019-01_actual.csv
Date,Store,Product,Demand,price,promo,weekday,month
01-01-2019,store_1,item_40,27,84.54,0,1,1
02-01-2019,store_1,item_40,26,84.54,0,2,1
03-01-2019,store_1,item_40,24,84.54,0,3,1
04-01-2019,store_1,item_40,23,84.54,0,4,1
05-01-2019,store_1,item_40,29,67.63,1,5,1
06-01-2019,store_1,item_40,22,84.54,0,6,1
07-01-2019,store_1,item_40,20,84.54,0,0,1
08-01-2019,store_1,item_40,27,84.54,0,1,1
09-01-2019,store_1,item_40,40,67.63,1,2,1
10-01-2019,store_1,item_40,28,84.54,0,3,1
11-01-2019,store_1,item_40,33,67.63,1,4,1
12-01-2019,store_1,item_40,17,84.54,0,5,1
13-01-2019,store_1,item_40,20,84.54,0,6,1
14-01-2019,store_1,item_40,23,84.54,0,0,1
15-01-2019,store_1,item_40,40,67.63,1,1,1
16-01-2019,store_1,item_40,34,84.54,0,2,1
17-01-2019,store_1,item_40,29,84.54,0,3,1
18-01-2019,store_1,item_40,20,84.54,0,4,1
19-01-2019,store_1,item_40,21,84.54,0,5,1
20-01-2019,store_1,item_40,26,84.54,0,6,1
21-01-2019,store_1,item_40,26,84.54,0,0,1
22-01-2019,store_1,item_40,28,84.54,0,1,1
23-01-2019,store_1,item_40,26,84.54,0,2,1
24-01-2019,store_1,item_40,23,84.54,0,3,1
25-01-2019,store_1,item_40,24,84.54,0,4,1
26-01-2019,store_1,item_40,19,84.54,0,5,1
27-01-2019,store_1,item_40,22,84.54,0,6,1
28-01-2019,store_1,item_40,23,84.54,0,0,1
29-01-2019,store_1,item_40,32,84.54,0,1,1
30-01-2019,store_1,item_40,34,84.54,0,2,1
31-01-2019,store_1,item_40,31,84.54,0,3,1
01-01-2020,store_1,item_40,29,84.54,0,2,1
02-01-2020,store_1,item_40,31,84.54,0,3,1
03-01-2020,store_1,item_40,17,84.54,0,4,1
04-01-2020,store_1,item_40,31,67.63,1,5,1
05-01-2020,store_1,item_40,24,84.54,0,6,1
06-01-2020,store_1,item_40,28,84.54,0,0,1
07-01-2020,store_1,item_40,33,84.54,0,1,1
08-01-2020,store_1,item_40,28,84.54,0,2,1
09-01-2020,store_1,item_40,27,84.54,0,3,1
10-01-2020,store_1,item_40,28,84.54,0,4,1
11-01-2020,store_1,item_40,16,84.54,0,5,1
12-01-2020,store_1,item_40,24,84.54,0,6,1
13-01-2020,store_1,item_40,26,84.54,0,0,1
14-01-2020,store_1,item_40,33,84.54,0,1,1
15-01-2020,store_1,item_40,31,84.54,0,2,1
16-01-2020,store_1,item_40,28,84.54,0,3,1
17-01-2020,store_1,item_40,28,84.54,0,4,1
18-01-2020,store_1,item_40,23,84.54,0,5,1
19-01-2020,store_1,item_40,17,84.54,0,6,1
20-01-2020,store_1,item_40,27,84.54,0,0,1
21-01-2020,store_1,item_40,36,84.54,0,1,1
22-01-2020,store_1,item_40,35,84.54,0,2,1
23-01-2020,store_1,item_40,29,84.54,0,3,1
24-01-2020,store_1,item_40,29,84.54,0,4,1
25-01-2020,store_1,item_40,27,84.54,0,5,1
26-01-2020,store_1,item_40,18,84.54,0,6,1
27-01-2020,store_1,item_40,31,84.54,0,0,1
28-01-2020,store_1,item_40,30,84.54,0,1,1
29-01-2020,store_1,item_40,38,84.54,0,2,1
30-01-2020,store_1,item_40,26,84.54,0,3,1
31-01-2020,store_1,item_40,22,84.54,0,4,1
01-01-2021,store_1,item_40,27,84.54,0,4,1
02-01-2021,store_1,item_40,29,67.63,1,5,1
03-01-2021,store_1,item_40,24,84.54,0,6,1
04-01-2021,store_1,item_40,22,84.54,0,0,1
05-01-2021,store_1,item_40,30,84.54,0,1,1
06-01-2021,store_1,item_40,39,84.54,0,2,1
07-01-2021,store_1,item_40,26,84.54,0,3,1
08-01-2021,store_1,item_40,22,84.54,0,4,1
09-01-2021,store_1,item_40,16,84.54,0,5,1
10-01-2021,store_1,item_40,25,84.54,0,6,1
11-01-2021,store_1,item_40,34,84.54,0,0,1
12-01-2021,store_1,item_40,28,84.54,0,1,1
13-01-2021,store_1,item_40,30,84.54,0,2,1
14-01-2021,store_1,item_40,32,84.54,0,3,1
15-01-2021,store_1,item_40,26,84.54,0,4,1
16-01-2021,store_1,item_40,24,84.54,0,5,1
17-01-2021,store_1,item_40,32,67.63,1,6,1
18-01-2021,store_1,item_40,25,84.54,0,0,1
19-01-2021,store_1,item_40,32,84.54,0,1,1
20-01-2021,store_1,item_40,32,84.54,0,2,1
21-01-2021,store_1,item_40,36,84.54,0,3,1
22-01-2021,store_1,item_40,25,84.54,0,4,1
23-01-2021,store_1,item_40,25,84.54,0,5,1
24-01-2021,store_1,item_40,22,84.54,0,6,1
25-01-2021,store_1,item_40,31,84.54,0,0,1
26-01-2021,store_1,item_40,38,84.54,0,1,1
27-01-2021,store_1,item_40,39,84.54,0,2,1
28-01-2021,store_1,item_40,37,84.54,0,3,1
29-01-2021,store_1,item_40,25,84.54,0,4,1
30-01-2021,store_1,item_40,21,84.54,0,5,1
31-01-2021,store_1,item_40,20,84.54,0,6,1
01-01-2022,store_1,item_40,22,84.54,0,5,1
02-01-2022,store_1,item_40,24,84.54,0,6,1
03-01-2022,store_1,item_40,27,84.54,0,0,1
04-01-2022,store_1,item_40,34,84.54,0,1,1
05-01-2022,store_1,item_40,47,67.63,1,2,1
06-01-2022,store_1,item_40,28,84.54,0,3,1
07-01-2022,store_1,item_40,32,84.54,0,4,1
08-01-2022,store_1,item_40,35,67.63,1,5,1
09-01-2022,store_1,item_40,34,67.63,1,6,1
10-01-2022,store_1,item_40,30,84.54,0,0,1
11-01-2022,store_1,item_40,31,84.54,0,1,1
12-01-2022,store_1,item_40,31,84.54,0,2,1
13-01-2022,store_1,item_40,30,84.54,0,3,1
14-01-2022,store_1,item_40,37,67.63,1,4,1
15-01-2022,store_1,item_40,24,84.54,0,5,1
16-01-2022,store_1,item_40,25,84.54,0,6,1
17-01-2022,store_1,item_40,28,84.54,0,0,1
18-01-2022,store_1,item_40,35,84.54,0,1,1
19-01-2022,store_1,item_40,36,84.54,0,2,1
20-01-2022,store_1,item_40,31,84.54,0,3,1
21-01-2022,store_1,item_40,24,84.54,0,4,1
22-01-2022,store_1,item_40,21,84.54,0,5,1
23-01-2022,store_1,item_40,29,84.54,0,6,1
24-01-2022,store_1,item_40,26,84.54,0,0,1
25-01-2022,store_1,item_40,35,84.54,0,1,1
26-01-2022,store_1,item_40,37,84.54,0,2,1
27-01-2022,store_1,item_40,33,84.54,0,3,1
28-01-2022,store_1,item_40,29,84.54,0,4,1
29-01-2022,store_1,item_40,24,84.54,0,5,1
30-01-2022,store_1,item_40,25,84.54,0,6,1
31-01-2022,store_1,item_40,27,84.54,0,0,1
01-01-2023,store_1,item_40,24,84.54,0,6,1
02-01-2023,store_1,item_40,27,84.54,0,0,1
03-01-2023,store_1,item_40,32,84.54,0,1,1
04-01-2023,store_1,item_40,34,84.54,0,2,1
05-01-2023,store_1,item_40,30,84.54,0,3,1
06-01-2023,store_1,item_40,31,84.54,0,4,1
07-01-2023,store_1,item_40,24,84.54,0,5,1
08-01-2023,store_1,item_40,21,84.54,0,6,1
09-01-2023,store_1,item_40,27,84.54,0,0,1
10-01-2023,store_1,item_40,39,84.54,0,1,1
11-01-2023,store_1,item_40,35,84.54,0,2,1
12-01-2023,store_1,item_40,35,84.54,0,3,1
13-01-2023,store_1,item_40,27,84.54,0,4,1
14-01-2023,store_1,item_40,22,84.54,0,5,1
15-01-2023,store_1,item_40,22,84.54,0,6,1
16-01-2023,store_1,item_40,36,84.54,0,0,1
17-01-2023,store_1,item_40,33,84.54,0,1,1
18-01-2023,store_1,item_40,36,84.54,0,2,1
19-01-2023,store_1,item_40,32,84.54,0,3,1
20-01-2023,store_1,item_40,35,84.54,0,4,1
21-01-2023,store_1,item_40,22,84.54,0,5,1
22-01-2023,store_1,item_40,45,67.63,1,6,1
23-01-2023,store_1,item_40,34,84.54,0,0,1
24-01-2023,store_1,item_40,40,84.54,0,1,1
25-01-2023,store_1,item_40,40,84.54,0,2,1
26-01-2023,store_1,item_40,36,84.54,0,3,1
27-01-2023,store_1,item_40,47,67.63,1,4,1
28-01-2023,store_1,item_40,29,84.54,0,5,1
29-01-2023,store_1,item_40,31,84.54,0,6,1
30-01-2023,store_1,item_40,30,84.54,0,0,1
31-01-2023,store_1,item_40,39,84.54,0,1,1
01-01-2019,store_1,item_41,21,86.24,0,1,1
02-01-2019,store_1,item_41,21,86.24,0,2,1
03-01-2019,store_1,item_41,17,86.24,0,3,1
04-01-2019,store_1,item_41,12,86.24,0,4,1
05-01-2019,store_1,item_41,15,86.24,0,5,1
06-01-2019,store_1,item_41,10,86.24,0,6,1
07-01-2019,store_1,item_41,9,86.24,0,0,1
08-01-2019,store_1,item_41,13,86.24,0,1,1
09-01-2019,store_1,item_41,20,86.24,0,2,1
10-01-2019,store_1,item_41,11,86.24,0,3,1
11-01-2019,store_1,item_41,9,86.24,0,4,1
12-01-2019,store_1,item_41,10,86.24,0,5,1
13-01-2019,store_1,item_41,8,86.24,0,6,1
14-01-2019,store_1,item_41,15,86.24,0,0,1
15-01-2019,store_1,item_41,21,86.24,0,1,1
16-01-2019,store_1,item_41,23,86.24,0,2,1
17-01-2019,store_1,item_41,16,86.24,0,3,1
18-01-2019,store_1,item_41,13,86.24,0,4,1
19-01-2019,store_1,item_41,11,86.24,0,5,1
20-01-2019,store_1,item_41,12,86.24,0,6,1
21-01-2019,store_1,item_41,13,86.24,0,0,1
22-01-2019,store_1,item_41,13,86.24,0,1,1
23-01-2019,store_1,item_41,23,86.24,0,2,1
24-01-2019,store_1,item_41,13,86.24,0,3,1
25-01-2019,store_1,item_41,18,86.24,0,4,1
26-01-2019,store_1,item_41,19,68.99,1,5,1
27-01-2019,store_1,item_41,13,86.24,0,6,1
28-01-2019,store_1,item_41,19,86.24,0,0,1
29-01-2019,store_1,item_41,17,86.24,0,1,1
30-01-2019,store_1,item_41,18,86.24,0,2,1
31-01-2019,store_1,item_41,13,86.24,0,3,1
01-01-2020,store_1,item_41,19,86.24,0,2,1
02-01-2020,store_1,item_41,17,86.24,0,3,1
03-01-2020,store_1,item_41,14,86.24,0,4,1
04-01-2020,store_1,item_41,14,68.99,1,5,1
05-01-2020,store_1,item_41,8,86.24,0,6,1
06-01-2020,store_1,item_41,21,68.99,1,0,1
07-01-2020,store_1,item_41,14,86.24,0,1,1
08-01-2020,store_1,item_41,21,86.24,0,2,1
09-01-2020,store_1,item_41,10,86.24,0,3,1
10-01-2020,store_1,item_41,10,86.24,0,4,1
11-01-2020,store_1,item_41,13,86.24,0,5,1
12-01-2020,store_1,item_41,14,86.24,0,6,1
13-01-2020,store_1,item_41,10,86.24,0,0,1
14-01-2020,store_1,item_41,12,86.24,0,1,1
15-01-2020,store_1,item_41,14,86.24,0,2,1
16-01-2020,store_1,item_41,19,86.24,0,3,1
17-01-2020,store_1,item_41,14,86.24,0,4,1
18-01-2020,store_1,item_41,16,86.24,0,5,1
19-01-2020,store_1,item_41,13,86.24,0,6,1
20-01-2020,store_1,item_41,15,86.24,0,0,1
21-01-2020,store_1,item_41,20,86.24,0,1,1
22-01-2020,store_1,item_41,23,86.24,0,2,1
23-01-2020,store_1,item_41,15,86.24,0,3,1
24-01-2020,store_1,item_41,14,86.24,0,4,1
25-01-2020,store_1,item_41,12,86.24,0,5,1
26-01-2020,store_1,item_41,11,86.24,0,6,1
27-01-2020,store_1,item_41,19,86.24,0,0,1
28-01-2020,store_1,item_41,17,86.24,0,1,1
29-01-2020,store_1,item_41,19,86.24,0,2,1
30-01-2020,store_1,item_41,18,86.24,0,3,1
31-01-2020,store_1,item_41,18,86.24,0,4,1
01-01-2021,store_1,item_41,14,86.24,0,4,1
02-01-2021,store_1,item_41,11,86.24,0,5,1
03-01-2021,store_1,item_41,14,86.24,0,6,1
04-01-2021,store_1,item_41,18,68.99,1,0,1
05-01-2021,store_1,item_41,19,86.24,0,1,1
06-01-2021,store_1,item_41,15,86.24,0,2,1
07-01-2021,store_1,item_41,13,86.24,0,3,1
08-01-2021,store_1,item_41,12,86.24,0,4,1
09-01-2021,store_1,item_41,16,86.24,0,5,1
10-01-2021,store_1,item_41,13,86.24,0,6,1
11-01-2021,store_1,item_41,16,86.24,0,0,1
12-01-2021,store_1,item_41,21,86.24,0,1,1
13-01-2021,store_1,item_41,19,68.99,1,2,1
14-01-2021,store_1,item_41,13,86.24,0,3,1
15-01-2021,store_1,item_41,14,86.24,0,4,1
16-01-2021,store_1,item_41,15,86.24,0,5,1
17-01-2021,store_1,item_41,21,68.99,1,6,1
18-01-2021,store_1,item_41,17,86.24,0,0,1
19-01-2021,store_1,item_41,19,86.24,0,1,1
20-01-2021,store_1,item_41,25,86.24,0,2,1
21-01-2021,store_1,item_41,21,86.24,0,3,1
22-01-2021,store_1,item_41,15,86.24,0,4,1
23-01-2021,store_1,item_41,14,86.24,0,5,1
24-01-2021,store_1,item_41,14,86.24,0,6,1
25-01-2021,store_1,item_41,6,86.24,0,0,1
26-01-2021,store_1,item_41,16,86.24,0,1,1
27-01-2021,store_1,item_41,29,68.99,1,2,1
28-01-2021,store_1,item_41,21,86.24,0,3,1
29-01-2021,store_1,item_41,16,86.24,0,4,1
30-01-2021,store_1,item_41,15,86.24,0,5,1
31-01-2021,store_1,item_41,11,86.24,0,6,1
01-01-2022,store_1,item_41,11,86.24,0,5,1
02-01-2022,store_1,item_41,12,86.24,0,6,1
03-01-2022,store_1,item_41,15,86.24,0,0,1
04-01-2022,store_1,item_41,17,86.24,0,1,1
05-01-2022,store_1,item_41,18,86.24,0,2,1
06-01-2022,store_1,item_41,18,86.24,0,3,1
07-01-2022,store_1,item_41,23,68.99,1,4,1
08-01-2022,store_1,item_41,8,86.24,0,5,1
09-01-2022,store_1,item_41,16,86.24,0,6,1
10-01-2022,store_1,item_41,26,68.99,1,0,1
11-01-2022,store_1,item_41,17,86.24,0,1,1
12-01-2022,store_1,item_41,19,86.24,0,2,1
13-01-2022,store_1,item_41,17,86.24,0,3,1
14-01-2022,store_1,item_41,19,86.24,0,4,1
15-01-2022,store_1,item_41,14,86.24,0,5,1
16-01-2022,store_1,item_41,19,86.24,0,6,1
17-01-2022,store_1,item_41,15,86.24,0,0,1
18-01-2022,store_1,item_41,18,86.24,0,1,1
19-01-2022,store_1,item_41,20,86.24,0,2,1
20-01-2022,store_1,item_41,16,86.24,0,3,1
21-01-2022,store_1,item_41,15,86.24,0,4,1
22-01-2022,store_1,item_41,12,86.24,0,5,1
23-01-2022,store_1,item_41,18,86.24,0,6,1
24-01-2022,store_1,item_41,18,86.24,0,0,1
25-01-2022,store_1,item_41,26,68.99,1,1,1
26-01-2022,store_1,item_41,28,68.99,1,2,1
27-01-2022,store_1,item_41,19,86.24,0,3,1
28-01-2022,store_1,item_41,14,86.24,0,4,1
29-01-2022,store_1,item_41,15,86.24,0,5,1
30-01-2022,store_1,item_41,16,86.24,0,6,1
31-01-2022,store_1,item_41,13,86.24,0,0,1
01-01-2023,store_1,item_41,11,86.24,0,6,1
02-01-2023,store_1,item_41,26,68.99,1,0,1
03-01-2023,store_1,item_41,21,86.24,0,1,1
04-01-2023,store_1,item_41,19,86.24,0,2,1
05-01-2023,store_1,item_41,17,86.24,0,3,1
06-01-2023,store_1,item_41,14,86.24,0,4,1
07-01-2023,store_1,item_41,12,86.24,0,5,1
08-01-2023,store_1,item_41,16,86.24,0,6,1
09-01-2023,store_1,item_41,18,86.24,0,0,1
10-01-2023,store_1,item_41,16,86.24,0,1,1
11-01-2023,store_1,item_41,19,86.24,0,2,1
12-01-2023,store_1,item_41,17,86.24,0,3,1
13-01-2023,store_1,item_41,15,86.24,0,4,1
14-01-2023,store_1,item_41,11,86.24,0,5,1
15-01-2023,store_1,item_41,14,86.24,0,6,1
16-01-2023,store_1,item_41,12,86.24,0,0,1
17-01-2023,store_1,item_41,19,86.24,0,1,1
18-01-2023,store_1,item_41,23,86.24,0,2,1
19-01-2023,store_1,item_41,20,86.24,0,3,1
20-01-2023,store_1,item_41,14,86.24,0,4,1
21-01-2023,store_1,item_41,14,86.24,0,5,1
22-01-2023,store_1,item_41,16,86.24,0,6,1
23-01-2023,store_1,item_41,15,86.24,0,0,1
24-01-2023,store_1,item_41,20,86.24,0,1,1
25-01-2023,store_1,item_41,26,86.24,0,2,1
26-01-2023,store_1,item_41,22,86.24,0,3,1
27-01-2023,store_1,item_41,17,86.24,0,4,1
28-01-2023,store_1,item_41,16,86.24,0,5,1
29-01-2023,store_1,item_41,15,86.24,0,6,1
30-01-2023,store_1,item_41,22,86.24,0,0,1
31-01-2023,store_1,item_41,18,86.24,0,1,1
