backend/uploads/2019-01_actual.csv
Date,Store,Product,Demand,price,promo,weekday,month
01-01-2019,store_1,item_42,35,77.19,0,1,1
02-01-2019,store_1,item_42,46,77.19,0,2,1
03-01-2019,store_1,item_42,31,77.19,0,3,1
04-01-2019,store_1,item_42,26,77.19,0,4,1
05-01-2019,store_1,item_42,25,77.19,0,5,1
06-01-2019,store_1,item_42,27,77.19,0,6,1
07-01-2019,store_1,item_42,33,77.19,0,0,1
08-01-2019,store_1,item_42,34,77.19,0,1,1
09-01-2019,store_1,item_42,33,77.19,0,2,1
10-01-2019,store_1,item_42,34,77.19,0,3,1
11-01-2019,store_1,item_42,32,77.19,0,4,1
12-01-2019,store_1,item_42,28,77.19,0,5,1
13-01-2019,store_1,item_42,19,77.19,0,6,1
14-01-2019,store_1,item_42,30,77.19,0,0,1
15-01-2019,store_1,item_42,37,77.19,0,1,1
16-01-2019,store_1,item_42,41,77.19,0,2,1
17-01-2019,store_1,item_42,38,77.19,0,3,1
18-01-2019,store_1,item_42,42,61.75,1,4,1
19-01-2019,store_1,item_42,30,77.19,0,5,1
20-01-2019,store_1,item_42,27,77.19,0,6,1
21-01-2019,store_1,item_42,34,77.19,0,0,1
22-01-2019,store_1,item_42,40,77.19,0,1,1
23-01-2019,store_1,item_42,39,77.19,0,2,1
24-01-2019,store_1,item_42,40,77.19,0,3,1
25-01-2019,store_1,item_42,29,77.19,0,4,1
26-01-2019,store_1,item_42,29,77.19,0,5,1
27-01-2019,store_1,item_42,29,77.19,0,6,1
28-01-2019,store_1,item_42,50,61.75,1,0,1
29-01-2019,store_1,item_42,36,77.19,0,1,1
30-01-2019,store_1,item_42,47,77.19,0,2,1
31-01-2019,store_1,item_42,36,77.19,0,3,1
01-01-2020,store_1,item_42,45,77.19,0,2,1
02-01-2020,store_1,item_42,37,77.19,0,3,1
03-01-2020,store_1,item_42,29,77.19,0,4,1
04-01-2020,store_1,item_42,30,77.19,0,5,1
05-01-2020,store_1,item_42,26,77.19,0,6,1
06-01-2020,store_1,item_42,35,77.19,0,0,1
07-01-2020,store_1,item_42,36,77.19,0,1,1
08-01-2020,store_1,item_42,39,77.19,0,2,1
09-01-2020,store_1,item_42,38,77.19,0,3,1
10-01-2020,store_1,item_42,26,77.19,0,4,1
11-01-2020,store_1,item_42,29,77.19,0,5,1
12-01-2020,store_1,item_42,33,77.19,0,6,1
13-01-2020,store_1,item_42,51,61.75,1,0,1
14-01-2020,store_1,item_42,37,77.19,0,1,1
15-01-2020,store_1,item_42,44,77.19,0,2,1
16-01-2020,store_1,item_42,40,77.19,0,3,1
17-01-2020,store_1,item_42,33,77.19,0,4,1
18-01-2020,store_1,item_42,30,77.19,0,5,1
19-01-2020,store_1,item_42,27,77.19,0,6,1
20-01-2020,store_1,item_42,36,77.19,0,0,1
21-01-2020,store_1,item_42,40,77.19,0,1,1
22-01-2020,store_1,item_42,43,77.19,0,2,1
23-01-2020,store_1,item_42,55,61.75,1,3,1
24-01-2020,store_1,item_42,35,77.19,0,4,1
25-01-2020,store_1,item_42,31,77.19,0,5,1
26-01-2020,store_1,item_42,28,77.19,0,6,1
27-01-2020,store_1,item_42,56,61.75,1,0,1
28-01-2020,store_1,item_42,44,77.19,0,1,1
29-01-2020,store_1,item_42,44,77.19,0,2,1
30-01-2020,store_1,item_42,35,77.19,0,3,1
31-01-2020,store_1,item_42,36,77.19,0,4,1
01-01-2021,store_1,item_42,33,77.19,0,4,1
02-01-2021,store_1,item_42,26,77.19,0,5,1
03-01-2021,store_1,item_42,29,77.19,0,6,1
04-01-2021,store_1,item_42,33,77.19,0,0,1
05-01-2021,store_1,item_42,39,77.19,0,1,1
06-01-2021,store_1,item_42,38,77.19,0,2,1
07-01-2021,store_1,item_42,37,77.19,0,3,1
08-01-2021,store_1,item_42,33,77.19,0,4,1
09-01-2021,store_1,item_42,27,77.19,0,5,1
10-01-2021,store_1,item_42,27,77.19,0,6,1
11-01-2021,store_1,item_42,30,77.19,0,0,1
12-01-2021,store_1,item_42,42,77.19,0,1,1
13-01-2021,store_1,item_42,43,77.19,0,2,1
14-01-2021,store_1,item_42,38,77.19,0,3,1
15-01-2021,store_1,item_42,34,77.19,0,4,1
16-01-2021,store_1,item_42,31,77.19,0,5,1
17-01-2021,store_1,item_42,34,77.19,0,6,1
18-01-2021,store_1,item_42,52,61.75,1,0,1
19-01-2021,store_1,item_42,41,77.19,0,1,1
20-01-2021,store_1,item_42,47,77.19,0,2,1
21-01-2021,store_1,item_42,35,77.19,0,3,1
22-01-2021,store_1,item_42,37,77.19,0,4,1
23-01-2021,store_1,item_42,28,77.19,0,5,1
24-01-2021,store_1,item_42,27,77.19,0,6,1
25-01-2021,store_1,item_42,37,77.19,0,0,1
26-01-2021,store_1,item_42,43,77.19,0,1,1
27-01-2021,store_1,item_42,48,77.19,0,2,1
28-01-2021,store_1,item_42,41,77.19,0,3,1
29-01-2021,store_1,item_42,33,77.19,0,4,1
30-01-2021,store_1,item_42,29,77.19,0,5,1
31-01-2021,store_1,item_42,33,77.19,0,6,1
01-01-2022,store_1,item_42,29,77.19,0,5,1
02-01-2022,store_1,item_42,31,77.19,0,6,1
03-01-2022,store_1,item_42,38,77.19,0,0,1
04-01-2022,store_1,item_42,59,61.75,1,1,1
05-01-2022,store_1,item_42,63,61.75,1,2,1
06-01-2022,store_1,item_42,42,77.19,0,3,1
07-01-2022,store_1,item_42,35,77.19,0,4,1
08-01-2022,store_1,item_42,29,77.19,0,5,1
09-01-2022,store_1,item_42,30,77.19,0,6,1
10-01-2022,store_1,item_42,36,77.19,0,0,1
11-01-2022,store_1,item_42,67,61.75,1,1,1
12-01-2022,store_1,item_42,53,77.19,0,2,1
13-01-2022,store_1,item_42,38,77.19,0,3,1
14-01-2022,store_1,item_42,41,77.19,0,4,1
15-01-2022,store_1,item_42,27,77.19,0,5,1
16-01-2022,store_1,item_42,28,77.19,0,6,1
17-01-2022,store_1,item_42,54,61.75,1,0,1
18-01-2022,store_1,item_42,50,77.19,0,1,1
19-01-2022,store_1,item_42,64,61.75,1,2,1
20-01-2022,store_1,item_42,40,77.19,0,3,1
21-01-2022,store_1,item_42,35,77.19,0,4,1
22-01-2022,store_1,item_42,33,77.19,0,5,1
23-01-2022,store_1,item_42,34,77.19,0,6,1
24-01-2022,store_1,item_42,40,77.19,0,0,1
25-01-2022,store_1,item_42,45,77.19,0,1,1
26-01-2022,store_1,item_42,44,77.19,0,2,1
27-01-2022,store_1,item_42,42,77.19,0,3,1
28-01-2022,store_1,item_42,42,77.19,0,4,1
29-01-2022,store_1,item_42,35,77.19,0,5,1
30-01-2022,store_1,item_42,37,77.19,0,6,1
31-01-2022,store_1,item_42,35,77.19,0,0,1
01-01-2023,store_1,item_42,49,61.75,1,6,1
02-01-2023,store_1,item_42,39,77.19,0,0,1
03-01-2023,store_1,item_42,41,77.19,0,1,1
04-01-2023,store_1,item_42,47,77.19,0,2,1
05-01-2023,store_1,item_42,42,77.19,0,3,1
06-01-2023,store_1,item_42,33,77.19,0,4,1
07-01-2023,store_1,item_42,32,77.19,0,5,1
08-01-2023,store_1,item_42,31,77.19,0,6,1
09-01-2023,store_1,item_42,36,77.19,0,0,1
10-01-2023,store_1,item_42,48,77.19,0,1,1
11-01-2023,store_1,item_42,51,77.19,0,2,1
12-01-2023,store_1,item_42,43,77.19,0,3,1
13-01-2023,store_1,item_42,33,77.19,0,4,1
14-01-2023,store_1,item_42,32,77.19,0,5,1
15-01-2023,store_1,item_42,28,77.19,0,6,1
16-01-2023,store_1,item_42,63,61.75,1,0,1
17-01-2023,store_1,item_42,46,77.19,0,1,1
18-01-2023,store_1,item_42,47,77.19,0,2,1
19-01-2023,store_1,item_42,48,77.19,0,3,1
20-01-2023,store_1,item_42,32,77.19,0,4,1
21-01-2023,store_1,item_42,45,61.75,1,5,1
22-01-2023,store_1,item_42,34,77.19,0,6,1
23-01-2023,store_1,item_42,65,61.75,1,0,1
24-01-2023,store_1,item_42,52,77.19,0,1,1
25-01-2023,store_1,item_42,53,77.19,0,2,1
26-01-2023,store_1,item_42,44,77.19,0,3,1
27-01-2023,store_1,item_42,43,77.19,0,4,1
28-01-2023,store_1,item_42,37,77.19,0,5,1
29-01-2023,store_1,item_42,50,61.75,1,6,1
30-01-2023,store_1,item_42,39,77.19,0,0,1
31-01-2023,store_1,item_42,53,77.19,0,1,1
01-01-2019,store_1,item_43,38,37.62,0,1,1
02-01-2019,store_1,item_43,61,30.1,1,2,1
03-01-2019,store_1,item_43,37,37.62,0,3,1
04-01-2019,store_1,item_43,29,37.62,0,4,1
05-01-2019,store_1,item_43,28,37.62,0,5,1
06-01-2019,store_1,item_43,24,37.62,0,6,1
07-01-2019,store_1,item_43,33,37.62,0,0,1
08-01-2019,store_1,item_43,62,30.1,1,1,1
09-01-2019,store_1,item_43,35,37.62,0,2,1
10-01-2019,store_1,item_43,38,37.62,0,3,1
11-01-2019,store_1,item_43,31,37.62,0,4,1
12-01-2019,store_1,item_43,24,37.62,0,5,1
13-01-2019,store_1,item_43,27,37.62,0,6,1
14-01-2019,store_1,item_43,37,37.62,0,0,1
15-01-2019,store_1,item_43,45,37.62,0,1,1
16-01-2019,store_1,item_43,43,37.62,0,2,1
17-01-2019,store_1,item_43,38,37.62,0,3,1
18-01-2019,store_1,item_43,30,37.62,0,4,1
19-01-2019,store_1,item_43,28,37.62,0,5,1
20-01-2019,store_1,item_43,29,37.62,0,6,1
21-01-2019,store_1,item_43,33,37.62,0,0,1
22-01-2019,store_1,item_43,34,37.62,0,1,1
23-01-2019,store_1,item_43,39,37.62,0,2,1
24-01-2019,store_1,item_43,36,37.62,0,3,1
25-01-2019,store_1,item_43,32,37.62,0,4,1
26-01-2019,store_1,item_43,27,37.62,0,5,1
27-01-2019,store_1,item_43,34,37.62,0,6,1
28-01-2019,store_1,item_43,38,37.62,0,0,1
29-01-2019,store_1,item_43,38,37.62,0,1,1
30-01-2019,store_1,item_43,42,37.62,0,2,1
31-01-2019,store_1,item_43,38,37.62,0,3,1
01-01-2020,store_1,item_43,41,37.62,0,2,1
02-01-2020,store_1,item_43,33,37.62,0,3,1
03-01-2020,store_1,item_43,33,37.62,0,4,1
04-01-2020,store_1,item_43,26,37.62,0,5,1
05-01-2020,store_1,item_43,28,37.62,0,6,1
06-01-2020,store_1,item_43,35,37.62,0,0,1
07-01-2020,store_1,item_43,40,37.62,0,1,1
08-01-2020,store_1,item_43,39,37.62,0,2,1
09-01-2020,store_1,item_43,32,37.62,0,3,1
10-01-2020,store_1,item_43,32,37.62,0,4,1
11-01-2020,store_1,item_43,27,37.62,0,5,1
12-01-2020,store_1,item_43,30,37.62,0,6,1
13-01-2020,store_1,item_43,34,37.62,0,0,1
14-01-2020,store_1,item_43,41,37.62,0,1,1
15-01-2020,store_1,item_43,38,37.62,0,2,1
16-01-2020,store_1,item_43,58,30.1,1,3,1
17-01-2020,store_1,item_43,31,37.62,0,4,1
18-01-2020,store_1,item_43,29,37.62,0,5,1
19-01-2020,store_1,item_43,30,37.62,0,6,1
20-01-2020,store_1,item_43,38,37.62,0,0,1
21-01-2020,store_1,item_43,35,37.62,0,1,1
22-01-2020,store_1,item_43,41,37.62,0,2,1
23-01-2020,store_1,item_43,42,37.62,0,3,1
24-01-2020,store_1,item_43,32,37.62,0,4,1
25-01-2020,store_1,item_43,35,37.62,0,5,1
26-01-2020,store_1,item_43,34,37.62,0,6,1
27-01-2020,store_1,item_43,38,37.62,0,0,1
28-01-2020,store_1,item_43,38,37.62,0,1,1
29-01-2020,store_1,item_43,50,37.62,0,2,1
30-01-2020,store_1,item_43,39,37.62,0,3,1
31-01-2020,store_1,item_43,36,37.62,0,4,1
01-01-2021,store_1,item_43,28,37.62,0,4,1
02-01-2021,store_1,item_43,29,37.62,0,5,1
03-01-2021,store_1,item_43,27,37.62,0,6,1
04-01-2021,store_1,item_43,40,37.62,0,0,1
05-01-2021,store_1,item_43,38,37.62,0,1,1
06-01-2021,store_1,item_43,43,37.62,0,2,1
07-01-2021,store_1,item_43,35,37.62,0,3,1
08-01-2021,store_1,item_43,31,37.62,0,4,1
09-01-2021,store_1,item_43,29,37.62,0,5,1
10-01-2021,store_1,item_43,25,37.62,0,6,1
11-01-2021,store_1,item_43,53,30.1,1,0,1
12-01-2021,store_1,item_43,42,37.62,0,1,1
13-01-2021,store_1,item_43,43,37.62,0,2,1
14-01-2021,store_1,item_43,61,30.1,1,3,1
15-01-2021,store_1,item_43,34,37.62,0,4,1
16-01-2021,store_1,item_43,38,37.62,0,5,1
17-01-2021,store_1,item_43,33,37.62,0,6,1
18-01-2021,store_1,item_43,36,37.62,0,0,1
19-01-2021,store_1,item_43,41,37.62,0,1,1
20-01-2021,store_1,item_43,49,37.62,0,2,1
21-01-2021,store_1,item_43,39,37.62,0,3,1
22-01-2021,store_1,item_43,38,37.62,0,4,1
23-01-2021,store_1,item_43,36,37.62,0,5,1
24-01-2021,store_1,item_43,52,30.1,1,6,1
25-01-2021,store_1,item_43,42,37.62,0,0,1
26-01-2021,store_1,item_43,47,37.62,0,1,1
27-01-2021,store_1,item_43,49,37.62,0,2,1
28-01-2021,store_1,item_43,40,37.62,0,3,1
29-01-2021,store_1,item_43,42,37.62,0,4,1
30-01-2021,store_1,item_43,38,37.62,0,5,1
31-01-2021,store_1,item_43,31,37.62,0,6,1
01-01-2022,store_1,item_43,46,30.1,1,5,1
02-01-2022,store_1,item_43,36,37.62,0,6,1
03-01-2022,store_1,item_43,35,37.62,0,0,1
04-01-2022,store_1,item_43,37,37.62,0,1,1
05-01-2022,store_1,item_43,47,37.62,0,2,1
06-01-2022,store_1,item_43,48,37.62,0,3,1
07-01-2022,store_1,item_43,35,37.62,0,4,1
08-01-2022,store_1,item_43,30,37.62,0,5,1
09-01-2022,store_1,item_43,38,37.62,0,6,1
10-01-2022,store_1,item_43,40,37.62,0,0,1
11-01-2022,store_1,item_43,42,37.62,0,1,1
12-01-2022,store_1,item_43,42,37.62,0,2,1
13-01-2022,store_1,item_43,36,37.62,0,3,1
14-01-2022,store_1,item_43,33,37.62,0,4,1
15-01-2022,store_1,item_43,33,37.62,0,5,1
16-01-2022,store_1,item_43,34,37.62,0,6,1
17-01-2022,store_1,item_43,35,37.62,0,0,1
18-01-2022,store_1,item_43,47,37.62,0,1,1
19-01-2022,store_1,item_43,47,37.62,0,2,1
20-01-2022,store_1,item_43,74,30.1,1,3,1
21-01-2022,store_1,item_43,36,37.62,0,4,1
22-01-2022,store_1,item_43,27,37.62,0,5,1
23-01-2022,store_1,item_43,39,37.62,0,6,1
24-01-2022,store_1,item_43,43,37.62,0,0,1
25-01-2022,store_1,item_43,52,37.62,0,1,1
26-01-2022,store_1,item_43,49,37.62,0,2,1
27-01-2022,store_1,item_43,52,37.62,0,3,1
28-01-2022,store_1,item_43,40,37.62,0,4,1
29-01-2022,store_1,item_43,32,37.62,0,5,1
30-01-2022,store_1,item_43,37,37.62,0,6,1
31-01-2022,store_1,item_43,40,37.62,0,0,1
01-01-2023,store_1,item_43,37,37.62,0,6,1
02-01-2023,store_1,item_43,41,37.62,0,0,1
03-01-2023,store_1,item_43,45,37.62,0,1,1
04-01-2023,store_1,item_43,48,37.62,0,2,1
05-01-2023,store_1,item_43,46,37.62,0,3,1
06-01-2023,store_1,item_43,54,30.1,1,4,1
07-01-2023,store_1,item_43,27,37.62,0,5,1
08-01-2023,store_1,item_43,29,37.62,0,6,1
09-01-2023,store_1,item_43,41,37.62,0,0,1
10-01-2023,store_1,item_43,46,37.62,0,1,1
11-01-2023,store_1,item_43,52,37.62,0,2,1
12-01-2023,store_1,item_43,71,30.1,1,3,1
13-01-2023,store_1,item_43,40,37.62,0,4,1
14-01-2023,store_1,item_43,35,37.62,0,5,1
15-01-2023,store_1,item_43,40,37.62,0,6,1
16-01-2023,store_1,item_43,36,37.62,0,0,1
17-01-2023,store_1,item_43,44,37.62,0,1,1
18-01-2023,store_1,item_43,73,30.1,1,2,1
19-01-2023,store_1,item_43,42,37.62,0,3,1
20-01-2023,store_1,item_43,39,37.62,0,4,1
21-01-2023,store_1,item_43,35,37.62,0,5,1
22-01-2023,store_1,item_43,37,37.62,0,6,1
23-01-2023,store_1,item_43,45,37.62,0,0,1
24-01-2023,store_1,item_43,51,37.62,0,1,1
25-01-2023,store_1,item_43,52,37.62,0,2,1
26-01-2023,store_1,item_43,46,37.62,0,3,1
27-01-2023,store_1,item_43,36,37.62,0,4,1
28-01-2023,store_1,item_43,35,37.62,0,5,1
29-01-2023,store_1,item_43,39,37.62,0,6,1
30-01-2023,store_1,item_43,48,37.62,0,0,1
31-01-2023,store_1,item_43,75,30.1,1,1,1
