backend/uploads/2019-01_actual.csv
Date,Store,Product,Demand,price,promo,weekday,month
01-01-2019,store_1,item_44,34,35.62,0,1,1
02-01-2019,store_1,item_44,30,35.62,0,2,1
03-01-2019,store_1,item_44,33,35.62,0,3,1
04-01-2019,store_1,item_44,23,35.62,0,4,1
05-01-2019,store_1,item_44,19,35.62,0,5,1
06-01-2019,store_1,item_44,18,35.62,0,6,1
07-01-2019,store_1,item_44,28,35.62,0,0,1
08-01-2019,store_1,item_44,31,35.62,0,1,1
09-01-2019,store_1,item_44,28,35.62,0,2,1
10-01-2019,store_1,item_44,27,35.62,0,3,1
11-01-2019,store_1,item_44,41,28.5,1,4,1
12-01-2019,store_1,item_44,19,35.62,0,5,1
13-01-2019,store_1,item_44,35,28.5,1,6,1
14-01-2019,store_1,item_44,27,35.62,0,0,1
15-01-2019,store_1,item_44,31,35.62,0,1,1
16-01-2019,store_1,item_44,35,35.62,0,2,1
17-01-2019,store_1,item_44,34,35.62,0,3,1
18-01-2019,store_1,item_44,21,35.62,0,4,1
19-01-2019,store_1,item_44,23,35.62,0,5,1
20-01-2019,store_1,item_44,21,35.62,0,6,1
21-01-2019,store_1,item_44,30,35.62,0,0,1
22-01-2019,store_1,item_44,46,28.5,1,1,1
23-01-2019,store_1,item_44,55,28.5,1,2,1
24-01-2019,store_1,item_44,28,35.62,0,3,1
25-01-2019,store_1,item_44,23,35.62,0,4,1
26-01-2019,store_1,item_44,16,35.62,0,5,1
27-01-2019,store_1,item_44,26,35.62,0,6,1
28-01-2019,store_1,item_44,36,35.62,0,0,1
29-01-2019,store_1,item_44,31,35.62,0,1,1
30-01-2019,store_1,item_44,30,35.62,0,2,1
31-01-2019,store_1,item_44,51,28.5,1,3,1
01-01-2020,store_1,item_44,29,35.62,0,2,1
02-01-2020,store_1,item_44,30,35.62,0,3,1
03-01-2020,store_1,item_44,19,35.62,0,4,1
04-01-2020,store_1,item_44,18,35.62,0,5,1
05-01-2020,store_1,item_44,37,28.5,1,6,1
06-01-2020,store_1,item_44,33,35.62,0,0,1
07-01-2020,store_1,item_44,30,35.62,0,1,1
08-01-2020,store_1,item_44,57,28.5,1,2,1
09-01-2020,store_1,item_44,26,35.62,0,3,1
10-01-2020,store_1,item_44,29,35.62,0,4,1
11-01-2020,store_1,item_44,22,35.62,0,5,1
12-01-2020,store_1,item_44,30,35.62,0,6,1
13-01-2020,store_1,item_44,25,35.62,0,0,1
14-01-2020,store_1,item_44,34,35.62,0,1,1
15-01-2020,store_1,item_44,32,35.62,0,2,1
16-01-2020,store_1,item_44,28,35.62,0,3,1
17-01-2020,store_1,item_44,24,35.62,0,4,1
18-01-2020,store_1,item_44,23,35.62,0,5,1
19-01-2020,store_1,item_44,40,28.5,1,6,1
20-01-2020,store_1,item_44,46,28.5,1,0,1
21-01-2020,store_1,item_44,53,28.5,1,1,1
22-01-2020,store_1,item_44,38,35.62,0,2,1
23-01-2020,store_1,item_44,36,35.62,0,3,1
24-01-2020,store_1,item_44,26,35.62,0,4,1
25-01-2020,store_1,item_44,18,35.62,0,5,1
26-01-2020,store_1,item_44,43,28.5,1,6,1
27-01-2020,store_1,item_44,33,35.62,0,0,1
28-01-2020,store_1,item_44,36,35.62,0,1,1
29-01-2020,store_1,item_44,33,35.62,0,2,1
30-01-2020,store_1,item_44,34,35.62,0,3,1
31-01-2020,store_1,item_44,25,35.62,0,4,1
01-01-2021,store_1,item_44,28,35.62,0,4,1
02-01-2021,store_1,item_44,23,35.62,0,5,1
03-01-2021,store_1,item_44,37,28.5,1,6,1
04-01-2021,store_1,item_44,30,35.62,0,0,1
05-01-2021,store_1,item_44,32,35.62,0,1,1
06-01-2021,store_1,item_44,37,35.62,0,2,1
07-01-2021,store_1,item_44,32,35.62,0,3,1
08-01-2021,store_1,item_44,39,28.5,1,4,1
09-01-2021,store_1,item_44,26,35.62,0,5,1
10-01-2021,store_1,item_44,27,35.62,0,6,1
11-01-2021,store_1,item_44,30,35.62,0,0,1
12-01-2021,store_1,item_44,30,35.62,0,1,1
13-01-2021,store_1,item_44,38,35.62,0,2,1
14-01-2021,store_1,item_44,48,28.5,1,3,1
15-01-2021,store_1,item_44,28,35.62,0,4,1
16-01-2021,store_1,item_44,38,28.5,1,5,1
17-01-2021,store_1,item_44,39,28.5,1,6,1
18-01-2021,store_1,item_44,30,35.62,0,0,1
19-01-2021,store_1,item_44,37,35.62,0,1,1
20-01-2021,store_1,item_44,37,35.62,0,2,1
21-01-2021,store_1,item_44,32,35.62,0,3,1
22-01-2021,store_1,item_44,45,28.5,1,4,1
23-01-2021,store_1,item_44,27,35.62,0,5,1
24-01-2021,store_1,item_44,27,35.62,0,6,1
25-01-2021,store_1,item_44,27,35.62,0,0,1
26-01-2021,store_1,item_44,36,35.62,0,1,1
27-01-2021,store_1,item_44,37,35.62,0,2,1
28-01-2021,store_1,item_44,35,35.62,0,3,1
29-01-2021,store_1,item_44,26,35.62,0,4,1
30-01-2021,store_1,item_44,38,28.5,1,5,1
31-01-2021,store_1,item_44,27,35.62,0,6,1
01-01-2022,store_1,item_44,28,35.62,0,5,1
02-01-2022,store_1,item_44,31,35.62,0,6,1
03-01-2022,store_1,item_44,29,35.62,0,0,1
04-01-2022,store_1,item_44,34,35.62,0,1,1
05-01-2022,store_1,item_44,35,35.62,0,2,1
06-01-2022,store_1,item_44,37,35.62,0,3,1
07-01-2022,store_1,item_44,30,35.62,0,4,1
08-01-2022,store_1,item_44,26,35.62,0,5,1
09-01-2022,store_1,item_44,18,35.62,0,6,1
10-01-2022,store_1,item_44,26,35.62,0,0,1
11-01-2022,store_1,item_44,37,35.62,0,1,1
12-01-2022,store_1,item_44,42,35.62,0,2,1
13-01-2022,store_1,item_44,38,35.62,0,3,1
14-01-2022,store_1,item_44,28,35.62,0,4,1
15-01-2022,store_1,item_44,29,35.62,0,5,1
16-01-2022,store_1,item_44,31,35.62,0,6,1
17-01-2022,store_1,item_44,33,35.62,0,0,1
18-01-2022,store_1,item_44,40,35.62,0,1,1
19-01-2022,store_1,item_44,41,35.62,0,2,1
20-01-2022,store_1,item_44,61,28.5,1,3,1
21-01-2022,store_1,item_44,30,35.62,0,4,1
22-01-2022,store_1,item_44,25,35.62,0,5,1
23-01-2022,store_1,item_44,22,35.62,0,6,1
24-01-2022,store_1,item_44,28,35.62,0,0,1
25-01-2022,store_1,item_44,39,35.62,0,1,1
26-01-2022,store_1,item_44,39,35.62,0,2,1
27-01-2022,store_1,item_44,42,35.62,0,3,1
28-01-2022,store_1,item_44,29,35.62,0,4,1
29-01-2022,store_1,item_44,28,35.62,0,5,1
30-01-2022,store_1,item_44,22,35.62,0,6,1
31-01-2022,store_1,item_44,24,35.62,0,0,1
01-01-2023,store_1,item_44,22,35.62,0,6,1
02-01-2023,store_1,item_44,33,35.62,0,0,1
03-01-2023,store_1,item_44,38,35.62,0,1,1
04-01-2023,store_1,item_44,59,28.5,1,2,1
05-01-2023,store_1,item_44,37,35.62,0,3,1
06-01-2023,store_1,item_44,36,35.62,0,4,1
07-01-2023,store_1,item_44,23,35.62,0,5,1
08-01-2023,store_1,item_44,43,28.5,1,6,1
09-01-2023,store_1,item_44,49,28.5,1,0,1
10-01-2023,store_1,item_44,37,35.62,0,1,1
11-01-2023,store_1,item_44,42,35.62,0,2,1
12-01-2023,store_1,item_44,34,35.62,0,3,1
13-01-2023,store_1,item_44,34,35.62,0,4,1
14-01-2023,store_1,item_44,25,35.62,0,5,1
15-01-2023,store_1,item_44,30,35.62,0,6,1
16-01-2023,store_1,item_44,35,35.62,0,0,1
17-01-2023,store_1,item_44,42,35.62,0,1,1
18-01-2023,store_1,item_44,43,35.62,0,2,1
19-01-2023,store_1,item_44,37,35.62,0,3,1
20-01-2023,store_1,item_44,52,28.5,1,4,1
21-01-2023,store_1,item_44,30,35.62,0,5,1
22-01-2023,store_1,item_44,30,35.62,0,6,1
23-01-2023,store_1,item_44,36,35.62,0,0,1
24-01-2023,store_1,item_44,43,35.62,0,1,1
25-01-2023,store_1,item_44,41,35.62,0,2,1
26-01-2023,store_1,item_44,37,35.62,0,3,1
27-01-2023,store_1,item_44,31,35.62,0,4,1
28-01-2023,store_1,item_44,32,35.62,0,5,1
29-01-2023,store_1,item_44,30,35.62,0,6,1
30-01-2023,store_1,item_44,57,28.5,1,0,1
31-01-2023,store_1,item_44,41,35.62,0,1,1
01-01-2019,store_1,item_45,41,27.56,0,1,1
02-01-2019,store_1,item_45,40,27.56,0,2,1
03-01-2019,store_1,item_45,34,27.56,0,3,1
04-01-2019,store_1,item_45,32,27.56,0,4,1
05-01-2019,store_1,item_45,21,27.56,0,5,1
06-01-2019,store_1,item_45,28,27.56,0,6,1
07-01-2019,store_1,item_45,36,27.56,0,0,1
08-01-2019,store_1,item_45,37,27.56,0,1,1
09-01-2019,store_1,item_45,38,27.56,0,2,1
10-01-2019,store_1,item_45,30,27.56,0,3,1
11-01-2019,store_1,item_45,50,22.05,1,4,1
12-01-2019,store_1,item_45,27,27.56,0,5,1
13-01-2019,store_1,item_45,29,27.56,0,6,1
14-01-2019,store_1,item_45,35,27.56,0,0,1
15-01-2019,store_1,item_45,41,27.56,0,1,1
16-01-2019,store_1,item_45,43,27.56,0,2,1
17-01-2019,store_1,item_45,41,27.56,0,3,1
18-01-2019,store_1,item_45,33,27.56,0,4,1
19-01-2019,store_1,item_45,25,27.56,0,5,1
20-01-2019,store_1,item_45,27,27.56,0,6,1
21-01-2019,store_1,item_45,33,27.56,0,0,1
22-01-2019,store_1,item_45,38,27.56,0,1,1
23-01-2019,store_1,item_45,44,27.56,0,2,1
24-01-2019,store_1,item_45,37,27.56,0,3,1
25-01-2019,store_1,item_45,35,27.56,0,4,1
26-01-2019,store_1,item_45,26,27.56,0,5,1
27-01-2019,store_1,item_45,35,27.56,0,6,1
28-01-2019,store_1,item_45,34,27.56,0,0,1
29-01-2019,store_1,item_45,41,27.56,0,1,1
30-01-2019,store_1,item_45,47,27.56,0,2,1
31-01-2019,store_1,item_45,60,22.05,1,3,1
01-01-2020,store_1,item_45,44,27.56,0,2,1
02-01-2020,store_1,item_45,40,27.56,0,3,1
03-01-2020,store_1,item_45,33,27.56,0,4,1
04-01-2020,store_1,item_45,32,27.56,0,5,1
05-01-2020,store_1,item_45,29,27.56,0,6,1
06-01-2020,store_1,item_45,39,27.56,0,0,1
07-01-2020,store_1,item_45,42,27.56,0,1,1
08-01-2020,store_1,item_45,40,27.56,0,2,1
09-01-2020,store_1,item_45,38,27.56,0,3,1
10-01-2020,store_1,item_45,29,27.56,0,4,1
11-01-2020,store_1,item_45,28,27.56,0,5,1
12-01-2020,store_1,item_45,43,22.05,1,6,1
13-01-2020,store_1,item_45,36,27.56,0,0,1
14-01-2020,store_1,item_45,45,27.56,0,1,1
15-01-2020,store_1,item_45,41,27.56,0,2,1
16-01-2020,store_1,item_45,40,27.56,0,3,1
17-01-2020,store_1,item_45,31,27.56,0,4,1
18-01-2020,store_1,item_45,30,27.56,0,5,1
19-01-2020,store_1,item_45,27,27.56,0,6,1
20-01-2020,store_1,item_45,50,22.05,1,0,1
21-01-2020,store_1,item_45,45,27.56,0,1,1
22-01-2020,store_1,item_45,42,27.56,0,2,1
23-01-2020,store_1,item_45,43,27.56,0,3,1
24-01-2020,store_1,item_45,39,27.56,0,4,1
25-01-2020,store_1,item_45,27,27.56,0,5,1
26-01-2020,store_1,item_45,34,27.56,0,6,1
27-01-2020,store_1,item_45,35,27.56,0,0,1
28-01-2020,store_1,item_45,70,22.05,1,1,1
29-01-2020,store_1,item_45,48,27.56,0,2,1
30-01-2020,store_1,item_45,43,27.56,0,3,1
31-01-2020,store_1,item_45,41,27.56,0,4,1
01-01-2021,store_1,item_45,33,27.56,0,4,1
02-01-2021,store_1,item_45,31,27.56,0,5,1
03-01-2021,store_1,item_45,41,22.05,1,6,1
04-01-2021,store_1,item_45,33,27.56,0,0,1
05-01-2021,store_1,item_45,65,22.05,1,1,1
06-01-2021,store_1,item_45,45,27.56,0,2,1
07-01-2021,store_1,item_45,35,27.56,0,3,1
08-01-2021,store_1,item_45,32,27.56,0,4,1
09-01-2021,store_1,item_45,33,27.56,0,5,1
10-01-2021,store_1,item_45,33,27.56,0,6,1
11-01-2021,store_1,item_45,37,27.56,0,0,1
12-01-2021,store_1,item_45,45,27.56,0,1,1
13-01-2021,store_1,item_45,45,27.56,0,2,1
14-01-2021,store_1,item_45,60,22.05,1,3,1
15-01-2021,store_1,item_45,33,27.56,0,4,1
16-01-2021,store_1,item_45,36,27.56,0,5,1
17-01-2021,store_1,item_45,31,27.56,0,6,1
18-01-2021,store_1,item_45,39,27.56,0,0,1
19-01-2021,store_1,item_45,39,27.56,0,1,1
20-01-2021,store_1,item_45,54,27.56,0,2,1
21-01-2021,store_1,item_45,48,27.56,0,3,1
22-01-2021,store_1,item_45,33,27.56,0,4,1
23-01-2021,store_1,item_45,35,27.56,0,5,1
24-01-2021,store_1,item_45,37,27.56,0,6,1
25-01-2021,store_1,item_45,38,27.56,0,0,1
26-01-2021,store_1,item_45,48,27.56,0,1,1
27-01-2021,store_1,item_45,44,27.56,0,2,1
28-01-2021,store_1,item_45,44,27.56,0,3,1
29-01-2021,store_1,item_45,39,27.56,0,4,1
30-01-2021,store_1,item_45,34,27.56,0,5,1
31-01-2021,store_1,item_45,35,27.56,0,6,1
01-01-2022,store_1,item_45,31,27.56,0,5,1
02-01-2022,store_1,item_45,50,22.05,1,6,1
03-01-2022,store_1,item_45,38,27.56,0,0,1
04-01-2022,store_1,item_45,48,27.56,0,1,1
05-01-2022,store_1,item_45,45,27.56,0,2,1
06-01-2022,store_1,item_45,42,27.56,0,3,1
07-01-2022,store_1,item_45,47,22.05,1,4,1
08-01-2022,store_1,item_45,32,27.56,0,5,1
09-01-2022,store_1,item_45,31,27.56,0,6,1
10-01-2022,store_1,item_45,38,27.56,0,0,1
11-01-2022,store_1,item_45,43,27.56,0,1,1
12-01-2022,store_1,item_45,46,27.56,0,2,1
13-01-2022,store_1,item_45,48,27.56,0,3,1
14-01-2022,store_1,item_45,37,27.56,0,4,1
15-01-2022,store_1,item_45,29,27.56,0,5,1
16-01-2022,store_1,item_45,34,27.56,0,6,1
17-01-2022,store_1,item_45,43,27.56,0,0,1
18-01-2022,store_1,item_45,46,27.56,0,1,1
19-01-2022,store_1,item_45,51,27.56,0,2,1
20-01-2022,store_1,item_45,39,27.56,0,3,1
21-01-2022,store_1,item_45,53,22.05,1,4,1
22-01-2022,store_1,item_45,35,27.56,0,5,1
23-01-2022,store_1,item_45,31,27.56,0,6,1
24-01-2022,store_1,item_45,43,27.56,0,0,1
25-01-2022,store_1,item_45,46,27.56,0,1,1
26-01-2022,store_1,item_45,73,22.05,1,2,1
27-01-2022,store_1,item_45,47,27.56,0,3,1
28-01-2022,store_1,item_45,60,22.05,1,4,1
29-01-2022,store_1,item_45,38,27.56,0,5,1
30-01-2022,store_1,item_45,38,27.56,0,6,1
31-01-2022,store_1,item_45,44,27.56,0,0,1
01-01-2023,store_1,item_45,33,27.56,0,6,1
02-01-2023,store_1,item_45,44,27.56,0,0,1
03-01-2023,store_1,item_45,51,27.56,0,1,1
04-01-2023,store_1,item_45,46,27.56,0,2,1
05-01-2023,store_1,item_45,39,27.56,0,3,1
06-01-2023,store_1,item_45,33,27.56,0,4,1
07-01-2023,store_1,item_45,30,27.56,0,5,1
08-01-2023,store_1,item_45,34,27.56,0,6,1
09-01-2023,store_1,item_45,46,27.56,0,0,1
10-01-2023,store_1,item_45,50,27.56,0,1,1
11-01-2023,store_1,item_45,47,27.56,0,2,1
12-01-2023,store_1,item_45,47,27.56,0,3,1
13-01-2023,store_1,item_45,40,27.56,0,4,1
14-01-2023,store_1,item_45,30,27.56,0,5,1
15-01-2023,store_1,item_45,34,27.56,0,6,1
16-01-2023,store_1,item_45,36,27.56,0,0,1
17-01-2023,store_1,item_45,51,27.56,0,1,1
18-01-2023,store_1,item_45,50,27.56,0,2,1
19-01-2023,store_1,item_45,47,27.56,0,3,1
20-01-2023,store_1,item_45,42,27.56,0,4,1
21-01-2023,store_1,item_45,38,27.56,0,5,1
22-01-2023,store_1,item_45,40,27.56,0,6,1
23-01-2023,store_1,item_45,68,22.05,1,0,1
24-01-2023,store_1,item_45,51,27.56,0,1,1
25-01-2023,store_1,item_45,79,22.05,1,2,1
26-01-2023,store_1,item_45,52,27.56,0,3,1
27-01-2023,store_1,item_45,39,27.56,0,4,1
28-01-2023,store_1,item_45,31,27.56,0,5,1
29-01-2023,store_1,item_45,32,27.56,0,6,1
30-01-2023,store_1,item_45,48,27.56,0,0,1
31-01-2023,store_1,item_45,52,27.56,0,1,1
