backend/uploads/2019-01_actual.csv
Date,Store,Product,Demand,price,promo,weekday,month
01-01-2019,store_1,item_46,25,98.59,0,1,1
02-01-2019,store_1,item_46,33,98.59,0,2,1
03-01-2019,store_1,item_46,19,98.59,0,3,1
04-01-2019,store_1,item_46,25,98.59,0,4,1
05-01-2019,store_1,item_46,19,98.59,0,5,1
06-01-2019,store_1,item_46,29,78.87,1,6,1
07-01-2019,store_1,item_46,24,98.59,0,0,1
08-01-2019,store_1,item_46,31,98.59,0,1,1
09-01-2019,store_1,item_46,28,98.59,0,2,1
10-01-2019,store_1,item_46,27,98.59,0,3,1
11-01-2019,store_1,item_46,24,98.59,0,4,1
12-01-2019,store_1,item_46,19,98.59,0,5,1
13-01-2019,store_1,item_46,21,98.59,0,6,1
14-01-2019,store_1,item_46,35,78.87,1,0,1
15-01-2019,store_1,item_46,29,98.59,0,1,1
16-01-2019,store_1,item_46,27,98.59,0,2,1
17-01-2019,store_1,item_46,31,98.59,0,3,1
18-01-2019,store_1,item_46,17,98.59,0,4,1
19-01-2019,store_1,item_46,28,78.87,1,5,1
20-01-2019,store_1,item_46,17,98.59,0,6,1
21-01-2019,store_1,item_46,40,78.87,1,0,1
22-01-2019,store_1,item_46,34,98.59,0,1,1
23-01-2019,store_1,item_46,35,98.59,0,2,1
24-01-2019,store_1,item_46,26,98.59,0,3,1
25-01-2019,store_1,item_46,25,98.59,0,4,1
26-01-2019,store_1,item_46,21,98.59,0,5,1
27-01-2019,store_1,item_46,24,98.59,0,6,1
28-01-2019,store_1,item_46,40,78.87,1,0,1
29-01-2019,store_1,item_46,32,98.59,0,1,1
30-01-2019,store_1,item_46,31,98.59,0,2,1
31-01-2019,store_1,item_46,45,78.87,1,3,1
01-01-2020,store_1,item_46,29,98.59,0,2,1
02-01-2020,store_1,item_46,29,98.59,0,3,1
03-01-2020,store_1,item_46,35,78.87,1,4,1
04-01-2020,store_1,item_46,21,98.59,0,5,1
05-01-2020,store_1,item_46,18,98.59,0,6,1
06-01-2020,store_1,item_46,20,98.59,0,0,1
07-01-2020,store_1,item_46,29,98.59,0,1,1
08-01-2020,store_1,item_46,28,98.59,0,2,1
09-01-2020,store_1,item_46,28,98.59,0,3,1
10-01-2020,store_1,item_46,24,98.59,0,4,1
11-01-2020,store_1,item_46,26,98.59,0,5,1
12-01-2020,store_1,item_46,33,78.87,1,6,1
13-01-2020,store_1,item_46,26,98.59,0,0,1
14-01-2020,store_1,item_46,33,98.59,0,1,1
15-01-2020,store_1,item_46,38,98.59,0,2,1
16-01-2020,store_1,item_46,26,98.59,0,3,1
17-01-2020,store_1,item_46,27,98.59,0,4,1
18-01-2020,store_1,item_46,25,98.59,0,5,1
19-01-2020,store_1,item_46,38,78.87,1,6,1
20-01-2020,store_1,item_46,43,78.87,1,0,1
21-01-2020,store_1,item_46,32,98.59,0,1,1
22-01-2020,store_1,item_46,30,98.59,0,2,1
23-01-2020,store_1,item_46,35,98.59,0,3,1
24-01-2020,store_1,item_46,29,98.59,0,4,1
25-01-2020,store_1,item_46,16,98.59,0,5,1
26-01-2020,store_1,item_46,38,78.87,1,6,1
27-01-2020,store_1,item_46,44,78.87,1,0,1
28-01-2020,store_1,item_46,28,98.59,0,1,1
29-01-2020,store_1,item_46,53,78.87,1,2,1
30-01-2020,store_1,item_46,28,98.59,0,3,1
31-01-2020,store_1,item_46,40,78.87,1,4,1
01-01-2021,store_1,item_46,23,98.59,0,4,1
02-01-2021,store_1,item_46,35,78.87,1,5,1
03-01-2021,store_1,item_46,26,98.59,0,6,1
04-01-2021,store_1,item_46,25,98.59,0,0,1
05-01-2021,store_1,item_46,34,98.59,0,1,1
06-01-2021,store_1,item_46,33,98.59,0,2,1
07-01-2021,store_1,item_46,30,98.59,0,3,1
08-01-2021,store_1,item_46,28,98.59,0,4,1
09-01-2021,store_1,item_46,28,98.59,0,5,1
10-01-2021,store_1,item_46,24,98.59,0,6,1
11-01-2021,store_1,item_46,31,98.59,0,0,1
12-01-2021,store_1,item_46,30,98.59,0,1,1
13-01-2021,store_1,item_46,35,98.59,0,2,1
14-01-2021,store_1,item_46,30,98.59,0,3,1
15-01-2021,store_1,item_46,26,98.59,0,4,1
16-01-2021,store_1,item_46,27,98.59,0,5,1
17-01-2021,store_1,item_46,24,98.59,0,6,1
18-01-2021,store_1,item_46,42,78.87,1,0,1
19-01-2021,store_1,item_46,40,98.59,0,1,1
20-01-2021,store_1,item_46,37,98.59,0,2,1
21-01-2021,store_1,item_46,33,98.59,0,3,1
22-01-2021,store_1,item_46,27,98.59,0,4,1
23-01-2021,store_1,item_46,22,98.59,0,5,1
24-01-2021,store_1,item_46,25,98.59,0,6,1
25-01-2021,store_1,item_46,34,98.59,0,0,1
26-01-2021,store_1,item_46,34,98.59,0,1,1
27-01-2021,store_1,item_46,38,98.59,0,2,1
28-01-2021,store_1,item_46,29,98.59,0,3,1
29-01-2021,store_1,item_46,31,98.59,0,4,1
30-01-2021,store_1,item_46,24,98.59,0,5,1
31-01-2021,store_1,item_46,28,98.59,0,6,1
01-01-2022,store_1,item_46,19,98.59,0,5,1
02-01-2022,store_1,item_46,17,98.59,0,6,1
03-01-2022,store_1,item_46,43,78.87,1,0,1
04-01-2022,store_1,item_46,39,98.59,0,1,1
05-01-2022,store_1,item_46,53,78.87,1,2,1
06-01-2022,store_1,item_46,30,98.59,0,3,1
07-01-2022,store_1,item_46,32,98.59,0,4,1
08-01-2022,store_1,item_46,24,98.59,0,5,1
09-01-2022,store_1,item_46,21,98.59,0,6,1
10-01-2022,store_1,item_46,28,98.59,0,0,1
11-01-2022,store_1,item_46,34,98.59,0,1,1
12-01-2022,store_1,item_46,39,98.59,0,2,1
13-01-2022,store_1,item_46,33,98.59,0,3,1
14-01-2022,store_1,item_46,25,98.59,0,4,1
15-01-2022,store_1,item_46,21,98.59,0,5,1
16-01-2022,store_1,item_46,39,78.87,1,6,1
17-01-2022,store_1,item_46,32,98.59,0,0,1
18-01-2022,store_1,item_46,36,98.59,0,1,1
19-01-2022,store_1,item_46,39,98.59,0,2,1
20-01-2022,store_1,item_46,29,98.59,0,3,1
21-01-2022,store_1,item_46,29,98.59,0,4,1
22-01-2022,store_1,item_46,37,78.87,1,5,1
23-01-2022,store_1,item_46,26,98.59,0,6,1
24-01-2022,store_1,item_46,26,98.59,0,0,1
25-01-2022,store_1,item_46,34,98.59,0,1,1
26-01-2022,store_1,item_46,39,98.59,0,2,1
27-01-2022,store_1,item_46,31,98.59,0,3,1
28-01-2022,store_1,item_46,35,98.59,0,4,1
29-01-2022,store_1,item_46,27,98.59,0,5,1
30-01-2022,store_1,item_46,31,98.59,0,6,1
31-01-2022,store_1,item_46,46,78.87,1,0,1
01-01-2023,store_1,item_46,34,78.87,1,6,1
02-01-2023,store_1,item_46,34,98.59,0,0,1
03-01-2023,store_1,item_46,36,98.59,0,1,1
04-01-2023,store_1,item_46,52,78.87,1,2,1
05-01-2023,store_1,item_46,34,98.59,0,3,1
06-01-2023,store_1,item_46,26,98.59,0,4,1
07-01-2023,store_1,item_46,24,98.59,0,5,1
08-01-2023,store_1,item_46,26,98.59,0,6,1
09-01-2023,store_1,item_46,36,98.59,0,0,1
10-01-2023,store_1,item_46,35,98.59,0,1,1
11-01-2023,store_1,item_46,38,98.59,0,2,1
12-01-2023,store_1,item_46,37,98.59,0,3,1
13-01-2023,store_1,item_46,28,98.59,0,4,1
14-01-2023,store_1,item_46,33,98.59,0,5,1
15-01-2023,store_1,item_46,27,98.59,0,6,1
16-01-2023,store_1,item_46,33,98.59,0,0,1
17-01-2023,store_1,item_46,35,98.59,0,1,1
18-01-2023,store_1,item_46,37,98.59,0,2,1
19-01-2023,store_1,item_46,38,98.59,0,3,1
20-01-2023,store_1,item_46,48,78.87,1,4,1
21-01-2023,store_1,item_46,19,98.59,0,5,1
22-01-2023,store_1,item_46,27,98.59,0,6,1
23-01-2023,store_1,item_46,30,98.59,0,0,1
24-01-2023,store_1,item_46,37,98.59,0,1,1
25-01-2023,store_1,item_46,39,98.59,0,2,1
26-01-2023,store_1,item_46,32,98.59,0,3,1
27-01-2023,store_1,item_46,31,98.59,0,4,1
28-01-2023,store_1,item_46,25,98.59,0,5,1
29-01-2023,store_1,item_46,29,98.59,0,6,1
30-01-2023,store_1,item_46,32,98.59,0,0,1
31-01-2023,store_1,item_46,45,98.59,0,1,1
01-01-2019,store_1,item_47,23,97.86,0,1,1
02-01-2019,store_1,item_47,24,97.86,0,2,1
03-01-2019,store_1,item_47,26,97.86,0,3,1
04-01-2019,store_1,item_47,26,97.86,0,4,1
05-01-2019,store_1,item_47,19,97.86,0,5,1
06-01-2019,store_1,item_47,23,97.86,0,6,1
07-01-2019,store_1,item_47,24,97.86,0,0,1
08-01-2019,store_1,item_47,31,97.86,0,1,1
09-01-2019,store_1,item_47,30,97.86,0,2,1
10-01-2019,store_1,item_47,28,97.86,0,3,1
11-01-2019,store_1,item_47,31,97.86,0,4,1
12-01-2019,store_1,item_47,33,78.29,1,5,1
13-01-2019,store_1,item_47,24,97.86,0,6,1
14-01-2019,store_1,item_47,25,97.86,0,0,1
15-01-2019,store_1,item_47,46,78.29,1,1,1
16-01-2019,store_1,item_47,31,97.86,0,2,1
17-01-2019,store_1,item_47,30,97.86,0,3,1
18-01-2019,store_1,item_47,23,97.86,0,4,1
19-01-2019,store_1,item_47,30,78.29,1,5,1
20-01-2019,store_1,item_47,30,97.86,0,6,1
21-01-2019,store_1,item_47,28,97.86,0,0,1
22-01-2019,store_1,item_47,29,97.86,0,1,1
23-01-2019,store_1,item_47,31,97.86,0,2,1
24-01-2019,store_1,item_47,28,97.86,0,3,1
25-01-2019,store_1,item_47,23,97.86,0,4,1
26-01-2019,store_1,item_47,20,97.86,0,5,1
27-01-2019,store_1,item_47,35,78.29,1,6,1
28-01-2019,store_1,item_47,32,97.86,0,0,1
29-01-2019,store_1,item_47,27,97.86,0,1,1
30-01-2019,store_1,item_47,31,97.86,0,2,1
31-01-2019,store_1,item_47,28,97.86,0,3,1
01-01-2020,store_1,item_47,25,97.86,0,2,1
02-01-2020,store_1,item_47,28,97.86,0,3,1
03-01-2020,store_1,item_47,26,97.86,0,4,1
04-01-2020,store_1,item_47,31,78.29,1,5,1
05-01-2020,store_1,item_47,33,78.29,1,6,1
06-01-2020,store_1,item_47,28,97.86,0,0,1
07-01-2020,store_1,item_47,27,97.86,0,1,1
08-01-2020,store_1,item_47,32,97.86,0,2,1
09-01-2020,store_1,item_47,38,78.29,1,3,1
10-01-2020,store_1,item_47,27,97.86,0,4,1
11-01-2020,store_1,item_47,24,97.86,0,5,1
12-01-2020,store_1,item_47,24,97.86,0,6,1
13-01-2020,store_1,item_47,29,97.86,0,0,1
14-01-2020,store_1,item_47,31,97.86,0,1,1
15-01-2020,store_1,item_47,34,97.86,0,2,1
16-01-2020,store_1,item_47,32,97.86,0,3,1
17-01-2020,store_1,item_47,27,97.86,0,4,1
18-01-2020,store_1,item_47,35,78.29,1,5,1
19-01-2020,store_1,item_47,28,97.86,0,6,1
20-01-2020,store_1,item_47,28,97.86,0,0,1
21-01-2020,store_1,item_47,32,97.86,0,1,1
22-01-2020,store_1,item_47,33,97.86,0,2,1
23-01-2020,store_1,item_47,29,97.86,0,3,1
24-01-2020,store_1,item_47,24,97.86,0,4,1
25-01-2020,store_1,item_47,37,78.29,1,5,1
26-01-2020,store_1,item_47,23,97.86,0,6,1
27-01-2020,store_1,item_47,33,97.86,0,0,1
28-01-2020,store_1,item_47,28,97.86,0,1,1
29-01-2020,store_1,item_47,35,97.86,0,2,1
30-01-2020,store_1,item_47,32,97.86,0,3,1
31-01-2020,store_1,item_47,41,78.29,1,4,1
01-01-2021,store_1,item_47,27,97.86,0,4,1
02-01-2021,store_1,item_47,20,97.86,0,5,1
03-01-2021,store_1,item_47,41,78.29,1,6,1
04-01-2021,store_1,item_47,43,78.29,1,0,1
05-01-2021,store_1,item_47,36,97.86,0,1,1
06-01-2021,store_1,item_47,32,97.86,0,2,1
07-01-2021,store_1,item_47,26,97.86,0,3,1
08-01-2021,store_1,item_47,27,97.86,0,4,1
09-01-2021,store_1,item_47,26,97.86,0,5,1
10-01-2021,store_1,item_47,25,97.86,0,6,1
11-01-2021,store_1,item_47,25,97.86,0,0,1
12-01-2021,store_1,item_47,35,97.86,0,1,1
13-01-2021,store_1,item_47,32,97.86,0,2,1
14-01-2021,store_1,item_47,31,97.86,0,3,1
15-01-2021,store_1,item_47,43,78.29,1,4,1
16-01-2021,store_1,item_47,23,97.86,0,5,1
17-01-2021,store_1,item_47,23,97.86,0,6,1
18-01-2021,store_1,item_47,29,97.86,0,0,1
19-01-2021,store_1,item_47,40,97.86,0,1,1
20-01-2021,store_1,item_47,33,97.86,0,2,1
21-01-2021,store_1,item_47,37,97.86,0,3,1
22-01-2021,store_1,item_47,29,97.86,0,4,1
23-01-2021,store_1,item_47,26,97.86,0,5,1
24-01-2021,store_1,item_47,27,97.86,0,6,1
25-01-2021,store_1,item_47,35,97.86,0,0,1
26-01-2021,store_1,item_47,32,97.86,0,1,1
27-01-2021,store_1,item_47,38,97.86,0,2,1
28-01-2021,store_1,item_47,35,97.86,0,3,1
29-01-2021,store_1,item_47,27,97.86,0,4,1
30-01-2021,store_1,item_47,27,97.86,0,5,1
31-01-2021,store_1,item_47,26,97.86,0,6,1
01-01-2022,store_1,item_47,23,97.86,0,5,1
02-01-2022,store_1,item_47,29,97.86,0,6,1
03-01-2022,store_1,item_47,33,97.86,0,0,1
04-01-2022,store_1,item_47,34,97.86,0,1,1
05-01-2022,store_1,item_47,35,97.86,0,2,1
06-01-2022,store_1,item_47,46,78.29,1,3,1
07-01-2022,store_1,item_47,31,97.86,0,4,1
08-01-2022,store_1,item_47,23,97.86,0,5,1
09-01-2022,store_1,item_47,27,97.86,0,6,1
10-01-2022,store_1,item_47,31,97.86,0,0,1
11-01-2022,store_1,item_47,36,97.86,0,1,1
12-01-2022,store_1,item_47,35,97.86,0,2,1
13-01-2022,store_1,item_47,33,97.86,0,3,1
14-01-2022,store_1,item_47,30,97.86,0,4,1
15-01-2022,store_1,item_47,23,97.86,0,5,1
16-01-2022,store_1,item_47,25,97.86,0,6,1
17-01-2022,store_1,item_47,29,97.86,0,0,1
18-01-2022,store_1,item_47,36,97.86,0,1,1
19-01-2022,store_1,item_47,37,97.86,0,2,1
20-01-2022,store_1,item_47,32,97.86,0,3,1
21-01-2022,store_1,item_47,31,97.86,0,4,1
22-01-2022,store_1,item_47,24,97.86,0,5,1
23-01-2022,store_1,item_47,27,97.86,0,6,1
24-01-2022,store_1,item_47,29,97.86,0,0,1
25-01-2022,store_1,item_47,33,97.86,0,1,1
26-01-2022,store_1,item_47,37,97.86,0,2,1
27-01-2022,store_1,item_47,30,97.86,0,3,1
28-01-2022,store_1,item_47,34,97.86,0,4,1
29-01-2022,store_1,item_47,31,97.86,0,5,1
30-01-2022,store_1,item_47,28,97.86,0,6,1
31-01-2022,store_1,item_47,36,97.86,0,0,1
01-01-2023,store_1,item_47,27,97.86,0,6,1
02-01-2023,store_1,item_47,31,97.86,0,0,1
03-01-2023,store_1,item_47,37,97.86,0,1,1
04-01-2023,store_1,item_47,39,97.86,0,2,1
05-01-2023,store_1,item_47,30,97.86,0,3,1
06-01-2023,store_1,item_47,28,97.86,0,4,1
07-01-2023,store_1,item_47,36,78.29,1,5,1
08-01-2023,store_1,item_47,28,97.86,0,6,1
09-01-2023,store_1,item_47,32,97.86,0,0,1
10-01-2023,store_1,item_47,35,97.86,0,1,1
11-01-2023,store_1,item_47,42,97.86,0,2,1
12-01-2023,store_1,item_47,35,97.86,0,3,1
13-01-2023,store_1,item_47,48,78.29,1,4,1
14-01-2023,store_1,item_47,26,97.86,0,5,1
15-01-2023,store_1,item_47,30,97.86,0,6,1
16-01-2023,store_1,item_47,31,97.86,0,0,1
17-01-2023,store_1,item_47,32,97.86,0,1,1
18-01-2023,store_1,item_47,40,97.86,0,2,1
19-01-2023,store_1,item_47,35,97.86,0,3,1
20-01-2023,store_1,item_47,29,97.86,0,4,1
21-01-2023,store_1,item_47,28,97.86,0,5,1
22-01-2023,store_1,item_47,47,78.29,1,6,1
23-01-2023,store_1,item_47,33,97.86,0,0,1
24-01-2023,store_1,item_47,35,97.86,0,1,1
25-01-2023,store_1,item_47,42,97.86,0,2,1
26-01-2023,store_1,item_47,33,97.86,0,3,1
27-01-2023,store_1,item_47,31,97.86,0,4,1
28-01-2023,store_1,item_47,26,97.86,0,5,1
29-01-2023,store_1,item_47,30,97.86,0,6,1
30-01-2023,store_1,item_47,36,97.86,0,0,1
31-01-2023,store_1,item_47,42,97.86,0,1,1
