backend/uploads/2019-01_actual.csv
Date,Store,Product,Demand,price,promo,weekday,month
01-01-2019,store_1,item_48,29,63.52,0,1,1
02-01-2019,store_1,item_48,30,63.52,0,2,1
03-01-2019,store_1,item_48,23,63.52,0,3,1
04-01-2019,store_1,item_48,23,63.52,0,4,1
05-01-2019,store_1,item_48,20,63.52,0,5,1
06-01-2019,store_1,item_48,19,63.52,0,6,1
07-01-2019,store_1,item_48,32,50.82,1,0,1
08-01-2019,store_1,item_48,33,63.52,0,1,1
09-01-2019,store_1,item_48,26,63.52,0,2,1
10-01-2019,store_1,item_48,20,63.52,0,3,1
11-01-2019,store_1,item_48,20,63.52,0,4,1
12-01-2019,store_1,item_48,29,50.82,1,5,1
13-01-2019,store_1,item_48,19,63.52,0,6,1
14-01-2019,store_1,item_48,27,63.52,0,0,1
15-01-2019,store_1,item_48,25,63.52,0,1,1
16-01-2019,store_1,item_48,32,63.52,0,2,1
17-01-2019,store_1,item_48,25,63.52,0,3,1
18-01-2019,store_1,item_48,19,63.52,0,4,1
19-01-2019,store_1,item_48,19,63.52,0,5,1
20-01-2019,store_1,item_48,23,63.52,0,6,1
21-01-2019,store_1,item_48,23,63.52,0,0,1
22-01-2019,store_1,item_48,28,63.52,0,1,1
23-01-2019,store_1,item_48,28,63.52,0,2,1
24-01-2019,store_1,item_48,24,63.52,0,3,1
25-01-2019,store_1,item_48,22,63.52,0,4,1
26-01-2019,store_1,item_48,23,63.52,0,5,1
27-01-2019,store_1,item_48,22,63.52,0,6,1
28-01-2019,store_1,item_48,23,63.52,0,0,1
29-01-2019,store_1,item_48,27,63.52,0,1,1
30-01-2019,store_1,item_48,25,63.52,0,2,1
31-01-2019,store_1,item_48,31,63.52,0,3,1
01-01-2020,store_1,item_48,31,63.52,0,2,1
02-01-2020,store_1,item_48,30,63.52,0,3,1
03-01-2020,store_1,item_48,31,50.82,1,4,1
04-01-2020,store_1,item_48,18,63.52,0,5,1
05-01-2020,store_1,item_48,16,63.52,0,6,1
06-01-2020,store_1,item_48,23,63.52,0,0,1
07-01-2020,store_1,item_48,25,63.52,0,1,1
08-01-2020,store_1,item_48,28,63.52,0,2,1
09-01-2020,store_1,item_48,27,63.52,0,3,1
10-01-2020,store_1,item_48,22,63.52,0,4,1
11-01-2020,store_1,item_48,21,63.52,0,5,1
12-01-2020,store_1,item_48,33,50.82,1,6,1
13-01-2020,store_1,item_48,18,63.52,0,0,1
14-01-2020,store_1,item_48,27,63.52,0,1,1
15-01-2020,store_1,item_48,34,63.52,0,2,1
16-01-2020,store_1,item_48,46,50.82,1,3,1
17-01-2020,store_1,item_48,19,63.52,0,4,1
18-01-2020,store_1,item_48,23,63.52,0,5,1
19-01-2020,store_1,item_48,33,50.82,1,6,1
20-01-2020,store_1,item_48,40,50.82,1,0,1
21-01-2020,store_1,item_48,25,63.52,0,1,1
22-01-2020,store_1,item_48,31,63.52,0,2,1
23-01-2020,store_1,item_48,29,63.52,0,3,1
24-01-2020,store_1,item_48,28,63.52,0,4,1
25-01-2020,store_1,item_48,22,63.52,0,5,1
26-01-2020,store_1,item_48,21,63.52,0,6,1
27-01-2020,store_1,item_48,24,63.52,0,0,1
28-01-2020,store_1,item_48,33,63.52,0,1,1
29-01-2020,store_1,item_48,37,63.52,0,2,1
30-01-2020,store_1,item_48,29,63.52,0,3,1
31-01-2020,store_1,item_48,24,63.52,0,4,1
01-01-2021,store_1,item_48,22,63.52,0,4,1
02-01-2021,store_1,item_48,18,63.52,0,5,1
03-01-2021,store_1,item_48,20,63.52,0,6,1
04-01-2021,store_1,item_48,27,63.52,0,0,1
05-01-2021,store_1,item_48,28,63.52,0,1,1
06-01-2021,store_1,item_48,34,63.52,0,2,1
07-01-2021,store_1,item_48,25,63.52,0,3,1
08-01-2021,store_1,item_48,29,63.52,0,4,1
09-01-2021,store_1,item_48,17,63.52,0,5,1
10-01-2021,store_1,item_48,22,63.52,0,6,1
11-01-2021,store_1,item_48,21,63.52,0,0,1
12-01-2021,store_1,item_48,45,50.82,1,1,1
13-01-2021,store_1,item_48,29,63.52,0,2,1
14-01-2021,store_1,item_48,24,63.52,0,3,1
15-01-2021,store_1,item_48,23,63.52,0,4,1
16-01-2021,store_1,item_48,16,63.52,0,5,1
17-01-2021,store_1,item_48,35,50.82,1,6,1
18-01-2021,store_1,item_48,24,63.52,0,0,1
19-01-2021,store_1,item_48,29,63.52,0,1,1
20-01-2021,store_1,item_48,33,63.52,0,2,1
21-01-2021,store_1,item_48,30,63.52,0,3,1
22-01-2021,store_1,item_48,29,63.52,0,4,1
23-01-2021,store_1,item_48,26,63.52,0,5,1
24-01-2021,store_1,item_48,37,50.82,1,6,1
25-01-2021,store_1,item_48,27,63.52,0,0,1
26-01-2021,store_1,item_48,32,63.52,0,1,1
27-01-2021,store_1,item_48,34,63.52,0,2,1
28-01-2021,store_1,item_48,34,63.52,0,3,1
29-01-2021,store_1,item_48,35,50.82,1,4,1
30-01-2021,store_1,item_48,18,63.52,0,5,1
31-01-2021,store_1,item_48,24,63.52,0,6,1
01-01-2022,store_1,item_48,20,63.52,0,5,1
02-01-2022,store_1,item_48,16,63.52,0,6,1
03-01-2022,store_1,item_48,23,63.52,0,0,1
04-01-2022,store_1,item_48,31,63.52,0,1,1
05-01-2022,store_1,item_48,33,63.52,0,2,1
06-01-2022,store_1,item_48,28,63.52,0,3,1
07-01-2022,store_1,item_48,28,63.52,0,4,1
08-01-2022,store_1,item_48,25,63.52,0,5,1
09-01-2022,store_1,item_48,32,50.82,1,6,1
10-01-2022,store_1,item_48,35,63.52,0,0,1
11-01-2022,store_1,item_48,47,50.82,1,1,1
12-01-2022,store_1,item_48,28,63.52,0,2,1
13-01-2022,store_1,item_48,30,63.52,0,3,1
14-01-2022,store_1,item_48,24,63.52,0,4,1
15-01-2022,store_1,item_48,24,63.52,0,5,1
16-01-2022,store_1,item_48,32,50.82,1,6,1
17-01-2022,store_1,item_48,42,50.82,1,0,1
18-01-2022,store_1,item_48,31,63.52,0,1,1
19-01-2022,store_1,item_48,34,63.52,0,2,1
20-01-2022,store_1,item_48,32,63.52,0,3,1
21-01-2022,store_1,item_48,29,63.52,0,4,1
22-01-2022,store_1,item_48,26,63.52,0,5,1
23-01-2022,store_1,item_48,24,63.52,0,6,1
24-01-2022,store_1,item_48,26,63.52,0,0,1
25-01-2022,store_1,item_48,32,63.52,0,1,1
26-01-2022,store_1,item_48,48,50.82,1,2,1
27-01-2022,store_1,item_48,30,63.52,0,3,1
28-01-2022,store_1,item_48,28,63.52,0,4,1
29-01-2022,store_1,item_48,30,63.52,0,5,1
30-01-2022,store_1,item_48,38,50.82,1,6,1
31-01-2022,store_1,item_48,33,63.52,0,0,1
01-01-2023,store_1,item_48,22,63.52,0,6,1
02-01-2023,store_1,item_48,25,63.52,0,0,1
03-01-2023,store_1,item_48,29,63.52,0,1,1
04-01-2023,store_1,item_48,32,63.52,0,2,1
05-01-2023,store_1,item_48,29,63.52,0,3,1
06-01-2023,store_1,item_48,22,63.52,0,4,1
07-01-2023,store_1,item_48,34,50.82,1,5,1
08-01-2023,store_1,item_48,25,63.52,0,6,1
09-01-2023,store_1,item_48,40,50.82,1,0,1
10-01-2023,store_1,item_48,34,63.52,0,1,1
11-01-2023,store_1,item_48,38,63.52,0,2,1
12-01-2023,store_1,item_48,30,63.52,0,3,1
13-01-2023,store_1,item_48,25,63.52,0,4,1
14-01-2023,store_1,item_48,20,63.52,0,5,1
15-01-2023,store_1,item_48,26,63.52,0,6,1
16-01-2023,store_1,item_48,29,63.52,0,0,1
17-01-2023,store_1,item_48,30,63.52,0,1,1
18-01-2023,store_1,item_48,31,63.52,0,2,1
19-01-2023,store_1,item_48,46,50.82,1,3,1
20-01-2023,store_1,item_48,32,63.52,0,4,1
21-01-2023,store_1,item_48,26,63.52,0,5,1
22-01-2023,store_1,item_48,23,63.52,0,6,1
23-01-2023,store_1,item_48,44,50.82,1,0,1
24-01-2023,store_1,item_48,35,63.52,0,1,1
25-01-2023,store_1,item_48,32,63.52,0,2,1
26-01-2023,store_1,item_48,44,63.52,0,3,1
27-01-2023,store_1,item_48,28,63.52,0,4,1
28-01-2023,store_1,item_48,28,63.52,0,5,1
29-01-2023,store_1,item_48,21,63.52,0,6,1
30-01-2023,store_1,item_48,33,63.52,0,0,1
31-01-2023,store_1,item_48,37,63.52,0,1,1
01-01-2019,store_1,item_49,12,30.29,0,1,1
02-01-2019,store_1,item_49,10,30.29,0,2,1
03-01-2019,store_1,item_49,13,30.29,0,3,1
04-01-2019,store_1,item_49,9,30.29,0,4,1
05-01-2019,store_1,item_49,6,30.29,0,5,1
06-01-2019,store_1,item_49,6,30.29,0,6,1
07-01-2019,store_1,item_49,9,30.29,0,0,1
08-01-2019,store_1,item_49,11,30.29,0,1,1
09-01-2019,store_1,item_49,8,30.29,0,2,1
10-01-2019,store_1,item_49,12,30.29,0,3,1
11-01-2019,store_1,item_49,15,30.29,0,4,1
12-01-2019,store_1,item_49,4,30.29,0,5,1
13-01-2019,store_1,item_49,4,30.29,0,6,1
14-01-2019,store_1,item_49,13,30.29,0,0,1
15-01-2019,store_1,item_49,14,30.29,0,1,1
16-01-2019,store_1,item_49,11,30.29,0,2,1
17-01-2019,store_1,item_49,7,30.29,0,3,1
18-01-2019,store_1,item_49,15,30.29,0,4,1
19-01-2019,store_1,item_49,11,30.29,0,5,1
20-01-2019,store_1,item_49,8,30.29,0,6,1
21-01-2019,store_1,item_49,10,30.29,0,0,1
22-01-2019,store_1,item_49,11,30.29,0,1,1
23-01-2019,store_1,item_49,15,30.29,0,2,1
24-01-2019,store_1,item_49,8,30.29,0,3,1
25-01-2019,store_1,item_49,10,30.29,0,4,1
26-01-2019,store_1,item_49,12,30.29,0,5,1
27-01-2019,store_1,item_49,8,30.29,0,6,1
28-01-2019,store_1,item_49,12,30.29,0,0,1
29-01-2019,store_1,item_49,21,24.23,1,1,1
30-01-2019,store_1,item_49,23,30.29,0,2,1
31-01-2019,store_1,item_49,12,30.29,0,3,1
01-01-2020,store_1,item_49,18,24.23,1,2,1
02-01-2020,store_1,item_49,13,30.29,0,3,1
03-01-2020,store_1,item_49,9,30.29,0,4,1
04-01-2020,store_1,item_49,12,30.29,0,5,1
05-01-2020,store_1,item_49,7,30.29,0,6,1
06-01-2020,store_1,item_49,14,30.29,0,0,1
07-01-2020,store_1,item_49,9,30.29,0,1,1
08-01-2020,store_1,item_49,22,24.23,1,2,1
09-01-2020,store_1,item_49,12,30.29,0,3,1
10-01-2020,store_1,item_49,13,30.29,0,4,1
11-01-2020,store_1,item_49,7,30.29,0,5,1
12-01-2020,store_1,item_49,10,30.29,0,6,1
13-01-2020,store_1,item_49,12,30.29,0,0,1
14-01-2020,store_1,item_49,17,30.29,0,1,1
15-01-2020,store_1,item_49,17,30.29,0,2,1
16-01-2020,store_1,item_49,11,30.29,0,3,1
17-01-2020,store_1,item_49,7,30.29,0,4,1
18-01-2020,store_1,item_49,8,30.29,0,5,1
19-01-2020,store_1,item_49,8,30.29,0,6,1
20-01-2020,store_1,item_49,8,30.29,0,0,1
21-01-2020,store_1,item_49,12,30.29,0,1,1
22-01-2020,store_1,item_49,13,30.29,0,2,1
23-01-2020,store_1,item_49,14,30.29,0,3,1
24-01-2020,store_1,item_49,19,30.29,0,4,1
25-01-2020,store_1,item_49,9,30.29,0,5,1
26-01-2020,store_1,item_49,15,30.29,0,6,1
27-01-2020,store_1,item_49,9,30.29,0,0,1
28-01-2020,store_1,item_49,17,30.29,0,1,1
29-01-2020,store_1,item_49,16,30.29,0,2,1
30-01-2020,store_1,item_49,12,30.29,0,3,1
31-01-2020,store_1,item_49,11,30.29,0,4,1
01-01-2021,store_1,item_49,8,30.29,0,4,1
02-01-2021,store_1,item_49,9,30.29,0,5,1
03-01-2021,store_1,item_49,10,30.29,0,6,1
04-01-2021,store_1,item_49,14,24.23,1,0,1
05-01-2021,store_1,item_49,12,30.29,0,1,1
06-01-2021,store_1,item_49,24,24.23,1,2,1
07-01-2021,store_1,item_49,15,30.29,0,3,1
08-01-2021,store_1,item_49,18,30.29,0,4,1
09-01-2021,store_1,item_49,7,30.29,0,5,1
10-01-2021,store_1,item_49,10,30.29,0,6,1
11-01-2021,store_1,item_49,11,30.29,0,0,1
12-01-2021,store_1,item_49,16,30.29,0,1,1
13-01-2021,store_1,item_49,14,30.29,0,2,1
14-01-2021,store_1,item_49,10,30.29,0,3,1
15-01-2021,store_1,item_49,9,30.29,0,4,1
16-01-2021,store_1,item_49,14,30.29,0,5,1
17-01-2021,store_1,item_49,9,30.29,0,6,1
18-01-2021,store_1,item_49,13,30.29,0,0,1
19-01-2021,store_1,item_49,14,30.29,0,1,1
20-01-2021,store_1,item_49,13,30.29,0,2,1
21-01-2021,store_1,item_49,22,24.23,1,3,1
22-01-2021,store_1,item_49,14,30.29,0,4,1
23-01-2021,store_1,item_49,13,30.29,0,5,1
24-01-2021,store_1,item_49,11,30.29,0,6,1
25-01-2021,store_1,item_49,16,30.29,0,0,1
26-01-2021,store_1,item_49,11,30.29,0,1,1
27-01-2021,store_1,item_49,14,30.29,0,2,1
28-01-2021,store_1,item_49,21,24.23,1,3,1
29-01-2021,store_1,item_49,12,30.29,0,4,1
30-01-2021,store_1,item_49,16,30.29,0,5,1
31-01-2021,store_1,item_49,14,24.23,1,6,1
01-01-2022,store_1,item_49,8,30.29,0,5,1
02-01-2022,store_1,item_49,8,30.29,0,6,1
03-01-2022,store_1,item_49,8,30.29,0,0,1
04-01-2022,store_1,item_49,12,30.29,0,1,1
05-01-2022,store_1,item_49,18,30.29,0,2,1
06-01-2022,store_1,item_49,19,30.29,0,3,1
07-01-2022,store_1,item_49,15,30.29,0,4,1
08-01-2022,store_1,item_49,11,30.29,0,5,1
09-01-2022,store_1,item_49,11,30.29,0,6,1
10-01-2022,store_1,item_49,15,30.29,0,0,1
11-01-2022,store_1,item_49,14,30.29,0,1,1
12-01-2022,store_1,item_49,16,30.29,0,2,1
13-01-2022,store_1,item_49,8,30.29,0,3,1
14-01-2022,store_1,item_49,18,30.29,0,4,1
15-01-2022,store_1,item_49,17,24.23,1,5,1
16-01-2022,store_1,item_49,15,30.29,0,6,1
17-01-2022,store_1,item_49,17,24.23,1,0,1
18-01-2022,store_1,item_49,16,30.29,0,1,1
19-01-2022,store_1,item_49,15,30.29,0,2,1
20-01-2022,store_1,item_49,17,24.23,1,3,1
21-01-2022,store_1,item_49,13,30.29,0,4,1
22-01-2022,store_1,item_49,13,30.29,0,5,1
23-01-2022,store_1,item_49,15,30.29,0,6,1
24-01-2022,store_1,item_49,15,30.29,0,0,1
25-01-2022,store_1,item_49,17,30.29,0,1,1
26-01-2022,store_1,item_49,15,30.29,0,2,1
27-01-2022,store_1,item_49,13,30.29,0,3,1
28-01-2022,store_1,item_49,15,30.29,0,4,1
29-01-2022,store_1,item_49,15,30.29,0,5,1
30-01-2022,store_1,item_49,14,30.29,0,6,1
31-01-2022,store_1,item_49,18,24.23,1,0,1
01-01-2023,store_1,item_49,7,30.29,0,6,1
02-01-2023,store_1,item_49,15,30.29,0,0,1
03-01-2023,store_1,item_49,17,30.29,0,1,1
04-01-2023,store_1,item_49,13,30.29,0,2,1
05-01-2023,store_1,item_49,14,30.29,0,3,1
06-01-2023,store_1,item_49,24,24.23,1,4,1
07-01-2023,store_1,item_49,14,30.29,0,5,1
08-01-2023,store_1,item_49,14,30.29,0,6,1
09-01-2023,store_1,item_49,14,30.29,0,0,1
10-01-2023,store_1,item_49,10,30.29,0,1,1
11-01-2023,store_1,item_49,17,30.29,0,2,1
12-01-2023,store_1,item_49,11,30.29,0,3,1
13-01-2023,store_1,item_49,12,30.29,0,4,1
14-01-2023,store_1,item_49,14,30.29,0,5,1
15-01-2023,store_1,item_49,22,24.23,1,6,1
16-01-2023,store_1,item_49,6,30.29,0,0,1
17-01-2023,store_1,item_49,19,30.29,0,1,1
18-01-2023,store_1,item_49,13,30.29,0,2,1
19-01-2023,store_1,item_49,9,30.29,0,3,1
20-01-2023,store_1,item_49,16,24.23,1,4,1
21-01-2023,store_1,item_49,13,30.29,0,5,1
22-01-2023,store_1,item_49,12,30.29,0,6,1
23-01-2023,store_1,item_49,13,30.29,0,0,1
24-01-2023,store_1,item_49,18,30.29,0,1,1
25-01-2023,store_1,item_49,14,30.29,0,2,1
26-01-2023,store_1,item_49,16,30.29,0,3,1
27-01-2023,store_1,item_49,13,30.29,0,4,1
28-01-2023,store_1,item_49,15,30.29,0,5,1
29-01-2023,store_1,item_49,15,30.29,0,6,1
30-01-2023,store_1,item_49,14,30.29,0,0,1
31-01-2023,store_1,item_49,19,30.29,0,1,1
