backend/uploads/2019-01_actual.csv
Date,Store,Product,Demand,price,promo,weekday,month
01-01-2019,store_1,item_50,11,92.33,0,1,1
02-01-2019,store_1,item_50,17,92.33,0,2,1
03-01-2019,store_1,item_50,11,92.33,0,3,1
04-01-2019,store_1,item_50,16,92.33,0,4,1
05-01-2019,store_1,item_50,7,92.33,0,5,1
06-01-2019,store_1,item_50,15,92.33,0,6,1
07-01-2019,store_1,item_50,11,92.33,0,0,1
08-01-2019,store_1,item_50,10,92.33,0,1,1
09-01-2019,store_1,item_50,13,92.33,0,2,1
10-01-2019,store_1,item_50,20,73.86,1,3,1
11-01-2019,store_1,item_50,13,92.33,0,4,1
12-01-2019,store_1,item_50,14,92.33,0,5,1
13-01-2019,store_1,item_50,9,92.33,0,6,1
14-01-2019,store_1,item_50,12,92.33,0,0,1
15-01-2019,store_1,item_50,26,73.86,1,1,1
16-01-2019,store_1,item_50,22,73.86,1,2,1
17-01-2019,store_1,item_50,17,92.33,0,3,1
18-01-2019,store_1,item_50,10,92.33,0,4,1
19-01-2019,store_1,item_50,12,92.33,0,5,1
20-01-2019,store_1,item_50,7,92.33,0,6,1
21-01-2019,store_1,item_50,16,92.33,0,0,1
22-01-2019,store_1,item_50,14,92.33,0,1,1
23-01-2019,store_1,item_50,16,92.33,0,2,1
24-01-2019,store_1,item_50,18,92.33,0,3,1
25-01-2019,store_1,item_50,11,92.33,0,4,1
26-01-2019,store_1,item_50,16,92.33,0,5,1
27-01-2019,store_1,item_50,14,92.33,0,6,1
28-01-2019,store_1,item_50,25,73.86,1,0,1
29-01-2019,store_1,item_50,19,92.33,0,1,1
30-01-2019,store_1,item_50,17,92.33,0,2,1
31-01-2019,store_1,item_50,19,92.33,0,3,1
01-01-2020,store_1,item_50,18,92.33,0,2,1
02-01-2020,store_1,item_50,10,92.33,0,3,1
03-01-2020,store_1,item_50,11,92.33,0,4,1
04-01-2020,store_1,item_50,7,92.33,0,5,1
05-01-2020,store_1,item_50,16,92.33,0,6,1
06-01-2020,store_1,item_50,14,92.33,0,0,1
07-01-2020,store_1,item_50,12,92.33,0,1,1
08-01-2020,store_1,item_50,13,92.33,0,2,1
09-01-2020,store_1,item_50,16,92.33,0,3,1
10-01-2020,store_1,item_50,15,92.33,0,4,1
11-01-2020,store_1,item_50,9,92.33,0,5,1
12-01-2020,store_1,item_50,11,92.33,0,6,1
13-01-2020,store_1,item_50,15,92.33,0,0,1
14-01-2020,store_1,item_50,16,92.33,0,1,1
15-01-2020,store_1,item_50,14,92.33,0,2,1
16-01-2020,store_1,item_50,13,92.33,0,3,1
17-01-2020,store_1,item_50,10,92.33,0,4,1
18-01-2020,store_1,item_50,12,92.33,0,5,1
19-01-2020,store_1,item_50,15,92.33,0,6,1
20-01-2020,store_1,item_50,17,92.33,0,0,1
21-01-2020,store_1,item_50,15,92.33,0,1,1
22-01-2020,store_1,item_50,20,92.33,0,2,1
23-01-2020,store_1,item_50,22,92.33,0,3,1
24-01-2020,store_1,item_50,14,92.33,0,4,1
25-01-2020,store_1,item_50,7,92.33,0,5,1
26-01-2020,store_1,item_50,13,92.33,0,6,1
27-01-2020,store_1,item_50,15,92.33,0,0,1
28-01-2020,store_1,item_50,15,92.33,0,1,1
29-01-2020,store_1,item_50,19,92.33,0,2,1
30-01-2020,store_1,item_50,21,92.33,0,3,1
31-01-2020,store_1,item_50,18,92.33,0,4,1
01-01-2021,store_1,item_50,16,92.33,0,4,1
02-01-2021,store_1,item_50,12,92.33,0,5,1
03-01-2021,store_1,item_50,15,92.33,0,6,1
04-01-2021,store_1,item_50,16,92.33,0,0,1
05-01-2021,store_1,item_50,22,92.33,0,1,1
06-01-2021,store_1,item_50,25,73.86,1,2,1
07-01-2021,store_1,item_50,18,92.33,0,3,1
08-01-2021,store_1,item_50,14,92.33,0,4,1
09-01-2021,store_1,item_50,15,92.33,0,5,1
10-01-2021,store_1,item_50,20,73.86,1,6,1
11-01-2021,store_1,item_50,17,92.33,0,0,1
12-01-2021,store_1,item_50,15,92.33,0,1,1
13-01-2021,store_1,item_50,18,92.33,0,2,1
14-01-2021,store_1,item_50,18,92.33,0,3,1
15-01-2021,store_1,item_50,13,92.33,0,4,1
16-01-2021,store_1,item_50,12,92.33,0,5,1
17-01-2021,store_1,item_50,15,73.86,1,6,1
18-01-2021,store_1,item_50,17,92.33,0,0,1
19-01-2021,store_1,item_50,18,92.33,0,1,1
20-01-2021,store_1,item_50,15,92.33,0,2,1
21-01-2021,store_1,item_50,17,92.33,0,3,1
22-01-2021,store_1,item_50,15,92.33,0,4,1
23-01-2021,store_1,item_50,12,92.33,0,5,1
24-01-2021,store_1,item_50,14,92.33,0,6,1
25-01-2021,store_1,item_50,12,92.33,0,0,1
26-01-2021,store_1,item_50,24,92.33,0,1,1
27-01-2021,store_1,item_50,18,92.33,0,2,1
28-01-2021,store_1,item_50,34,73.86,1,3,1
29-01-2021,store_1,item_50,21,73.86,1,4,1
30-01-2021,store_1,item_50,16,73.86,1,5,1
31-01-2021,store_1,item_50,14,92.33,0,6,1
01-01-2022,store_1,item_50,10,92.33,0,5,1
02-01-2022,store_1,item_50,16,92.33,0,6,1
03-01-2022,store_1,item_50,15,92.33,0,0,1
04-01-2022,store_1,item_50,16,92.33,0,1,1
05-01-2022,store_1,item_50,18,92.33,0,2,1
06-01-2022,store_1,item_50,17,92.33,0,3,1
07-01-2022,store_1,item_50,11,92.33,0,4,1
08-01-2022,store_1,item_50,9,92.33,0,5,1
09-01-2022,store_1,item_50,12,92.33,0,6,1
10-01-2022,store_1,item_50,8,92.33,0,0,1
11-01-2022,store_1,item_50,12,92.33,0,1,1
12-01-2022,store_1,item_50,18,92.33,0,2,1
13-01-2022,store_1,item_50,27,73.86,1,3,1
14-01-2022,store_1,item_50,17,92.33,0,4,1
15-01-2022,store_1,item_50,16,92.33,0,5,1
16-01-2022,store_1,item_50,11,92.33,0,6,1
17-01-2022,store_1,item_50,10,92.33,0,0,1
18-01-2022,store_1,item_50,15,92.33,0,1,1
19-01-2022,store_1,item_50,34,73.86,1,2,1
20-01-2022,store_1,item_50,21,92.33,0,3,1
21-01-2022,store_1,item_50,19,92.33,0,4,1
22-01-2022,store_1,item_50,14,92.33,0,5,1
23-01-2022,store_1,item_50,21,73.86,1,6,1
24-01-2022,store_1,item_50,27,73.86,1,0,1
25-01-2022,store_1,item_50,20,92.33,0,1,1
26-01-2022,store_1,item_50,18,92.33,0,2,1
27-01-2022,store_1,item_50,17,92.33,0,3,1
28-01-2022,store_1,item_50,10,92.33,0,4,1
29-01-2022,store_1,item_50,20,73.86,1,5,1
30-01-2022,store_1,item_50,14,92.33,0,6,1
31-01-2022,store_1,item_50,8,92.33,0,0,1
01-01-2023,store_1,item_50,18,92.33,0,6,1
02-01-2023,store_1,item_50,13,92.33,0,0,1
03-01-2023,store_1,item_50,19,92.33,0,1,1
04-01-2023,store_1,item_50,23,92.33,0,2,1
05-01-2023,store_1,item_50,17,92.33,0,3,1
06-01-2023,store_1,item_50,17,92.33,0,4,1
07-01-2023,store_1,item_50,15,92.33,0,5,1
08-01-2023,store_1,item_50,13,92.33,0,6,1
09-01-2023,store_1,item_50,18,92.33,0,0,1
10-01-2023,store_1,item_50,19,92.33,0,1,1
11-01-2023,store_1,item_50,19,92.33,0,2,1
12-01-2023,store_1,item_50,14,92.33,0,3,1
13-01-2023,store_1,item_50,14,92.33,0,4,1
14-01-2023,store_1,item_50,14,92.33,0,5,1
15-01-2023,store_1,item_50,13,92.33,0,6,1
16-01-2023,store_1,item_50,12,92.33,0,0,1
17-01-2023,store_1,item_50,16,92.33,0,1,1
18-01-2023,store_1,item_50,21,92.33,0,2,1
19-01-2023,store_1,item_50,18,92.33,0,3,1
20-01-2023,store_1,item_50,14,92.33,0,4,1
21-01-2023,store_1,item_50,12,92.33,0,5,1
22-01-2023,store_1,item_50,14,92.33,0,6,1
23-01-2023,store_1,item_50,22,92.33,0,0,1
24-01-2023,store_1,item_50,19,92.33,0,1,1
25-01-2023,store_1,item_50,23,92.33,0,2,1
26-01-2023,store_1,item_50,18,92.33,0,3,1
27-01-2023,store_1,item_50,17,92.33,0,4,1
28-01-2023,store_1,item_50,16,92.33,0,5,1
29-01-2023,store_1,item_50,22,73.86,1,6,1
30-01-2023,store_1,item_50,13,92.33,0,0,1
31-01-2023,store_1,item_50,24,92.33,0,1,1
01-01-2019,store_2,item_1,54,76.72,0,1,1
02-01-2019,store_2,item_1,87,61.38,1,2,1
03-01-2019,store_2,item_1,53,76.72,0,3,1
04-01-2019,store_2,item_1,44,76.72,0,4,1
05-01-2019,store_2,item_1,38,76.72,0,5,1
06-01-2019,store_2,item_1,43,76.72,0,6,1
07-01-2019,store_2,item_1,51,76.72,0,0,1
08-01-2019,store_2,item_1,54,76.72,0,1,1
09-01-2019,store_2,item_1,59,76.72,0,2,1
10-01-2019,store_2,item_1,50,76.72,0,3,1
11-01-2019,store_2,item_1,48,76.72,0,4,1
12-01-2019,store_2,item_1,41,76.72,0,5,1
13-01-2019,store_2,item_1,40,76.72,0,6,1
14-01-2019,store_2,item_1,50,76.72,0,0,1
15-01-2019,store_2,item_1,56,76.72,0,1,1
16-01-2019,store_2,item_1,84,61.38,1,2,1
17-01-2019,store_2,item_1,59,76.72,0,3,1
18-01-2019,store_2,item_1,42,76.72,0,4,1
19-01-2019,store_2,item_1,37,76.72,0,5,1
20-01-2019,store_2,item_1,44,76.72,0,6,1
21-01-2019,store_2,item_1,51,76.72,0,0,1
22-01-2019,store_2,item_1,59,76.72,0,1,1
23-01-2019,store_2,item_1,62,76.72,0,2,1
24-01-2019,store_2,item_1,56,76.72,0,3,1
25-01-2019,store_2,item_1,44,76.72,0,4,1
26-01-2019,store_2,item_1,44,76.72,0,5,1
27-01-2019,store_2,item_1,46,76.72,0,6,1
28-01-2019,store_2,item_1,53,76.72,0,0,1
29-01-2019,store_2,item_1,60,76.72,0,1,1
30-01-2019,store_2,item_1,65,76.72,0,2,1
31-01-2019,store_2,item_1,59,76.72,0,3,1
01-01-2020,store_2,item_1,88,61.38,1,2,1
02-01-2020,store_2,item_1,50,76.72,0,3,1
03-01-2020,store_2,item_1,46,76.72,0,4,1
04-01-2020,store_2,item_1,43,76.72,0,5,1
05-01-2020,store_2,item_1,45,76.72,0,6,1
06-01-2020,store_2,item_1,55,76.72,0,0,1
07-01-2020,store_2,item_1,56,76.72,0,1,1
08-01-2020,store_2,item_1,62,76.72,0,2,1
09-01-2020,store_2,item_1,50,76.72,0,3,1
10-01-2020,store_2,item_1,48,76.72,0,4,1
11-01-2020,store_2,item_1,43,76.72,0,5,1
12-01-2020,store_2,item_1,40,76.72,0,6,1
13-01-2020,store_2,item_1,47,76.72,0,0,1
14-01-2020,store_2,item_1,62,76.72,0,1,1
15-01-2020,store_2,item_1,61,76.72,0,2,1
16-01-2020,store_2,item_1,56,76.72,0,3,1
17-01-2020,store_2,item_1,48,76.72,0,4,1
18-01-2020,store_2,item_1,63,61.38,1,5,1
19-01-2020,store_2,item_1,46,76.72,0,6,1
20-01-2020,store_2,item_1,56,76.72,0,0,1
21-01-2020,store_2,item_1,90,61.38,1,1,1
22-01-2020,store_2,item_1,65,76.72,0,2,1
23-01-2020,store_2,item_1,68,76.72,0,3,1
24-01-2020,store_2,item_1,52,76.72,0,4,1
25-01-2020,store_2,item_1,47,76.72,0,5,1
26-01-2020,store_2,item_1,45,76.72,0,6,1
27-01-2020,store_2,item_1,57,76.72,0,0,1
28-01-2020,store_2,item_1,68,76.72,0,1,1
29-01-2020,store_2,item_1,103,61.38,1,2,1
30-01-2020,store_2,item_1,62,76.72,0,3,1
31-01-2020,store_2,item_1,51,76.72,0,4,1
01-01-2021,store_2,item_1,47,76.72,0,4,1
02-01-2021,store_2,item_1,40,76.72,0,5,1
03-01-2021,store_2,item_1,46,76.72,0,6,1
04-01-2021,store_2,item_1,58,76.72,0,0,1
05-01-2021,store_2,item_1,55,76.72,0,1,1
06-01-2021,store_2,item_1,93,61.38,1,2,1
07-01-2021,store_2,item_1,88,61.38,1,3,1
08-01-2021,store_2,item_1,50,76.72,0,4,1
09-01-2021,store_2,item_1,69,61.38,1,5,1
10-01-2021,store_2,item_1,47,76.72,0,6,1
11-01-2021,store_2,item_1,51,76.72,0,0,1
12-01-2021,store_2,item_1,60,76.72,0,1,1
13-01-2021,store_2,item_1,64,76.72,0,2,1
14-01-2021,store_2,item_1,93,61.38,1,3,1
15-01-2021,store_2,item_1,50,76.72,0,4,1
16-01-2021,store_2,item_1,45,76.72,0,5,1
17-01-2021,store_2,item_1,49,76.72,0,6,1
18-01-2021,store_2,item_1,62,76.72,0,0,1
19-01-2021,store_2,item_1,63,76.72,0,1,1
20-01-2021,store_2,item_1,65,76.72,0,2,1
21-01-2021,store_2,item_1,62,76.72,0,3,1
22-01-2021,store_2,item_1,50,76.72,0,4,1
23-01-2021,store_2,item_1,44,76.72,0,5,1
24-01-2021,store_2,item_1,48,76.72,0,6,1
25-01-2021,store_2,item_1,61,76.72,0,0,1
26-01-2021,store_2,item_1,67,76.72,0,1,1
27-01-2021,store_2,item_1,72,76.72,0,2,1
28-01-2021,store_2,item_1,93,61.38,1,3,1
29-01-2021,store_2,item_1,60,76.72,0,4,1
30-01-2021,store_2,item_1,49,76.72,0,5,1
31-01-2021,store_2,item_1,50,76.72,0,6,1
01-01-2022,store_2,item_1,47,76.72,0,5,1
02-01-2022,store_2,item_1,46,76.72,0,6,1
03-01-2022,store_2,item_1,84,61.38,1,0,1
04-01-2022,store_2,item_1,65,76.72,0,1,1
05-01-2022,store_2,item_1,60,76.72,0,2,1
06-01-2022,store_2,item_1,61,76.72,0,3,1
07-01-2022,store_2,item_1,48,76.72,0,4,1
08-01-2022,store_2,item_1,48,76.72,0,5,1
09-01-2022,store_2,item_1,54,76.72,0,6,1
10-01-2022,store_2,item_1,60,76.72,0,0,1
11-01-2022,store_2,item_1,107,61.38,1,1,1
12-01-2022,store_2,item_1,68,76.72,0,2,1
13-01-2022,store_2,item_1,62,76.72,0,3,1
14-01-2022,store_2,item_1,55,76.72,0,4,1
15-01-2022,store_2,item_1,51,76.72,0,5,1
16-01-2022,store_2,item_1,55,76.72,0,6,1
17-01-2022,store_2,item_1,64,76.72,0,0,1
18-01-2022,store_2,item_1,71,76.72,0,1,1
19-01-2022,store_2,item_1,76,76.72,0,2,1
20-01-2022,store_2,item_1,66,76.72,0,3,1
21-01-2022,store_2,item_1,61,76.72,0,4,1
22-01-2022,store_2,item_1,44,76.72,0,5,1
23-01-2022,store_2,item_1,55,76.72,0,6,1
24-01-2022,store_2,item_1,63,76.72,0,0,1
25-01-2022,store_2,item_1,68,76.72,0,1,1
26-01-2022,store_2,item_1,73,76.72,0,2,1
27-01-2022,store_2,item_1,69,76.72,0,3,1
28-01-2022,store_2,item_1,50,76.72,0,4,1
29-01-2022,store_2,item_1,45,76.72,0,5,1
30-01-2022,store_2,item_1,75,61.38,1,6,1
31-01-2022,store_2,item_1,91,61.38,1,0,1
01-01-2023,store_2,item_1,52,76.72,0,6,1
02-01-2023,store_2,item_1,56,76.72,0,0,1
03-01-2023,store_2,item_1,66,76.72,0,1,1
04-01-2023,store_2,item_1,71,76.72,0,2,1
05-01-2023,store_2,item_1,64,76.72,0,3,1
06-01-2023,store_2,item_1,59,76.72,0,4,1
07-01-2023,store_2,item_1,73,61.38,1,5,1
08-01-2023,store_2,item_1,49,76.72,0,6,1
09-01-2023,store_2,item_1,59,76.72,0,0,1
10-01-2023,store_2,item_1,106,61.38,1,1,1
11-01-2023,store_2,item_1,107,61.38,1,2,1
12-01-2023,store_2,item_1,66,76.72,0,3,1
13-01-2023,store_2,item_1,60,76.72,0,4,1
14-01-2023,store_2,item_1,48,76.72,0,5,1
15-01-2023,store_2,item_1,47,76.72,0,6,1
16-01-2023,store_2,item_1,62,76.72,0,0,1
17-01-2023,store_2,item_1,72,76.72,0,1,1
18-01-2023,store_2,item_1,71,76.72,0,2,1
19-01-2023,store_2,item_1,68,76.72,0,3,1
20-01-2023,store_2,item_1,64,76.72,0,4,1
21-01-2023,store_2,item_1,46,76.72,0,5,1
22-01-2023,store_2,item_1,56,76.72,0,6,1
23-01-2023,store_2,item_1,64,76.72,0,0,1
24-01-2023,store_2,item_1,74,76.72,0,1,1
25-01-2023,store_2,item_1,78,76.72,0,2,1
26-01-2023,store_2,item_1,73,76.72,0,3,1
27-01-2023,store_2,item_1,58,76.72,0,4,1
28-01-2023,store_2,item_1,45,76.72,0,5,1
29-01-2023,store_2,item_1,57,76.72,0,6,1
30-01-2023,store_2,item_1,64,76.72,0,0,1
31-01-2023,store_2,item_1,77,76.72,0,1,1
