backend/uploads/2019-01_actual.csv
Date,Store,Product,Demand,price,promo,weekday,month
01-01-2019,store_2,item_2,43,37.22,0,1,1
02-01-2019,store_2,item_2,49,37.22,0,2,1
03-01-2019,store_2,item_2,39,37.22,0,3,1
04-01-2019,store_2,item_2,58,29.78,1,4,1
05-01-2019,store_2,item_2,32,37.22,0,5,1
06-01-2019,store_2,item_2,30,37.22,0,6,1
07-01-2019,store_2,item_2,40,37.22,0,0,1
08-01-2019,store_2,item_2,51,37.22,0,1,1
09-01-2019,store_2,item_2,47,37.22,0,2,1
10-01-2019,store_2,item_2,65,29.78,1,3,1
11-01-2019,store_2,item_2,41,37.22,0,4,1
12-01-2019,store_2,item_2,51,29.78,1,5,1
13-01-2019,store_2,item_2,34,37.22,0,6,1
14-01-2019,store_2,item_2,40,37.22,0,0,1
15-01-2019,store_2,item_2,52,37.22,0,1,1
16-01-2019,store_2,item_2,48,37.22,0,2,1
17-01-2019,store_2,item_2,69,29.78,1,3,1
18-01-2019,store_2,item_2,41,37.22,0,4,1
19-01-2019,store_2,item_2,36,37.22,0,5,1
20-01-2019,store_2,item_2,34,37.22,0,6,1
21-01-2019,store_2,item_2,58,29.78,1,0,1
22-01-2019,store_2,item_2,79,29.78,1,1,1
23-01-2019,store_2,item_2,51,37.22,0,2,1
24-01-2019,store_2,item_2,73,29.78,1,3,1
25-01-2019,store_2,item_2,37,37.22,0,4,1
26-01-2019,store_2,item_2,32,37.22,0,5,1
27-01-2019,store_2,item_2,40,37.22,0,6,1
28-01-2019,store_2,item_2,44,37.22,0,0,1
29-01-2019,store_2,item_2,53,37.22,0,1,1
30-01-2019,store_2,item_2,58,37.22,0,2,1
31-01-2019,store_2,item_2,47,37.22,0,3,1
01-01-2020,store_2,item_2,49,37.22,0,2,1
02-01-2020,store_2,item_2,43,37.22,0,3,1
03-01-2020,store_2,item_2,38,37.22,0,4,1
04-01-2020,store_2,item_2,35,37.22,0,5,1
05-01-2020,store_2,item_2,33,37.22,0,6,1
06-01-2020,store_2,item_2,41,37.22,0,0,1
07-01-2020,store_2,item_2,49,37.22,0,1,1
08-01-2020,store_2,item_2,54,37.22,0,2,1
09-01-2020,store_2,item_2,44,37.22,0,3,1
10-01-2020,store_2,item_2,32,37.22,0,4,1
11-01-2020,store_2,item_2,51,29.78,1,5,1
12-01-2020,store_2,item_2,36,37.22,0,6,1
13-01-2020,store_2,item_2,53,37.22,0,0,1
14-01-2020,store_2,item_2,54,37.22,0,1,1
15-01-2020,store_2,item_2,53,37.22,0,2,1
16-01-2020,store_2,item_2,52,37.22,0,3,1
17-01-2020,store_2,item_2,38,37.22,0,4,1
18-01-2020,store_2,item_2,37,37.22,0,5,1
19-01-2020,store_2,item_2,40,37.22,0,6,1
20-01-2020,store_2,item_2,47,37.22,0,0,1
21-01-2020,store_2,item_2,77,29.78,1,1,1
22-01-2020,store_2,item_2,52,37.22,0,2,1
23-01-2020,store_2,item_2,51,37.22,0,3,1
24-01-2020,store_2,item_2,43,37.22,0,4,1
25-01-2020,store_2,item_2,34,37.22,0,5,1
26-01-2020,store_2,item_2,35,37.22,0,6,1
27-01-2020,store_2,item_2,40,37.22,0,0,1
28-01-2020,store_2,item_2,53,37.22,0,1,1
29-01-2020,store_2,item_2,61,37.22,0,2,1
30-01-2020,store_2,item_2,77,29.78,1,3,1
31-01-2020,store_2,item_2,64,29.78,1,4,1
01-01-2021,store_2,item_2,40,37.22,0,4,1
02-01-2021,store_2,item_2,32,37.22,0,5,1
03-01-2021,store_2,item_2,39,37.22,0,6,1
04-01-2021,store_2,item_2,47,37.22,0,0,1
05-01-2021,store_2,item_2,54,37.22,0,1,1
06-01-2021,store_2,item_2,54,37.22,0,2,1
07-01-2021,store_2,item_2,51,37.22,0,3,1
08-01-2021,store_2,item_2,45,37.22,0,4,1
09-01-2021,store_2,item_2,57,29.78,1,5,1
10-01-2021,store_2,item_2,63,29.78,1,6,1
11-01-2021,store_2,item_2,73,29.78,1,0,1
12-01-2021,store_2,item_2,59,37.22,0,1,1
13-01-2021,store_2,item_2,55,37.22,0,2,1
14-01-2021,store_2,item_2,51,37.22,0,3,1
15-01-2021,store_2,item_2,45,37.22,0,4,1
16-01-2021,store_2,item_2,36,37.22,0,5,1
17-01-2021,store_2,item_2,65,29.78,1,6,1
18-01-2021,store_2,item_2,44,37.22,0,0,1
19-01-2021,store_2,item_2,83,29.78,1,1,1
20-01-2021,store_2,item_2,62,37.22,0,2,1
21-01-2021,store_2,item_2,57,37.22,0,3,1
22-01-2021,store_2,item_2,45,37.22,0,4,1
23-01-2021,store_2,item_2,43,37.22,0,5,1
24-01-2021,store_2,item_2,40,37.22,0,6,1
25-01-2021,store_2,item_2,43,37.22,0,0,1
26-01-2021,store_2,item_2,59,37.22,0,1,1
27-01-2021,store_2,item_2,57,37.22,0,2,1
28-01-2021,store_2,item_2,54,37.22,0,3,1
29-01-2021,store_2,item_2,46,37.22,0,4,1
30-01-2021,store_2,item_2,46,37.22,0,5,1
31-01-2021,store_2,item_2,47,37.22,0,6,1
01-01-2022,store_2,item_2,40,37.22,0,5,1
02-01-2022,store_2,item_2,42,37.22,0,6,1
03-01-2022,store_2,item_2,45,37.22,0,0,1
04-01-2022,store_2,item_2,58,37.22,0,1,1
05-01-2022,store_2,item_2,56,37.22,0,2,1
06-01-2022,store_2,item_2,52,37.22,0,3,1
07-01-2022,store_2,item_2,47,37.22,0,4,1
08-01-2022,store_2,item_2,34,37.22,0,5,1
09-01-2022,store_2,item_2,61,29.78,1,6,1
10-01-2022,store_2,item_2,73,29.78,1,0,1
11-01-2022,store_2,item_2,59,37.22,0,1,1
12-01-2022,store_2,item_2,54,37.22,0,2,1
13-01-2022,store_2,item_2,53,37.22,0,3,1
14-01-2022,store_2,item_2,43,37.22,0,4,1
15-01-2022,store_2,item_2,36,37.22,0,5,1
16-01-2022,store_2,item_2,44,37.22,0,6,1
17-01-2022,store_2,item_2,51,37.22,0,0,1
18-01-2022,store_2,item_2,54,37.22,0,1,1
19-01-2022,store_2,item_2,60,37.22,0,2,1
20-01-2022,store_2,item_2,84,29.78,1,3,1
21-01-2022,store_2,item_2,46,37.22,0,4,1
22-01-2022,store_2,item_2,42,37.22,0,5,1
23-01-2022,store_2,item_2,64,29.78,1,6,1
24-01-2022,store_2,item_2,56,37.22,0,0,1
25-01-2022,store_2,item_2,54,37.22,0,1,1
26-01-2022,store_2,item_2,66,37.22,0,2,1
27-01-2022,store_2,item_2,60,37.22,0,3,1
28-01-2022,store_2,item_2,47,37.22,0,4,1
29-01-2022,store_2,item_2,39,37.22,0,5,1
30-01-2022,store_2,item_2,70,29.78,1,6,1
31-01-2022,store_2,item_2,51,37.22,0,0,1
01-01-2023,store_2,item_2,41,37.22,0,6,1
02-01-2023,store_2,item_2,74,29.78,1,0,1
03-01-2023,store_2,item_2,54,37.22,0,1,1
04-01-2023,store_2,item_2,56,37.22,0,2,1
05-01-2023,store_2,item_2,58,37.22,0,3,1
06-01-2023,store_2,item_2,46,37.22,0,4,1
07-01-2023,store_2,item_2,40,37.22,0,5,1
08-01-2023,store_2,item_2,40,37.22,0,6,1
09-01-2023,store_2,item_2,48,37.22,0,0,1
10-01-2023,store_2,item_2,61,37.22,0,1,1
11-01-2023,store_2,item_2,62,37.22,0,2,1
12-01-2023,store_2,item_2,55,37.22,0,3,1
13-01-2023,store_2,item_2,50,37.22,0,4,1
14-01-2023,store_2,item_2,41,37.22,0,5,1
15-01-2023,store_2,item_2,47,37.22,0,6,1
16-01-2023,store_2,item_2,58,37.22,0,0,1
17-01-2023,store_2,item_2,61,37.22,0,1,1
18-01-2023,store_2,item_2,58,37.22,0,2,1
19-01-2023,store_2,item_2,58,37.22,0,3,1
20-01-2023,store_2,item_2,53,37.22,0,4,1
21-01-2023,store_2,item_2,44,37.22,0,5,1
22-01-2023,store_2,item_2,51,37.22,0,6,1
23-01-2023,store_2,item_2,56,37.22,0,0,1
24-01-2023,store_2,item_2,61,37.22,0,1,1
25-01-2023,store_2,item_2,68,37.22,0,2,1
26-01-2023,store_2,item_2,63,37.22,0,3,1
27-01-2023,store_2,item_2,54,37.22,0,4,1
28-01-2023,store_2,item_2,49,37.22,0,5,1
29-01-2023,store_2,item_2,47,37.22,0,6,1
30-01-2023,store_2,item_2,53,37.22,0,0,1
31-01-2023,store_2,item_2,69,37.22,0,1,1
01-01-2019,store_2,item_3,49,24.99,0,1,1
02-01-2019,store_2,item_3,46,24.99,0,2,1
03-01-2019,store_2,item_3,50,24.99,0,3,1
04-01-2019,store_2,item_3,40,24.99,0,4,1
05-01-2019,store_2,item_3,53,19.99,1,5,1
06-01-2019,store_2,item_3,36,24.99,0,6,1
07-01-2019,store_2,item_3,48,24.99,0,0,1
08-01-2019,store_2,item_3,53,24.99,0,1,1
09-01-2019,store_2,item_3,85,19.99,1,2,1
10-01-2019,store_2,item_3,50,24.99,0,3,1
11-01-2019,store_2,item_3,41,24.99,0,4,1
12-01-2019,store_2,item_3,58,19.99,1,5,1
13-01-2019,store_2,item_3,35,24.99,0,6,1
14-01-2019,store_2,item_3,72,19.99,1,0,1
15-01-2019,store_2,item_3,59,24.99,0,1,1
16-01-2019,store_2,item_3,58,24.99,0,2,1
17-01-2019,store_2,item_3,75,19.99,1,3,1
18-01-2019,store_2,item_3,44,24.99,0,4,1
19-01-2019,store_2,item_3,35,24.99,0,5,1
20-01-2019,store_2,item_3,39,24.99,0,6,1
21-01-2019,store_2,item_3,50,24.99,0,0,1
22-01-2019,store_2,item_3,53,24.99,0,1,1
23-01-2019,store_2,item_3,60,24.99,0,2,1
24-01-2019,store_2,item_3,52,24.99,0,3,1
25-01-2019,store_2,item_3,46,24.99,0,4,1
26-01-2019,store_2,item_3,44,24.99,0,5,1
27-01-2019,store_2,item_3,45,24.99,0,6,1
28-01-2019,store_2,item_3,51,24.99,0,0,1
29-01-2019,store_2,item_3,61,24.99,0,1,1
30-01-2019,store_2,item_3,61,24.99,0,2,1
31-01-2019,store_2,item_3,56,24.99,0,3,1
01-01-2020,store_2,item_3,84,19.99,1,2,1
02-01-2020,store_2,item_3,52,24.99,0,3,1
03-01-2020,store_2,item_3,44,24.99,0,4,1
04-01-2020,store_2,item_3,43,24.99,0,5,1
05-01-2020,store_2,item_3,38,24.99,0,6,1
06-01-2020,store_2,item_3,48,24.99,0,0,1
07-01-2020,store_2,item_3,88,19.99,1,1,1
08-01-2020,store_2,item_3,62,24.99,0,2,1
09-01-2020,store_2,item_3,57,24.99,0,3,1
10-01-2020,store_2,item_3,42,24.99,0,4,1
11-01-2020,store_2,item_3,42,24.99,0,5,1
12-01-2020,store_2,item_3,43,24.99,0,6,1
13-01-2020,store_2,item_3,52,24.99,0,0,1
14-01-2020,store_2,item_3,90,19.99,1,1,1
15-01-2020,store_2,item_3,57,24.99,0,2,1
16-01-2020,store_2,item_3,56,24.99,0,3,1
17-01-2020,store_2,item_3,45,24.99,0,4,1
18-01-2020,store_2,item_3,44,24.99,0,5,1
19-01-2020,store_2,item_3,42,24.99,0,6,1
20-01-2020,store_2,item_3,57,24.99,0,0,1
21-01-2020,store_2,item_3,57,24.99,0,1,1
22-01-2020,store_2,item_3,63,24.99,0,2,1
23-01-2020,store_2,item_3,58,24.99,0,3,1
24-01-2020,store_2,item_3,50,24.99,0,4,1
25-01-2020,store_2,item_3,38,24.99,0,5,1
26-01-2020,store_2,item_3,49,24.99,0,6,1
27-01-2020,store_2,item_3,55,24.99,0,0,1
28-01-2020,store_2,item_3,87,19.99,1,1,1
29-01-2020,store_2,item_3,67,24.99,0,2,1
30-01-2020,store_2,item_3,62,24.99,0,3,1
31-01-2020,store_2,item_3,49,24.99,0,4,1
01-01-2021,store_2,item_3,44,24.99,0,4,1
02-01-2021,store_2,item_3,45,24.99,0,5,1
03-01-2021,store_2,item_3,50,24.99,0,6,1
04-01-2021,store_2,item_3,50,24.99,0,0,1
05-01-2021,store_2,item_3,59,24.99,0,1,1
06-01-2021,store_2,item_3,63,24.99,0,2,1
07-01-2021,store_2,item_3,56,24.99,0,3,1
08-01-2021,store_2,item_3,48,24.99,0,4,1
09-01-2021,store_2,item_3,35,24.99,0,5,1
10-01-2021,store_2,item_3,41,24.99,0,6,1
11-01-2021,store_2,item_3,56,24.99,0,0,1
12-01-2021,store_2,item_3,64,24.99,0,1,1
13-01-2021,store_2,item_3,64,24.99,0,2,1
14-01-2021,store_2,item_3,55,24.99,0,3,1
15-01-2021,store_2,item_3,76,19.99,1,4,1
16-01-2021,store_2,item_3,38,24.99,0,5,1
17-01-2021,store_2,item_3,71,19.99,1,6,1
18-01-2021,store_2,item_3,52,24.99,0,0,1
19-01-2021,store_2,item_3,62,24.99,0,1,1
20-01-2021,store_2,item_3,98,19.99,1,2,1
21-01-2021,store_2,item_3,66,24.99,0,3,1
22-01-2021,store_2,item_3,44,24.99,0,4,1
23-01-2021,store_2,item_3,51,24.99,0,5,1
24-01-2021,store_2,item_3,53,24.99,0,6,1
25-01-2021,store_2,item_3,60,24.99,0,0,1
26-01-2021,store_2,item_3,71,24.99,0,1,1
27-01-2021,store_2,item_3,67,24.99,0,2,1
28-01-2021,store_2,item_3,65,24.99,0,3,1
29-01-2021,store_2,item_3,54,24.99,0,4,1
30-01-2021,store_2,item_3,45,24.99,0,5,1
31-01-2021,store_2,item_3,50,24.99,0,6,1
01-01-2022,store_2,item_3,46,24.99,0,5,1
02-01-2022,store_2,item_3,45,24.99,0,6,1
03-01-2022,store_2,item_3,52,24.99,0,0,1
04-01-2022,store_2,item_3,64,24.99,0,1,1
05-01-2022,store_2,item_3,63,24.99,0,2,1
06-01-2022,store_2,item_3,62,24.99,0,3,1
07-01-2022,store_2,item_3,47,24.99,0,4,1
08-01-2022,store_2,item_3,44,24.99,0,5,1
09-01-2022,store_2,item_3,71,19.99,1,6,1
10-01-2022,store_2,item_3,57,24.99,0,0,1
11-01-2022,store_2,item_3,64,24.99,0,1,1
12-01-2022,store_2,item_3,69,24.99,0,2,1
13-01-2022,store_2,item_3,69,24.99,0,3,1
14-01-2022,store_2,item_3,52,24.99,0,4,1
15-01-2022,store_2,item_3,44,24.99,0,5,1
16-01-2022,store_2,item_3,46,24.99,0,6,1
17-01-2022,store_2,item_3,58,24.99,0,0,1
18-01-2022,store_2,item_3,67,24.99,0,1,1
19-01-2022,store_2,item_3,73,24.99,0,2,1
20-01-2022,store_2,item_3,57,24.99,0,3,1
21-01-2022,store_2,item_3,57,24.99,0,4,1
22-01-2022,store_2,item_3,50,24.99,0,5,1
23-01-2022,store_2,item_3,46,24.99,0,6,1
24-01-2022,store_2,item_3,63,24.99,0,0,1
25-01-2022,store_2,item_3,63,24.99,0,1,1
26-01-2022,store_2,item_3,66,24.99,0,2,1
27-01-2022,store_2,item_3,64,24.99,0,3,1
28-01-2022,store_2,item_3,52,24.99,0,4,1
29-01-2022,store_2,item_3,47,24.99,0,5,1
30-01-2022,store_2,item_3,53,24.99,0,6,1
31-01-2022,store_2,item_3,64,24.99,0,0,1
01-01-2023,store_2,item_3,51,24.99,0,6,1
02-01-2023,store_2,item_3,82,19.99,1,0,1
03-01-2023,store_2,item_3,66,24.99,0,1,1
04-01-2023,store_2,item_3,75,24.99,0,2,1
05-01-2023,store_2,item_3,60,24.99,0,3,1
06-01-2023,store_2,item_3,52,24.99,0,4,1
07-01-2023,store_2,item_3,46,24.99,0,5,1
08-01-2023,store_2,item_3,48,24.99,0,6,1
09-01-2023,store_2,item_3,57,24.99,0,0,1
10-01-2023,store_2,item_3,70,24.99,0,1,1
11-01-2023,store_2,item_3,69,24.99,0,2,1
12-01-2023,store_2,item_3,58,24.99,0,3,1
13-01-2023,store_2,item_3,54,24.99,0,4,1
14-01-2023,store_2,item_3,49,24.99,0,5,1
15-01-2023,store_2,item_3,73,19.99,1,6,1
16-01-2023,store_2,item_3,53,24.99,0,0,1
17-01-2023,store_2,item_3,67,24.99,0,1,1
18-01-2023,store_2,item_3,76,24.99,0,2,1
19-01-2023,store_2,item_3,65,24.99,0,3,1
20-01-2023,store_2,item_3,59,24.99,0,4,1
21-01-2023,store_2,item_3,51,24.99,0,5,1
22-01-2023,store_2,item_3,80,19.99,1,6,1
23-01-2023,store_2,item_3,57,24.99,0,0,1
24-01-2023,store_2,item_3,73,24.99,0,1,1
25-01-2023,store_2,item_3,75,24.99,0,2,1
26-01-2023,store_2,item_3,72,24.99,0,3,1
27-01-2023,store_2,item_3,58,24.99,0,4,1
28-01-2023,store_2,item_3,56,24.99,0,5,1
29-01-2023,store_2,item_3,58,24.99,0,6,1
30-01-2023,store_2,item_3,96,19.99,1,0,1
31-01-2023,store_2,item_3,77,24.99,0,1,1
