backend/uploads/2019-01_actual.csv
Date,Store,Product,Demand,price,promo,weekday,month
01-01-2019,store_2,item_4,53,85.11,0,1,1
02-01-2019,store_2,item_4,49,85.11,0,2,1
03-01-2019,store_2,item_4,56,85.11,0,3,1
04-01-2019,store_2,item_4,36,85.11,0,4,1
05-01-2019,store_2,item_4,32,85.11,0,5,1
06-01-2019,store_2,item_4,36,85.11,0,6,1
07-01-2019,store_2,item_4,45,85.11,0,0,1
08-01-2019,store_2,item_4,51,85.11,0,1,1
09-01-2019,store_2,item_4,57,85.11,0,2,1
10-01-2019,store_2,item_4,51,85.11,0,3,1
11-01-2019,store_2,item_4,41,85.11,0,4,1
12-01-2019,store_2,item_4,54,68.09,1,5,1
13-01-2019,store_2,item_4,36,85.11,0,6,1
14-01-2019,store_2,item_4,42,85.11,0,0,1
15-01-2019,store_2,item_4,51,85.11,0,1,1
16-01-2019,store_2,item_4,59,85.11,0,2,1
17-01-2019,store_2,item_4,49,85.11,0,3,1
18-01-2019,store_2,item_4,45,85.11,0,4,1
19-01-2019,store_2,item_4,45,85.11,0,5,1
20-01-2019,store_2,item_4,43,85.11,0,6,1
21-01-2019,store_2,item_4,44,85.11,0,0,1
22-01-2019,store_2,item_4,55,85.11,0,1,1
23-01-2019,store_2,item_4,58,85.11,0,2,1
24-01-2019,store_2,item_4,54,85.11,0,3,1
25-01-2019,store_2,item_4,46,85.11,0,4,1
26-01-2019,store_2,item_4,42,85.11,0,5,1
27-01-2019,store_2,item_4,43,85.11,0,6,1
28-01-2019,store_2,item_4,50,85.11,0,0,1
29-01-2019,store_2,item_4,57,85.11,0,1,1
30-01-2019,store_2,item_4,56,85.11,0,2,1
31-01-2019,store_2,item_4,56,85.11,0,3,1
01-01-2020,store_2,item_4,58,85.11,0,2,1
02-01-2020,store_2,item_4,49,85.11,0,3,1
03-01-2020,store_2,item_4,47,85.11,0,4,1
04-01-2020,store_2,item_4,37,85.11,0,5,1
05-01-2020,store_2,item_4,43,85.11,0,6,1
06-01-2020,store_2,item_4,48,85.11,0,0,1
07-01-2020,store_2,item_4,50,85.11,0,1,1
08-01-2020,store_2,item_4,55,85.11,0,2,1
09-01-2020,store_2,item_4,85,68.09,1,3,1
10-01-2020,store_2,item_4,46,85.11,0,4,1
11-01-2020,store_2,item_4,37,85.11,0,5,1
12-01-2020,store_2,item_4,41,85.11,0,6,1
13-01-2020,store_2,item_4,49,85.11,0,0,1
14-01-2020,store_2,item_4,55,85.11,0,1,1
15-01-2020,store_2,item_4,59,85.11,0,2,1
16-01-2020,store_2,item_4,58,85.11,0,3,1
17-01-2020,store_2,item_4,44,85.11,0,4,1
18-01-2020,store_2,item_4,41,85.11,0,5,1
19-01-2020,store_2,item_4,42,85.11,0,6,1
20-01-2020,store_2,item_4,80,68.09,1,0,1
21-01-2020,store_2,item_4,85,68.09,1,1,1
22-01-2020,store_2,item_4,63,85.11,0,2,1
23-01-2020,store_2,item_4,56,85.11,0,3,1
24-01-2020,store_2,item_4,43,85.11,0,4,1
25-01-2020,store_2,item_4,41,85.11,0,5,1
26-01-2020,store_2,item_4,47,85.11,0,6,1
27-01-2020,store_2,item_4,77,68.09,1,0,1
28-01-2020,store_2,item_4,64,85.11,0,1,1
29-01-2020,store_2,item_4,68,85.11,0,2,1
30-01-2020,store_2,item_4,59,85.11,0,3,1
31-01-2020,store_2,item_4,51,85.11,0,4,1
01-01-2021,store_2,item_4,49,85.11,0,4,1
02-01-2021,store_2,item_4,44,85.11,0,5,1
03-01-2021,store_2,item_4,44,85.11,0,6,1
04-01-2021,store_2,item_4,45,85.11,0,0,1
05-01-2021,store_2,item_4,61,85.11,0,1,1
06-01-2021,store_2,item_4,86,68.09,1,2,1
07-01-2021,store_2,item_4,56,85.11,0,3,1
08-01-2021,store_2,item_4,47,85.11,0,4,1
09-01-2021,store_2,item_4,41,85.11,0,5,1
10-01-2021,store_2,item_4,42,85.11,0,6,1
11-01-2021,store_2,item_4,53,85.11,0,0,1
12-01-2021,store_2,item_4,55,85.11,0,1,1
13-01-2021,store_2,item_4,63,85.11,0,2,1
14-01-2021,store_2,item_4,81,68.09,1,3,1
15-01-2021,store_2,item_4,53,85.11,0,4,1
16-01-2021,store_2,item_4,39,85.11,0,5,1
17-01-2021,store_2,item_4,42,85.11,0,6,1
18-01-2021,store_2,item_4,56,85.11,0,0,1
19-01-2021,store_2,item_4,60,85.11,0,1,1
20-01-2021,store_2,item_4,64,85.11,0,2,1
21-01-2021,store_2,item_4,55,85.11,0,3,1
22-01-2021,store_2,item_4,52,85.11,0,4,1
23-01-2021,store_2,item_4,42,85.11,0,5,1
24-01-2021,store_2,item_4,43,85.11,0,6,1
25-01-2021,store_2,item_4,48,85.11,0,0,1
26-01-2021,store_2,item_4,61,85.11,0,1,1
27-01-2021,store_2,item_4,67,85.11,0,2,1
28-01-2021,store_2,item_4,57,85.11,0,3,1
29-01-2021,store_2,item_4,79,68.09,1,4,1
30-01-2021,store_2,item_4,45,85.11,0,5,1
31-01-2021,store_2,item_4,50,85.11,0,6,1
01-01-2022,store_2,item_4,35,85.11,0,5,1
02-01-2022,store_2,item_4,37,85.11,0,6,1
03-01-2022,store_2,item_4,48,85.11,0,0,1
04-01-2022,store_2,item_4,63,85.11,0,1,1
05-01-2022,store_2,item_4,66,85.11,0,2,1
06-01-2022,store_2,item_4,58,85.11,0,3,1
07-01-2022,store_2,item_4,51,85.11,0,4,1
08-01-2022,store_2,item_4,46,85.11,0,5,1
09-01-2022,store_2,item_4,47,85.11,0,6,1
10-01-2022,store_2,item_4,80,68.09,1,0,1
11-01-2022,store_2,item_4,94,68.09,1,1,1
12-01-2022,store_2,item_4,66,85.11,0,2,1
13-01-2022,store_2,item_4,61,85.11,0,3,1
14-01-2022,store_2,item_4,47,85.11,0,4,1
15-01-2022,store_2,item_4,42,85.11,0,5,1
16-01-2022,store_2,item_4,48,85.11,0,6,1
17-01-2022,store_2,item_4,55,85.11,0,0,1
18-01-2022,store_2,item_4,60,85.11,0,1,1
19-01-2022,store_2,item_4,69,85.11,0,2,1
20-01-2022,store_2,item_4,63,85.11,0,3,1
21-01-2022,store_2,item_4,73,68.09,1,4,1
22-01-2022,store_2,item_4,47,85.11,0,5,1
23-01-2022,store_2,item_4,50,85.11,0,6,1
24-01-2022,store_2,item_4,60,85.11,0,0,1
25-01-2022,store_2,item_4,74,85.11,0,1,1
26-01-2022,store_2,item_4,72,85.11,0,2,1
27-01-2022,store_2,item_4,64,85.11,0,3,1
28-01-2022,store_2,item_4,52,85.11,0,4,1
29-01-2022,store_2,item_4,47,85.11,0,5,1
30-01-2022,store_2,item_4,48,85.11,0,6,1
31-01-2022,store_2,item_4,58,85.11,0,0,1
01-01-2023,store_2,item_4,46,85.11,0,6,1
02-01-2023,store_2,item_4,58,85.11,0,0,1
03-01-2023,store_2,item_4,62,85.11,0,1,1
04-01-2023,store_2,item_4,95,68.09,1,2,1
05-01-2023,store_2,item_4,64,85.11,0,3,1
06-01-2023,store_2,item_4,45,85.11,0,4,1
07-01-2023,store_2,item_4,45,85.11,0,5,1
08-01-2023,store_2,item_4,42,85.11,0,6,1
09-01-2023,store_2,item_4,57,85.11,0,0,1
10-01-2023,store_2,item_4,63,85.11,0,1,1
11-01-2023,store_2,item_4,108,68.09,1,2,1
12-01-2023,store_2,item_4,65,85.11,0,3,1
13-01-2023,store_2,item_4,52,85.11,0,4,1
14-01-2023,store_2,item_4,46,85.11,0,5,1
15-01-2023,store_2,item_4,49,85.11,0,6,1
16-01-2023,store_2,item_4,63,85.11,0,0,1
17-01-2023,store_2,item_4,70,85.11,0,1,1
18-01-2023,store_2,item_4,68,85.11,0,2,1
19-01-2023,store_2,item_4,65,85.11,0,3,1
20-01-2023,store_2,item_4,48,85.11,0,4,1
21-01-2023,store_2,item_4,51,85.11,0,5,1
22-01-2023,store_2,item_4,56,85.11,0,6,1
23-01-2023,store_2,item_4,58,85.11,0,0,1
24-01-2023,store_2,item_4,72,85.11,0,1,1
25-01-2023,store_2,item_4,69,85.11,0,2,1
26-01-2023,store_2,item_4,62,85.11,0,3,1
27-01-2023,store_2,item_4,50,85.11,0,4,1
28-01-2023,store_2,item_4,51,85.11,0,5,1
29-01-2023,store_2,item_4,54,85.11,0,6,1
30-01-2023,store_2,item_4,62,85.11,0,0,1
31-01-2023,store_2,item_4,73,85.11,0,1,1
01-01-2019,store_2,item_5,37,38.18,0,1,1
02-01-2019,store_2,item_5,40,38.18,0,2,1
03-01-2019,store_2,item_5,39,38.18,0,3,1
04-01-2019,store_2,item_5,26,38.18,0,4,1
05-01-2019,store_2,item_5,27,38.18,0,5,1
06-01-2019,store_2,item_5,32,38.18,0,6,1
07-01-2019,store_2,item_5,37,38.18,0,0,1
08-01-2019,store_2,item_5,44,38.18,0,1,1
09-01-2019,store_2,item_5,38,38.18,0,2,1
10-01-2019,store_2,item_5,37,38.18,0,3,1
11-01-2019,store_2,item_5,32,38.18,0,4,1
12-01-2019,store_2,item_5,32,38.18,0,5,1
13-01-2019,store_2,item_5,30,38.18,0,6,1
14-01-2019,store_2,item_5,37,38.18,0,0,1
15-01-2019,store_2,item_5,42,38.18,0,1,1
16-01-2019,store_2,item_5,47,38.18,0,2,1
17-01-2019,store_2,item_5,40,38.18,0,3,1
18-01-2019,store_2,item_5,34,38.18,0,4,1
19-01-2019,store_2,item_5,29,38.18,0,5,1
20-01-2019,store_2,item_5,29,38.18,0,6,1
21-01-2019,store_2,item_5,42,38.18,0,0,1
22-01-2019,store_2,item_5,42,38.18,0,1,1
23-01-2019,store_2,item_5,42,38.18,0,2,1
24-01-2019,store_2,item_5,45,38.18,0,3,1
25-01-2019,store_2,item_5,31,38.18,0,4,1
26-01-2019,store_2,item_5,30,38.18,0,5,1
27-01-2019,store_2,item_5,31,38.18,0,6,1
28-01-2019,store_2,item_5,37,38.18,0,0,1
29-01-2019,store_2,item_5,44,38.18,0,1,1
30-01-2019,store_2,item_5,47,38.18,0,2,1
31-01-2019,store_2,item_5,60,30.54,1,3,1
01-01-2020,store_2,item_5,60,30.54,1,2,1
02-01-2020,store_2,item_5,52,30.54,1,3,1
03-01-2020,store_2,item_5,34,38.18,0,4,1
04-01-2020,store_2,item_5,30,38.18,0,5,1
05-01-2020,store_2,item_5,35,38.18,0,6,1
06-01-2020,store_2,item_5,34,38.18,0,0,1
07-01-2020,store_2,item_5,60,30.54,1,1,1
08-01-2020,store_2,item_5,45,38.18,0,2,1
09-01-2020,store_2,item_5,40,38.18,0,3,1
10-01-2020,store_2,item_5,52,30.54,1,4,1
11-01-2020,store_2,item_5,29,38.18,0,5,1
12-01-2020,store_2,item_5,30,38.18,0,6,1
13-01-2020,store_2,item_5,35,38.18,0,0,1
14-01-2020,store_2,item_5,44,38.18,0,1,1
15-01-2020,store_2,item_5,48,38.18,0,2,1
16-01-2020,store_2,item_5,41,38.18,0,3,1
17-01-2020,store_2,item_5,36,38.18,0,4,1
18-01-2020,store_2,item_5,26,38.18,0,5,1
19-01-2020,store_2,item_5,32,38.18,0,6,1
20-01-2020,store_2,item_5,38,38.18,0,0,1
21-01-2020,store_2,item_5,43,38.18,0,1,1
22-01-2020,store_2,item_5,49,38.18,0,2,1
23-01-2020,store_2,item_5,45,38.18,0,3,1
24-01-2020,store_2,item_5,36,38.18,0,4,1
25-01-2020,store_2,item_5,36,38.18,0,5,1
26-01-2020,store_2,item_5,35,38.18,0,6,1
27-01-2020,store_2,item_5,39,38.18,0,0,1
28-01-2020,store_2,item_5,47,38.18,0,1,1
29-01-2020,store_2,item_5,43,38.18,0,2,1
30-01-2020,store_2,item_5,45,38.18,0,3,1
31-01-2020,store_2,item_5,39,38.18,0,4,1
01-01-2021,store_2,item_5,35,38.18,0,4,1
02-01-2021,store_2,item_5,24,38.18,0,5,1
03-01-2021,store_2,item_5,32,38.18,0,6,1
04-01-2021,store_2,item_5,43,38.18,0,0,1
05-01-2021,store_2,item_5,45,38.18,0,1,1
06-01-2021,store_2,item_5,39,38.18,0,2,1
07-01-2021,store_2,item_5,44,38.18,0,3,1
08-01-2021,store_2,item_5,42,38.18,0,4,1
09-01-2021,store_2,item_5,29,38.18,0,5,1
10-01-2021,store_2,item_5,49,30.54,1,6,1
11-01-2021,store_2,item_5,37,38.18,0,0,1
12-01-2021,store_2,item_5,40,38.18,0,1,1
13-01-2021,store_2,item_5,44,38.18,0,2,1
14-01-2021,store_2,item_5,45,38.18,0,3,1
15-01-2021,store_2,item_5,40,38.18,0,4,1
16-01-2021,store_2,item_5,31,38.18,0,5,1
17-01-2021,store_2,item_5,27,38.18,0,6,1
18-01-2021,store_2,item_5,40,38.18,0,0,1
19-01-2021,store_2,item_5,45,38.18,0,1,1
20-01-2021,store_2,item_5,52,38.18,0,2,1
21-01-2021,store_2,item_5,47,38.18,0,3,1
22-01-2021,store_2,item_5,40,38.18,0,4,1
23-01-2021,store_2,item_5,34,38.18,0,5,1
24-01-2021,store_2,item_5,34,38.18,0,6,1
25-01-2021,store_2,item_5,40,38.18,0,0,1
26-01-2021,store_2,item_5,51,38.18,0,1,1
27-01-2021,store_2,item_5,55,38.18,0,2,1
28-01-2021,store_2,item_5,40,38.18,0,3,1
29-01-2021,store_2,item_5,35,38.18,0,4,1
30-01-2021,store_2,item_5,37,38.18,0,5,1
31-01-2021,store_2,item_5,32,38.18,0,6,1
01-01-2022,store_2,item_5,36,38.18,0,5,1
02-01-2022,store_2,item_5,33,38.18,0,6,1
03-01-2022,store_2,item_5,38,38.18,0,0,1
04-01-2022,store_2,item_5,45,38.18,0,1,1
05-01-2022,store_2,item_5,46,38.18,0,2,1
06-01-2022,store_2,item_5,46,38.18,0,3,1
07-01-2022,store_2,item_5,34,38.18,0,4,1
08-01-2022,store_2,item_5,34,38.18,0,5,1
09-01-2022,store_2,item_5,34,38.18,0,6,1
10-01-2022,store_2,item_5,49,38.18,0,0,1
11-01-2022,store_2,item_5,69,30.54,1,1,1
12-01-2022,store_2,item_5,49,38.18,0,2,1
13-01-2022,store_2,item_5,49,38.18,0,3,1
14-01-2022,store_2,item_5,34,38.18,0,4,1
15-01-2022,store_2,item_5,38,38.18,0,5,1
16-01-2022,store_2,item_5,33,38.18,0,6,1
17-01-2022,store_2,item_5,61,30.54,1,0,1
18-01-2022,store_2,item_5,52,38.18,0,1,1
19-01-2022,store_2,item_5,75,30.54,1,2,1
20-01-2022,store_2,item_5,48,38.18,0,3,1
21-01-2022,store_2,item_5,60,30.54,1,4,1
22-01-2022,store_2,item_5,39,38.18,0,5,1
23-01-2022,store_2,item_5,32,38.18,0,6,1
24-01-2022,store_2,item_5,43,38.18,0,0,1
25-01-2022,store_2,item_5,75,30.54,1,1,1
26-01-2022,store_2,item_5,55,38.18,0,2,1
27-01-2022,store_2,item_5,50,38.18,0,3,1
28-01-2022,store_2,item_5,40,38.18,0,4,1
29-01-2022,store_2,item_5,38,38.18,0,5,1
30-01-2022,store_2,item_5,42,38.18,0,6,1
31-01-2022,store_2,item_5,67,30.54,1,0,1
01-01-2023,store_2,item_5,57,30.54,1,6,1
02-01-2023,store_2,item_5,47,38.18,0,0,1
03-01-2023,store_2,item_5,55,38.18,0,1,1
04-01-2023,store_2,item_5,47,38.18,0,2,1
05-01-2023,store_2,item_5,46,38.18,0,3,1
06-01-2023,store_2,item_5,36,38.18,0,4,1
07-01-2023,store_2,item_5,31,38.18,0,5,1
08-01-2023,store_2,item_5,56,30.54,1,6,1
09-01-2023,store_2,item_5,42,38.18,0,0,1
10-01-2023,store_2,item_5,49,38.18,0,1,1
11-01-2023,store_2,item_5,54,38.18,0,2,1
12-01-2023,store_2,item_5,46,38.18,0,3,1
13-01-2023,store_2,item_5,36,38.18,0,4,1
14-01-2023,store_2,item_5,40,38.18,0,5,1
15-01-2023,store_2,item_5,38,38.18,0,6,1
16-01-2023,store_2,item_5,48,38.18,0,0,1
17-01-2023,store_2,item_5,48,38.18,0,1,1
18-01-2023,store_2,item_5,83,30.54,1,2,1
19-01-2023,store_2,item_5,50,38.18,0,3,1
20-01-2023,store_2,item_5,40,38.18,0,4,1
21-01-2023,store_2,item_5,41,38.18,0,5,1
22-01-2023,store_2,item_5,38,38.18,0,6,1
23-01-2023,store_2,item_5,45,38.18,0,0,1
24-01-2023,store_2,item_5,54,38.18,0,1,1
25-01-2023,store_2,item_5,54,38.18,0,2,1
26-01-2023,store_2,item_5,49,38.18,0,3,1
27-01-2023,store_2,item_5,41,38.18,0,4,1
28-01-2023,store_2,item_5,37,38.18,0,5,1
29-01-2023,store_2,item_5,39,38.18,0,6,1
30-01-2023,store_2,item_5,49,38.18,0,0,1
31-01-2023,store_2,item_5,52,38.18,0,1,1
