backend/uploads/2019-01_actual.csv
Date,Store,Product,Demand,price,promo,weekday,month
01-01-2019,store_2,item_6,50,18.15,0,1,1
02-01-2019,store_2,item_6,54,18.15,0,2,1
03-01-2019,store_2,item_6,49,18.15,0,3,1
04-01-2019,store_2,item_6,37,18.15,0,4,1
05-01-2019,store_2,item_6,36,18.15,0,5,1
06-01-2019,store_2,item_6,36,18.15,0,6,1
07-01-2019,store_2,item_6,67,14.52,1,0,1
08-01-2019,store_2,item_6,52,18.15,0,1,1
09-01-2019,store_2,item_6,50,18.15,0,2,1
10-01-2019,store_2,item_6,52,18.15,0,3,1
11-01-2019,store_2,item_6,48,18.15,0,4,1
12-01-2019,store_2,item_6,35,18.15,0,5,1
13-01-2019,store_2,item_6,36,18.15,0,6,1
14-01-2019,store_2,item_6,43,18.15,0,0,1
15-01-2019,store_2,item_6,58,18.15,0,1,1
16-01-2019,store_2,item_6,56,18.15,0,2,1
17-01-2019,store_2,item_6,76,14.52,1,3,1
18-01-2019,store_2,item_6,45,18.15,0,4,1
19-01-2019,store_2,item_6,38,18.15,0,5,1
20-01-2019,store_2,item_6,38,18.15,0,6,1
21-01-2019,store_2,item_6,49,18.15,0,0,1
22-01-2019,store_2,item_6,58,18.15,0,1,1
23-01-2019,store_2,item_6,62,18.15,0,2,1
24-01-2019,store_2,item_6,54,18.15,0,3,1
25-01-2019,store_2,item_6,40,18.15,0,4,1
26-01-2019,store_2,item_6,43,18.15,0,5,1
27-01-2019,store_2,item_6,41,18.15,0,6,1
28-01-2019,store_2,item_6,55,18.15,0,0,1
29-01-2019,store_2,item_6,56,18.15,0,1,1
30-01-2019,store_2,item_6,63,18.15,0,2,1
31-01-2019,store_2,item_6,54,18.15,0,3,1
01-01-2020,store_2,item_6,57,18.15,0,2,1
02-01-2020,store_2,item_6,58,18.15,0,3,1
03-01-2020,store_2,item_6,44,18.15,0,4,1
04-01-2020,store_2,item_6,35,18.15,0,5,1
05-01-2020,store_2,item_6,39,18.15,0,6,1
06-01-2020,store_2,item_6,50,18.15,0,0,1
07-01-2020,store_2,item_6,89,14.52,1,1,1
08-01-2020,store_2,item_6,57,18.15,0,2,1
09-01-2020,store_2,item_6,53,18.15,0,3,1
10-01-2020,store_2,item_6,48,18.15,0,4,1
11-01-2020,store_2,item_6,45,18.15,0,5,1
12-01-2020,store_2,item_6,45,18.15,0,6,1
13-01-2020,store_2,item_6,46,18.15,0,0,1
14-01-2020,store_2,item_6,60,18.15,0,1,1
15-01-2020,store_2,item_6,58,18.15,0,2,1
16-01-2020,store_2,item_6,56,18.15,0,3,1
17-01-2020,store_2,item_6,48,18.15,0,4,1
18-01-2020,store_2,item_6,60,14.52,1,5,1
19-01-2020,store_2,item_6,42,18.15,0,6,1
20-01-2020,store_2,item_6,47,18.15,0,0,1
21-01-2020,store_2,item_6,89,14.52,1,1,1
22-01-2020,store_2,item_6,61,18.15,0,2,1
23-01-2020,store_2,item_6,56,18.15,0,3,1
24-01-2020,store_2,item_6,50,18.15,0,4,1
25-01-2020,store_2,item_6,46,18.15,0,5,1
26-01-2020,store_2,item_6,65,14.52,1,6,1
27-01-2020,store_2,item_6,53,18.15,0,0,1
28-01-2020,store_2,item_6,61,18.15,0,1,1
29-01-2020,store_2,item_6,68,18.15,0,2,1
30-01-2020,store_2,item_6,56,18.15,0,3,1
31-01-2020,store_2,item_6,49,18.15,0,4,1
01-01-2021,store_2,item_6,48,18.15,0,4,1
02-01-2021,store_2,item_6,39,18.15,0,5,1
03-01-2021,store_2,item_6,40,18.15,0,6,1
04-01-2021,store_2,item_6,50,18.15,0,0,1
05-01-2021,store_2,item_6,63,18.15,0,1,1
06-01-2021,store_2,item_6,64,18.15,0,2,1
07-01-2021,store_2,item_6,56,18.15,0,3,1
08-01-2021,store_2,item_6,50,18.15,0,4,1
09-01-2021,store_2,item_6,40,18.15,0,5,1
10-01-2021,store_2,item_6,65,14.52,1,6,1
11-01-2021,store_2,item_6,56,18.15,0,0,1
12-01-2021,store_2,item_6,69,18.15,0,1,1
13-01-2021,store_2,item_6,63,18.15,0,2,1
14-01-2021,store_2,item_6,61,18.15,0,3,1
15-01-2021,store_2,item_6,45,18.15,0,4,1
16-01-2021,store_2,item_6,40,18.15,0,5,1
17-01-2021,store_2,item_6,44,18.15,0,6,1
18-01-2021,store_2,item_6,79,14.52,1,0,1
19-01-2021,store_2,item_6,61,18.15,0,1,1
20-01-2021,store_2,item_6,102,14.52,1,2,1
21-01-2021,store_2,item_6,57,18.15,0,3,1
22-01-2021,store_2,item_6,50,18.15,0,4,1
23-01-2021,store_2,item_6,46,18.15,0,5,1
24-01-2021,store_2,item_6,49,18.15,0,6,1
25-01-2021,store_2,item_6,85,14.52,1,0,1
26-01-2021,store_2,item_6,66,18.15,0,1,1
27-01-2021,store_2,item_6,66,18.15,0,2,1
28-01-2021,store_2,item_6,61,18.15,0,3,1
29-01-2021,store_2,item_6,49,18.15,0,4,1
30-01-2021,store_2,item_6,44,18.15,0,5,1
31-01-2021,store_2,item_6,54,18.15,0,6,1
01-01-2022,store_2,item_6,44,18.15,0,5,1
02-01-2022,store_2,item_6,45,18.15,0,6,1
03-01-2022,store_2,item_6,53,18.15,0,0,1
04-01-2022,store_2,item_6,64,18.15,0,1,1
05-01-2022,store_2,item_6,68,18.15,0,2,1
06-01-2022,store_2,item_6,89,14.52,1,3,1
07-01-2022,store_2,item_6,50,18.15,0,4,1
08-01-2022,store_2,item_6,45,18.15,0,5,1
09-01-2022,store_2,item_6,46,18.15,0,6,1
10-01-2022,store_2,item_6,52,18.15,0,0,1
11-01-2022,store_2,item_6,64,18.15,0,1,1
12-01-2022,store_2,item_6,65,18.15,0,2,1
13-01-2022,store_2,item_6,62,18.15,0,3,1
14-01-2022,store_2,item_6,76,14.52,1,4,1
15-01-2022,store_2,item_6,46,18.15,0,5,1
16-01-2022,store_2,item_6,47,18.15,0,6,1
17-01-2022,store_2,item_6,57,18.15,0,0,1
18-01-2022,store_2,item_6,66,18.15,0,1,1
19-01-2022,store_2,item_6,72,18.15,0,2,1
20-01-2022,store_2,item_6,56,18.15,0,3,1
21-01-2022,store_2,item_6,54,18.15,0,4,1
22-01-2022,store_2,item_6,69,14.52,1,5,1
23-01-2022,store_2,item_6,51,18.15,0,6,1
24-01-2022,store_2,item_6,58,18.15,0,0,1
25-01-2022,store_2,item_6,66,18.15,0,1,1
26-01-2022,store_2,item_6,70,18.15,0,2,1
27-01-2022,store_2,item_6,59,18.15,0,3,1
28-01-2022,store_2,item_6,63,18.15,0,4,1
29-01-2022,store_2,item_6,51,18.15,0,5,1
30-01-2022,store_2,item_6,48,18.15,0,6,1
31-01-2022,store_2,item_6,55,18.15,0,0,1
01-01-2023,store_2,item_6,47,18.15,0,6,1
02-01-2023,store_2,item_6,57,18.15,0,0,1
03-01-2023,store_2,item_6,65,18.15,0,1,1
04-01-2023,store_2,item_6,103,14.52,1,2,1
05-01-2023,store_2,item_6,61,18.15,0,3,1
06-01-2023,store_2,item_6,50,18.15,0,4,1
07-01-2023,store_2,item_6,51,18.15,0,5,1
08-01-2023,store_2,item_6,54,18.15,0,6,1
09-01-2023,store_2,item_6,60,18.15,0,0,1
10-01-2023,store_2,item_6,65,18.15,0,1,1
11-01-2023,store_2,item_6,67,18.15,0,2,1
12-01-2023,store_2,item_6,63,18.15,0,3,1
13-01-2023,store_2,item_6,49,18.15,0,4,1
14-01-2023,store_2,item_6,47,18.15,0,5,1
15-01-2023,store_2,item_6,53,18.15,0,6,1
16-01-2023,store_2,item_6,89,14.52,1,0,1
17-01-2023,store_2,item_6,68,18.15,0,1,1
18-01-2023,store_2,item_6,73,18.15,0,2,1
19-01-2023,store_2,item_6,65,18.15,0,3,1
20-01-2023,store_2,item_6,58,18.15,0,4,1
21-01-2023,store_2,item_6,53,18.15,0,5,1
22-01-2023,store_2,item_6,80,14.52,1,6,1
23-01-2023,store_2,item_6,66,18.15,0,0,1
24-01-2023,store_2,item_6,70,18.15,0,1,1
25-01-2023,store_2,item_6,71,18.15,0,2,1
26-01-2023,store_2,item_6,66,18.15,0,3,1
27-01-2023,store_2,item_6,58,18.15,0,4,1
28-01-2023,store_2,item_6,46,18.15,0,5,1
29-01-2023,store_2,item_6,57,18.15,0,6,1
30-01-2023,store_2,item_6,62,18.15,0,0,1
31-01-2023,store_2,item_6,109,14.52,1,1,1
01-01-2019,store_2,item_7,15,11.8,0,1,1
02-01-2019,store_2,item_7,17,11.8,0,2,1
03-01-2019,store_2,item_7,14,11.8,0,3,1
04-01-2019,store_2,item_7,12,11.8,0,4,1
05-01-2019,store_2,item_7,14,11.8,0,5,1
06-01-2019,store_2,item_7,9,11.8,0,6,1
07-01-2019,store_2,item_7,17,11.8,0,0,1
08-01-2019,store_2,item_7,18,11.8,0,1,1
09-01-2019,store_2,item_7,20,11.8,0,2,1
10-01-2019,store_2,item_7,27,9.44,1,3,1
11-01-2019,store_2,item_7,13,11.8,0,4,1
12-01-2019,store_2,item_7,13,11.8,0,5,1
13-01-2019,store_2,item_7,13,11.8,0,6,1
14-01-2019,store_2,item_7,18,11.8,0,0,1
15-01-2019,store_2,item_7,19,11.8,0,1,1
16-01-2019,store_2,item_7,14,11.8,0,2,1
17-01-2019,store_2,item_7,18,11.8,0,3,1
18-01-2019,store_2,item_7,14,11.8,0,4,1
19-01-2019,store_2,item_7,17,9.44,1,5,1
20-01-2019,store_2,item_7,18,11.8,0,6,1
21-01-2019,store_2,item_7,21,11.8,0,0,1
22-01-2019,store_2,item_7,18,11.8,0,1,1
23-01-2019,store_2,item_7,21,11.8,0,2,1
24-01-2019,store_2,item_7,22,11.8,0,3,1
25-01-2019,store_2,item_7,22,11.8,0,4,1
26-01-2019,store_2,item_7,14,11.8,0,5,1
27-01-2019,store_2,item_7,14,11.8,0,6,1
28-01-2019,store_2,item_7,16,11.8,0,0,1
29-01-2019,store_2,item_7,16,11.8,0,1,1
30-01-2019,store_2,item_7,19,11.8,0,2,1
31-01-2019,store_2,item_7,20,11.8,0,3,1
01-01-2020,store_2,item_7,16,11.8,0,2,1
02-01-2020,store_2,item_7,16,11.8,0,3,1
03-01-2020,store_2,item_7,14,11.8,0,4,1
04-01-2020,store_2,item_7,18,11.8,0,5,1
05-01-2020,store_2,item_7,13,11.8,0,6,1
06-01-2020,store_2,item_7,16,11.8,0,0,1
07-01-2020,store_2,item_7,16,11.8,0,1,1
08-01-2020,store_2,item_7,34,9.44,1,2,1
09-01-2020,store_2,item_7,18,11.8,0,3,1
10-01-2020,store_2,item_7,13,11.8,0,4,1
11-01-2020,store_2,item_7,15,11.8,0,5,1
12-01-2020,store_2,item_7,15,11.8,0,6,1
13-01-2020,store_2,item_7,22,11.8,0,0,1
14-01-2020,store_2,item_7,19,11.8,0,1,1
15-01-2020,store_2,item_7,24,11.8,0,2,1
16-01-2020,store_2,item_7,20,11.8,0,3,1
17-01-2020,store_2,item_7,13,11.8,0,4,1
18-01-2020,store_2,item_7,10,11.8,0,5,1
19-01-2020,store_2,item_7,12,11.8,0,6,1
20-01-2020,store_2,item_7,21,11.8,0,0,1
21-01-2020,store_2,item_7,23,11.8,0,1,1
22-01-2020,store_2,item_7,19,11.8,0,2,1
23-01-2020,store_2,item_7,16,11.8,0,3,1
24-01-2020,store_2,item_7,17,11.8,0,4,1
25-01-2020,store_2,item_7,17,11.8,0,5,1
26-01-2020,store_2,item_7,16,11.8,0,6,1
27-01-2020,store_2,item_7,17,11.8,0,0,1
28-01-2020,store_2,item_7,19,11.8,0,1,1
29-01-2020,store_2,item_7,18,11.8,0,2,1
30-01-2020,store_2,item_7,20,11.8,0,3,1
31-01-2020,store_2,item_7,13,11.8,0,4,1
01-01-2021,store_2,item_7,14,11.8,0,4,1
02-01-2021,store_2,item_7,17,9.44,1,5,1
03-01-2021,store_2,item_7,16,11.8,0,6,1
04-01-2021,store_2,item_7,16,11.8,0,0,1
05-01-2021,store_2,item_7,18,11.8,0,1,1
06-01-2021,store_2,item_7,19,11.8,0,2,1
07-01-2021,store_2,item_7,13,11.8,0,3,1
08-01-2021,store_2,item_7,11,11.8,0,4,1
09-01-2021,store_2,item_7,24,9.44,1,5,1
10-01-2021,store_2,item_7,17,11.8,0,6,1
11-01-2021,store_2,item_7,20,11.8,0,0,1
12-01-2021,store_2,item_7,25,11.8,0,1,1
13-01-2021,store_2,item_7,25,11.8,0,2,1
14-01-2021,store_2,item_7,22,11.8,0,3,1
15-01-2021,store_2,item_7,22,9.44,1,4,1
16-01-2021,store_2,item_7,27,9.44,1,5,1
17-01-2021,store_2,item_7,12,11.8,0,6,1
18-01-2021,store_2,item_7,19,11.8,0,0,1
19-01-2021,store_2,item_7,18,11.8,0,1,1
20-01-2021,store_2,item_7,23,11.8,0,2,1
21-01-2021,store_2,item_7,22,11.8,0,3,1
22-01-2021,store_2,item_7,15,11.8,0,4,1
23-01-2021,store_2,item_7,9,11.8,0,5,1
24-01-2021,store_2,item_7,15,11.8,0,6,1
25-01-2021,store_2,item_7,24,11.8,0,0,1
26-01-2021,store_2,item_7,28,11.8,0,1,1
27-01-2021,store_2,item_7,24,11.8,0,2,1
28-01-2021,store_2,item_7,21,11.8,0,3,1
29-01-2021,store_2,item_7,24,11.8,0,4,1
30-01-2021,store_2,item_7,19,11.8,0,5,1
31-01-2021,store_2,item_7,19,11.8,0,6,1
01-01-2022,store_2,item_7,10,11.8,0,5,1
02-01-2022,store_2,item_7,15,11.8,0,6,1
03-01-2022,store_2,item_7,15,11.8,0,0,1
04-01-2022,store_2,item_7,25,11.8,0,1,1
05-01-2022,store_2,item_7,32,9.44,1,2,1
06-01-2022,store_2,item_7,18,11.8,0,3,1
07-01-2022,store_2,item_7,16,11.8,0,4,1
08-01-2022,store_2,item_7,16,11.8,0,5,1
09-01-2022,store_2,item_7,17,11.8,0,6,1
10-01-2022,store_2,item_7,18,11.8,0,0,1
11-01-2022,store_2,item_7,25,11.8,0,1,1
12-01-2022,store_2,item_7,21,11.8,0,2,1
13-01-2022,store_2,item_7,22,11.8,0,3,1
14-01-2022,store_2,item_7,13,11.8,0,4,1
15-01-2022,store_2,item_7,14,11.8,0,5,1
16-01-2022,store_2,item_7,15,11.8,0,6,1
17-01-2022,store_2,item_7,17,11.8,0,0,1
18-01-2022,store_2,item_7,23,11.8,0,1,1
19-01-2022,store_2,item_7,23,11.8,0,2,1
20-01-2022,store_2,item_7,23,11.8,0,3,1
21-01-2022,store_2,item_7,16,11.8,0,4,1
22-01-2022,store_2,item_7,16,11.8,0,5,1
23-01-2022,store_2,item_7,13,11.8,0,6,1
24-01-2022,store_2,item_7,19,11.8,0,0,1
25-01-2022,store_2,item_7,21,11.8,0,1,1
26-01-2022,store_2,item_7,22,11.8,0,2,1
27-01-2022,store_2,item_7,26,11.8,0,3,1
28-01-2022,store_2,item_7,27,11.8,0,4,1
29-01-2022,store_2,item_7,13,11.8,0,5,1
30-01-2022,store_2,item_7,20,11.8,0,6,1
31-01-2022,store_2,item_7,31,9.44,1,0,1
01-01-2023,store_2,item_7,18,11.8,0,6,1
02-01-2023,store_2,item_7,17,11.8,0,0,1
03-01-2023,store_2,item_7,19,11.8,0,1,1
04-01-2023,store_2,item_7,19,11.8,0,2,1
05-01-2023,store_2,item_7,18,11.8,0,3,1
06-01-2023,store_2,item_7,21,11.8,0,4,1
07-01-2023,store_2,item_7,16,11.8,0,5,1
08-01-2023,store_2,item_7,19,11.8,0,6,1
09-01-2023,store_2,item_7,17,11.8,0,0,1
10-01-2023,store_2,item_7,17,11.8,0,1,1
11-01-2023,store_2,item_7,24,11.8,0,2,1
12-01-2023,store_2,item_7,23,11.8,0,3,1
13-01-2023,store_2,item_7,17,11.8,0,4,1
14-01-2023,store_2,item_7,15,11.8,0,5,1
15-01-2023,store_2,item_7,17,11.8,0,6,1
16-01-2023,store_2,item_7,24,11.8,0,0,1
17-01-2023,store_2,item_7,25,11.8,0,1,1
18-01-2023,store_2,item_7,24,11.8,0,2,1
19-01-2023,store_2,item_7,21,11.8,0,3,1
20-01-2023,store_2,item_7,14,11.8,0,4,1
21-01-2023,store_2,item_7,22,9.44,1,5,1
22-01-2023,store_2,item_7,21,11.8,0,6,1
23-01-2023,store_2,item_7,32,9.44,1,0,1
24-01-2023,store_2,item_7,21,11.8,0,1,1
25-01-2023,store_2,item_7,25,11.8,0,2,1
26-01-2023,store_2,item_7,21,11.8,0,3,1
27-01-2023,store_2,item_7,33,9.44,1,4,1
28-01-2023,store_2,item_7,12,11.8,0,5,1
29-01-2023,store_2,item_7,18,11.8,0,6,1
30-01-2023,store_2,item_7,25,11.8,0,0,1
31-01-2023,store_2,item_7,21,11.8,0,1,1
