backend/uploads/2019-01_actual.csv
Date,Store,Product,Demand,price,promo,weekday,month
01-01-2019,store_2,item_8,33,21.34,1,1,1
02-01-2019,store_2,item_8,26,26.67,0,2,1
03-01-2019,store_2,item_8,21,26.67,0,3,1
04-01-2019,store_2,item_8,14,26.67,0,4,1
05-01-2019,store_2,item_8,23,21.34,1,5,1
06-01-2019,store_2,item_8,16,26.67,0,6,1
07-01-2019,store_2,item_8,19,26.67,0,0,1
08-01-2019,store_2,item_8,23,26.67,0,1,1
09-01-2019,store_2,item_8,31,21.34,1,2,1
10-01-2019,store_2,item_8,22,26.67,0,3,1
11-01-2019,store_2,item_8,18,26.67,0,4,1
12-01-2019,store_2,item_8,19,26.67,0,5,1
13-01-2019,store_2,item_8,26,21.34,1,6,1
14-01-2019,store_2,item_8,23,26.67,0,0,1
15-01-2019,store_2,item_8,24,26.67,0,1,1
16-01-2019,store_2,item_8,25,26.67,0,2,1
17-01-2019,store_2,item_8,25,26.67,0,3,1
18-01-2019,store_2,item_8,19,26.67,0,4,1
19-01-2019,store_2,item_8,18,26.67,0,5,1
20-01-2019,store_2,item_8,14,26.67,0,6,1
21-01-2019,store_2,item_8,19,26.67,0,0,1
22-01-2019,store_2,item_8,34,21.34,1,1,1
23-01-2019,store_2,item_8,31,21.34,1,2,1
24-01-2019,store_2,item_8,23,26.67,0,3,1
25-01-2019,store_2,item_8,22,26.67,0,4,1
26-01-2019,store_2,item_8,16,26.67,0,5,1
27-01-2019,store_2,item_8,16,26.67,0,6,1
28-01-2019,store_2,item_8,19,26.67,0,0,1
29-01-2019,store_2,item_8,26,26.67,0,1,1
30-01-2019,store_2,item_8,27,26.67,0,2,1
31-01-2019,store_2,item_8,22,26.67,0,3,1
01-01-2020,store_2,item_8,22,26.67,0,2,1
02-01-2020,store_2,item_8,21,26.67,0,3,1
03-01-2020,store_2,item_8,17,26.67,0,4,1
04-01-2020,store_2,item_8,12,26.67,0,5,1
05-01-2020,store_2,item_8,13,26.67,0,6,1
06-01-2020,store_2,item_8,32,21.34,1,0,1
07-01-2020,store_2,item_8,25,26.67,0,1,1
08-01-2020,store_2,item_8,26,26.67,0,2,1
09-01-2020,store_2,item_8,16,26.67,0,3,1
10-01-2020,store_2,item_8,19,26.67,0,4,1
11-01-2020,store_2,item_8,16,26.67,0,5,1
12-01-2020,store_2,item_8,17,26.67,0,6,1
13-01-2020,store_2,item_8,19,26.67,0,0,1
14-01-2020,store_2,item_8,20,26.67,0,1,1
15-01-2020,store_2,item_8,30,26.67,0,2,1
16-01-2020,store_2,item_8,31,21.34,1,3,1
17-01-2020,store_2,item_8,22,26.67,0,4,1
18-01-2020,store_2,item_8,17,26.67,0,5,1
19-01-2020,store_2,item_8,19,26.67,0,6,1
20-01-2020,store_2,item_8,23,26.67,0,0,1
21-01-2020,store_2,item_8,25,26.67,0,1,1
22-01-2020,store_2,item_8,24,26.67,0,2,1
23-01-2020,store_2,item_8,25,26.67,0,3,1
24-01-2020,store_2,item_8,32,21.34,1,4,1
25-01-2020,store_2,item_8,17,26.67,0,5,1
26-01-2020,store_2,item_8,18,26.67,0,6,1
27-01-2020,store_2,item_8,23,26.67,0,0,1
28-01-2020,store_2,item_8,29,26.67,0,1,1
29-01-2020,store_2,item_8,30,26.67,0,2,1
30-01-2020,store_2,item_8,30,26.67,0,3,1
31-01-2020,store_2,item_8,17,26.67,0,4,1
01-01-2021,store_2,item_8,23,26.67,0,4,1
02-01-2021,store_2,item_8,17,26.67,0,5,1
03-01-2021,store_2,item_8,19,26.67,0,6,1
04-01-2021,store_2,item_8,18,26.67,0,0,1
05-01-2021,store_2,item_8,29,26.67,0,1,1
06-01-2021,store_2,item_8,29,26.67,0,2,1
07-01-2021,store_2,item_8,21,26.67,0,3,1
08-01-2021,store_2,item_8,28,21.34,1,4,1
09-01-2021,store_2,item_8,17,26.67,0,5,1
10-01-2021,store_2,item_8,26,21.34,1,6,1
11-01-2021,store_2,item_8,21,26.67,0,0,1
12-01-2021,store_2,item_8,24,26.67,0,1,1
13-01-2021,store_2,item_8,30,26.67,0,2,1
14-01-2021,store_2,item_8,26,26.67,0,3,1
15-01-2021,store_2,item_8,21,26.67,0,4,1
16-01-2021,store_2,item_8,20,26.67,0,5,1
17-01-2021,store_2,item_8,25,26.67,0,6,1
18-01-2021,store_2,item_8,23,26.67,0,0,1
19-01-2021,store_2,item_8,27,26.67,0,1,1
20-01-2021,store_2,item_8,42,21.34,1,2,1
21-01-2021,store_2,item_8,25,26.67,0,3,1
22-01-2021,store_2,item_8,37,21.34,1,4,1
23-01-2021,store_2,item_8,32,21.34,1,5,1
24-01-2021,store_2,item_8,19,26.67,0,6,1
25-01-2021,store_2,item_8,26,26.67,0,0,1
26-01-2021,store_2,item_8,29,26.67,0,1,1
27-01-2021,store_2,item_8,26,26.67,0,2,1
28-01-2021,store_2,item_8,27,26.67,0,3,1
29-01-2021,store_2,item_8,26,21.34,1,4,1
30-01-2021,store_2,item_8,22,26.67,0,5,1
31-01-2021,store_2,item_8,22,26.67,0,6,1
01-01-2022,store_2,item_8,20,26.67,0,5,1
02-01-2022,store_2,item_8,18,26.67,0,6,1
03-01-2022,store_2,item_8,22,26.67,0,0,1
04-01-2022,store_2,item_8,23,26.67,0,1,1
05-01-2022,store_2,item_8,30,26.67,0,2,1
06-01-2022,store_2,item_8,29,26.67,0,3,1
07-01-2022,store_2,item_8,20,26.67,0,4,1
08-01-2022,store_2,item_8,22,26.67,0,5,1
09-01-2022,store_2,item_8,32,21.34,1,6,1
10-01-2022,store_2,item_8,24,26.67,0,0,1
11-01-2022,store_2,item_8,30,26.67,0,1,1
12-01-2022,store_2,item_8,30,26.67,0,2,1
13-01-2022,store_2,item_8,36,21.34,1,3,1
14-01-2022,store_2,item_8,19,26.67,0,4,1
15-01-2022,store_2,item_8,24,26.67,0,5,1
16-01-2022,store_2,item_8,23,26.67,0,6,1
17-01-2022,store_2,item_8,28,26.67,0,0,1
18-01-2022,store_2,item_8,40,21.34,1,1,1
19-01-2022,store_2,item_8,25,26.67,0,2,1
20-01-2022,store_2,item_8,37,21.34,1,3,1
21-01-2022,store_2,item_8,20,26.67,0,4,1
22-01-2022,store_2,item_8,23,26.67,0,5,1
23-01-2022,store_2,item_8,23,26.67,0,6,1
24-01-2022,store_2,item_8,40,21.34,1,0,1
25-01-2022,store_2,item_8,28,26.67,0,1,1
26-01-2022,store_2,item_8,48,21.34,1,2,1
27-01-2022,store_2,item_8,28,26.67,0,3,1
28-01-2022,store_2,item_8,24,26.67,0,4,1
29-01-2022,store_2,item_8,19,26.67,0,5,1
30-01-2022,store_2,item_8,22,26.67,0,6,1
31-01-2022,store_2,item_8,29,26.67,0,0,1
01-01-2023,store_2,item_8,22,26.67,0,6,1
02-01-2023,store_2,item_8,28,26.67,0,0,1
03-01-2023,store_2,item_8,29,26.67,0,1,1
04-01-2023,store_2,item_8,29,26.67,0,2,1
05-01-2023,store_2,item_8,24,26.67,0,3,1
06-01-2023,store_2,item_8,21,26.67,0,4,1
07-01-2023,store_2,item_8,33,21.34,1,5,1
08-01-2023,store_2,item_8,16,26.67,0,6,1
09-01-2023,store_2,item_8,26,26.67,0,0,1
10-01-2023,store_2,item_8,29,26.67,0,1,1
11-01-2023,store_2,item_8,27,26.67,0,2,1
12-01-2023,store_2,item_8,35,26.67,0,3,1
13-01-2023,store_2,item_8,24,26.67,0,4,1
14-01-2023,store_2,item_8,24,26.67,0,5,1
15-01-2023,store_2,item_8,22,26.67,0,6,1
16-01-2023,store_2,item_8,31,26.67,0,0,1
17-01-2023,store_2,item_8,27,26.67,0,1,1
18-01-2023,store_2,item_8,29,26.67,0,2,1
19-01-2023,store_2,item_8,27,26.67,0,3,1
20-01-2023,store_2,item_8,19,26.67,0,4,1
21-01-2023,store_2,item_8,19,26.67,0,5,1
22-01-2023,store_2,item_8,19,26.67,0,6,1
23-01-2023,store_2,item_8,27,26.67,0,0,1
24-01-2023,store_2,item_8,24,26.67,0,1,1
25-01-2023,store_2,item_8,33,26.67,0,2,1
26-01-2023,store_2,item_8,32,26.67,0,3,1
27-01-2023,store_2,item_8,19,26.67,0,4,1
28-01-2023,store_2,item_8,21,26.67,0,5,1
29-01-2023,store_2,item_8,22,26.67,0,6,1
30-01-2023,store_2,item_8,31,26.67,0,0,1
31-01-2023,store_2,item_8,49,21.34,1,1,1
01-01-2019,store_2,item_9,18,38.9,0,1,1
02-01-2019,store_2,item_9,21,38.9,0,2,1
03-01-2019,store_2,item_9,20,38.9,0,3,1
04-01-2019,store_2,item_9,4,38.9,0,4,1
05-01-2019,store_2,item_9,11,38.9,0,5,1
06-01-2019,store_2,item_9,11,38.9,0,6,1
07-01-2019,store_2,item_9,15,38.9,0,0,1
08-01-2019,store_2,item_9,13,38.9,0,1,1
09-01-2019,store_2,item_9,19,38.9,0,2,1
10-01-2019,store_2,item_9,19,38.9,0,3,1
11-01-2019,store_2,item_9,14,38.9,0,4,1
12-01-2019,store_2,item_9,13,38.9,0,5,1
13-01-2019,store_2,item_9,9,38.9,0,6,1
14-01-2019,store_2,item_9,17,38.9,0,0,1
15-01-2019,store_2,item_9,24,31.12,1,1,1
16-01-2019,store_2,item_9,28,31.12,1,2,1
17-01-2019,store_2,item_9,14,38.9,0,3,1
18-01-2019,store_2,item_9,17,38.9,0,4,1
19-01-2019,store_2,item_9,9,38.9,0,5,1
20-01-2019,store_2,item_9,14,38.9,0,6,1
21-01-2019,store_2,item_9,15,38.9,0,0,1
22-01-2019,store_2,item_9,31,31.12,1,1,1
23-01-2019,store_2,item_9,20,38.9,0,2,1
24-01-2019,store_2,item_9,17,38.9,0,3,1
25-01-2019,store_2,item_9,16,38.9,0,4,1
26-01-2019,store_2,item_9,14,38.9,0,5,1
27-01-2019,store_2,item_9,16,38.9,0,6,1
28-01-2019,store_2,item_9,11,38.9,0,0,1
29-01-2019,store_2,item_9,18,38.9,0,1,1
30-01-2019,store_2,item_9,17,38.9,0,2,1
31-01-2019,store_2,item_9,22,38.9,0,3,1
01-01-2020,store_2,item_9,18,38.9,0,2,1
02-01-2020,store_2,item_9,17,38.9,0,3,1
03-01-2020,store_2,item_9,14,38.9,0,4,1
04-01-2020,store_2,item_9,16,31.12,1,5,1
05-01-2020,store_2,item_9,14,38.9,0,6,1
06-01-2020,store_2,item_9,18,38.9,0,0,1
07-01-2020,store_2,item_9,19,38.9,0,1,1
08-01-2020,store_2,item_9,14,38.9,0,2,1
09-01-2020,store_2,item_9,12,38.9,0,3,1
10-01-2020,store_2,item_9,10,38.9,0,4,1
11-01-2020,store_2,item_9,16,38.9,0,5,1
12-01-2020,store_2,item_9,16,38.9,0,6,1
13-01-2020,store_2,item_9,14,38.9,0,0,1
14-01-2020,store_2,item_9,14,38.9,0,1,1
15-01-2020,store_2,item_9,20,38.9,0,2,1
16-01-2020,store_2,item_9,11,38.9,0,3,1
17-01-2020,store_2,item_9,15,31.12,1,4,1
18-01-2020,store_2,item_9,19,31.12,1,5,1
19-01-2020,store_2,item_9,12,38.9,0,6,1
20-01-2020,store_2,item_9,17,38.9,0,0,1
21-01-2020,store_2,item_9,30,31.12,1,1,1
22-01-2020,store_2,item_9,18,38.9,0,2,1
23-01-2020,store_2,item_9,15,38.9,0,3,1
24-01-2020,store_2,item_9,17,38.9,0,4,1
25-01-2020,store_2,item_9,12,31.12,1,5,1
26-01-2020,store_2,item_9,22,31.12,1,6,1
27-01-2020,store_2,item_9,24,38.9,0,0,1
28-01-2020,store_2,item_9,18,38.9,0,1,1
29-01-2020,store_2,item_9,29,31.12,1,2,1
30-01-2020,store_2,item_9,16,38.9,0,3,1
31-01-2020,store_2,item_9,15,38.9,0,4,1
01-01-2021,store_2,item_9,13,38.9,0,4,1
02-01-2021,store_2,item_9,16,38.9,0,5,1
03-01-2021,store_2,item_9,9,38.9,0,6,1
04-01-2021,store_2,item_9,23,31.12,1,0,1
05-01-2021,store_2,item_9,22,38.9,0,1,1
06-01-2021,store_2,item_9,27,31.12,1,2,1
07-01-2021,store_2,item_9,18,38.9,0,3,1
08-01-2021,store_2,item_9,13,38.9,0,4,1
09-01-2021,store_2,item_9,13,38.9,0,5,1
10-01-2021,store_2,item_9,6,38.9,0,6,1
11-01-2021,store_2,item_9,17,38.9,0,0,1
12-01-2021,store_2,item_9,15,38.9,0,1,1
13-01-2021,store_2,item_9,21,38.9,0,2,1
14-01-2021,store_2,item_9,15,38.9,0,3,1
15-01-2021,store_2,item_9,13,38.9,0,4,1
16-01-2021,store_2,item_9,13,38.9,0,5,1
17-01-2021,store_2,item_9,15,38.9,0,6,1
18-01-2021,store_2,item_9,25,31.12,1,0,1
19-01-2021,store_2,item_9,35,31.12,1,1,1
20-01-2021,store_2,item_9,17,38.9,0,2,1
21-01-2021,store_2,item_9,18,38.9,0,3,1
22-01-2021,store_2,item_9,15,38.9,0,4,1
23-01-2021,store_2,item_9,9,38.9,0,5,1
24-01-2021,store_2,item_9,22,38.9,0,6,1
25-01-2021,store_2,item_9,23,38.9,0,0,1
26-01-2021,store_2,item_9,20,38.9,0,1,1
27-01-2021,store_2,item_9,17,38.9,0,2,1
28-01-2021,store_2,item_9,20,38.9,0,3,1
29-01-2021,store_2,item_9,12,38.9,0,4,1
30-01-2021,store_2,item_9,8,38.9,0,5,1
31-01-2021,store_2,item_9,14,38.9,0,6,1
01-01-2022,store_2,item_9,6,38.9,0,5,1
02-01-2022,store_2,item_9,20,31.12,1,6,1
03-01-2022,store_2,item_9,18,38.9,0,0,1
04-01-2022,store_2,item_9,14,38.9,0,1,1
05-01-2022,store_2,item_9,19,38.9,0,2,1
06-01-2022,store_2,item_9,15,38.9,0,3,1
07-01-2022,store_2,item_9,26,31.12,1,4,1
08-01-2022,store_2,item_9,14,38.9,0,5,1
09-01-2022,store_2,item_9,15,38.9,0,6,1
10-01-2022,store_2,item_9,16,38.9,0,0,1
11-01-2022,store_2,item_9,25,38.9,0,1,1
12-01-2022,store_2,item_9,17,38.9,0,2,1
13-01-2022,store_2,item_9,18,38.9,0,3,1
14-01-2022,store_2,item_9,14,38.9,0,4,1
15-01-2022,store_2,item_9,17,31.12,1,5,1
16-01-2022,store_2,item_9,11,38.9,0,6,1
17-01-2022,store_2,item_9,18,38.9,0,0,1
18-01-2022,store_2,item_9,18,38.9,0,1,1
19-01-2022,store_2,item_9,26,38.9,0,2,1
20-01-2022,store_2,item_9,34,31.12,1,3,1
21-01-2022,store_2,item_9,14,38.9,0,4,1
22-01-2022,store_2,item_9,12,38.9,0,5,1
23-01-2022,store_2,item_9,10,38.9,0,6,1
24-01-2022,store_2,item_9,17,38.9,0,0,1
25-01-2022,store_2,item_9,24,38.9,0,1,1
26-01-2022,store_2,item_9,23,38.9,0,2,1
27-01-2022,store_2,item_9,22,38.9,0,3,1
28-01-2022,store_2,item_9,17,38.9,0,4,1
29-01-2022,store_2,item_9,13,38.9,0,5,1
30-01-2022,store_2,item_9,13,38.9,0,6,1
31-01-2022,store_2,item_9,20,38.9,0,0,1
01-01-2023,store_2,item_9,25,31.12,1,6,1
02-01-2023,store_2,item_9,21,31.12,1,0,1
03-01-2023,store_2,item_9,23,38.9,0,1,1
04-01-2023,store_2,item_9,28,31.12,1,2,1
05-01-2023,store_2,item_9,21,38.9,0,3,1
06-01-2023,store_2,item_9,15,38.9,0,4,1
07-01-2023,store_2,item_9,13,38.9,0,5,1
08-01-2023,store_2,item_9,12,38.9,0,6,1
09-01-2023,store_2,item_9,18,38.9,0,0,1
10-01-2023,store_2,item_9,22,38.9,0,1,1
11-01-2023,store_2,item_9,19,38.9,0,2,1
12-01-2023,store_2,item_9,26,31.12,1,3,1
13-01-2023,store_2,item_9,17,38.9,0,4,1
14-01-2023,store_2,item_9,17,38.9,0,5,1
15-01-2023,store_2,item_9,21,31.12,1,6,1
16-01-2023,store_2,item_9,20,38.9,0,0,1
17-01-2023,store_2,item_9,22,38.9,0,1,1
18-01-2023,store_2,item_9,28,31.12,1,2,1
19-01-2023,store_2,item_9,17,38.9,0,3,1
20-01-2023,store_2,item_9,16,38.9,0,4,1
21-01-2023,store_2,item_9,14,38.9,0,5,1
22-01-2023,store_2,item_9,18,38.9,0,6,1
23-01-2023,store_2,item_9,17,38.9,0,0,1
24-01-2023,store_2,item_9,26,38.9,0,1,1
25-01-2023,store_2,item_9,19,38.9,0,2,1
26-01-2023,store_2,item_9,20,38.9,0,3,1
27-01-2023,store_2,item_9,17,38.9,0,4,1
28-01-2023,store_2,item_9,22,38.9,0,5,1
29-01-2023,store_2,item_9,13,38.9,0,6,1
30-01-2023,store_2,item_9,29,31.12,1,0,1
31-01-2023,store_2,item_9,22,38.9,0,1,1
