backend/uploads/2019-01_actual.csv
Date,Store,Product,Demand,price,promo,weekday,month
01-01-2019,store_2,item_10,25,21.37,0,1,1
02-01-2019,store_2,item_10,26,21.37,0,2,1
03-01-2019,store_2,item_10,26,21.37,0,3,1
04-01-2019,store_2,item_10,23,21.37,0,4,1
05-01-2019,store_2,item_10,32,17.1,1,5,1
06-01-2019,store_2,item_10,22,21.37,0,6,1
07-01-2019,store_2,item_10,19,21.37,0,0,1
08-01-2019,store_2,item_10,23,21.37,0,1,1
09-01-2019,store_2,item_10,23,21.37,0,2,1
10-01-2019,store_2,item_10,40,17.1,1,3,1
11-01-2019,store_2,item_10,26,21.37,0,4,1
12-01-2019,store_2,item_10,26,21.37,0,5,1
13-01-2019,store_2,item_10,15,21.37,0,6,1
14-01-2019,store_2,item_10,39,17.1,1,0,1
15-01-2019,store_2,item_10,31,21.37,0,1,1
16-01-2019,store_2,item_10,25,21.37,0,2,1
17-01-2019,store_2,item_10,30,21.37,0,3,1
18-01-2019,store_2,item_10,28,21.37,0,4,1
19-01-2019,store_2,item_10,24,21.37,0,5,1
20-01-2019,store_2,item_10,22,21.37,0,6,1
21-01-2019,store_2,item_10,28,21.37,0,0,1
22-01-2019,store_2,item_10,37,17.1,1,1,1
23-01-2019,store_2,item_10,30,21.37,0,2,1
24-01-2019,store_2,item_10,30,21.37,0,3,1
25-01-2019,store_2,item_10,27,21.37,0,4,1
26-01-2019,store_2,item_10,22,21.37,0,5,1
27-01-2019,store_2,item_10,15,21.37,0,6,1
28-01-2019,store_2,item_10,30,21.37,0,0,1
29-01-2019,store_2,item_10,27,21.37,0,1,1
30-01-2019,store_2,item_10,32,21.37,0,2,1
31-01-2019,store_2,item_10,29,21.37,0,3,1
01-01-2020,store_2,item_10,32,21.37,0,2,1
02-01-2020,store_2,item_10,42,17.1,1,3,1
03-01-2020,store_2,item_10,27,21.37,0,4,1
04-01-2020,store_2,item_10,19,21.37,0,5,1
05-01-2020,store_2,item_10,16,21.37,0,6,1
06-01-2020,store_2,item_10,30,21.37,0,0,1
07-01-2020,store_2,item_10,29,21.37,0,1,1
08-01-2020,store_2,item_10,27,21.37,0,2,1
09-01-2020,store_2,item_10,26,21.37,0,3,1
10-01-2020,store_2,item_10,23,21.37,0,4,1
11-01-2020,store_2,item_10,21,21.37,0,5,1
12-01-2020,store_2,item_10,21,21.37,0,6,1
13-01-2020,store_2,item_10,20,21.37,0,0,1
14-01-2020,store_2,item_10,30,21.37,0,1,1
15-01-2020,store_2,item_10,32,21.37,0,2,1
16-01-2020,store_2,item_10,29,21.37,0,3,1
17-01-2020,store_2,item_10,23,21.37,0,4,1
18-01-2020,store_2,item_10,20,21.37,0,5,1
19-01-2020,store_2,item_10,20,21.37,0,6,1
20-01-2020,store_2,item_10,25,21.37,0,0,1
21-01-2020,store_2,item_10,35,21.37,0,1,1
22-01-2020,store_2,item_10,33,21.37,0,2,1
23-01-2020,store_2,item_10,37,21.37,0,3,1
24-01-2020,store_2,item_10,24,21.37,0,4,1
25-01-2020,store_2,item_10,25,21.37,0,5,1
26-01-2020,store_2,item_10,23,21.37,0,6,1
27-01-2020,store_2,item_10,35,21.37,0,0,1
28-01-2020,store_2,item_10,32,21.37,0,1,1
29-01-2020,store_2,item_10,32,21.37,0,2,1
30-01-2020,store_2,item_10,30,21.37,0,3,1
31-01-2020,store_2,item_10,22,21.37,0,4,1
01-01-2021,store_2,item_10,27,21.37,0,4,1
02-01-2021,store_2,item_10,18,21.37,0,5,1
03-01-2021,store_2,item_10,21,21.37,0,6,1
04-01-2021,store_2,item_10,23,21.37,0,0,1
05-01-2021,store_2,item_10,46,17.1,1,1,1
06-01-2021,store_2,item_10,29,21.37,0,2,1
07-01-2021,store_2,item_10,29,21.37,0,3,1
08-01-2021,store_2,item_10,23,21.37,0,4,1
09-01-2021,store_2,item_10,20,21.37,0,5,1
10-01-2021,store_2,item_10,26,21.37,0,6,1
11-01-2021,store_2,item_10,41,17.1,1,0,1
12-01-2021,store_2,item_10,31,21.37,0,1,1
13-01-2021,store_2,item_10,36,21.37,0,2,1
14-01-2021,store_2,item_10,31,21.37,0,3,1
15-01-2021,store_2,item_10,25,21.37,0,4,1
16-01-2021,store_2,item_10,30,17.1,1,5,1
17-01-2021,store_2,item_10,35,17.1,1,6,1
18-01-2021,store_2,item_10,43,17.1,1,0,1
19-01-2021,store_2,item_10,34,21.37,0,1,1
20-01-2021,store_2,item_10,35,21.37,0,2,1
21-01-2021,store_2,item_10,25,21.37,0,3,1
22-01-2021,store_2,item_10,28,21.37,0,4,1
23-01-2021,store_2,item_10,25,21.37,0,5,1
24-01-2021,store_2,item_10,21,21.37,0,6,1
25-01-2021,store_2,item_10,31,21.37,0,0,1
26-01-2021,store_2,item_10,37,21.37,0,1,1
27-01-2021,store_2,item_10,31,21.37,0,2,1
28-01-2021,store_2,item_10,31,21.37,0,3,1
29-01-2021,store_2,item_10,27,21.37,0,4,1
30-01-2021,store_2,item_10,29,21.37,0,5,1
31-01-2021,store_2,item_10,43,17.1,1,6,1
01-01-2022,store_2,item_10,21,21.37,0,5,1
02-01-2022,store_2,item_10,31,21.37,0,6,1
03-01-2022,store_2,item_10,31,21.37,0,0,1
04-01-2022,store_2,item_10,32,21.37,0,1,1
05-01-2022,store_2,item_10,35,21.37,0,2,1
06-01-2022,store_2,item_10,35,21.37,0,3,1
07-01-2022,store_2,item_10,21,21.37,0,4,1
08-01-2022,store_2,item_10,16,21.37,0,5,1
09-01-2022,store_2,item_10,20,21.37,0,6,1
10-01-2022,store_2,item_10,41,17.1,1,0,1
11-01-2022,store_2,item_10,32,21.37,0,1,1
12-01-2022,store_2,item_10,38,21.37,0,2,1
13-01-2022,store_2,item_10,48,17.1,1,3,1
14-01-2022,store_2,item_10,31,21.37,0,4,1
15-01-2022,store_2,item_10,28,21.37,0,5,1
16-01-2022,store_2,item_10,24,21.37,0,6,1
17-01-2022,store_2,item_10,30,21.37,0,0,1
18-01-2022,store_2,item_10,39,21.37,0,1,1
19-01-2022,store_2,item_10,36,21.37,0,2,1
20-01-2022,store_2,item_10,32,21.37,0,3,1
21-01-2022,store_2,item_10,25,21.37,0,4,1
22-01-2022,store_2,item_10,23,21.37,0,5,1
23-01-2022,store_2,item_10,26,21.37,0,6,1
24-01-2022,store_2,item_10,27,21.37,0,0,1
25-01-2022,store_2,item_10,33,21.37,0,1,1
26-01-2022,store_2,item_10,34,21.37,0,2,1
27-01-2022,store_2,item_10,35,21.37,0,3,1
28-01-2022,store_2,item_10,36,21.37,0,4,1
29-01-2022,store_2,item_10,31,21.37,0,5,1
30-01-2022,store_2,item_10,27,21.37,0,6,1
31-01-2022,store_2,item_10,30,21.37,0,0,1
01-01-2023,store_2,item_10,24,21.37,0,6,1
02-01-2023,store_2,item_10,24,21.37,0,0,1
03-01-2023,store_2,item_10,32,21.37,0,1,1
04-01-2023,store_2,item_10,42,21.37,0,2,1
05-01-2023,store_2,item_10,29,21.37,0,3,1
06-01-2023,store_2,item_10,26,21.37,0,4,1
07-01-2023,store_2,item_10,23,21.37,0,5,1
08-01-2023,store_2,item_10,29,21.37,0,6,1
09-01-2023,store_2,item_10,31,21.37,0,0,1
10-01-2023,store_2,item_10,34,21.37,0,1,1
11-01-2023,store_2,item_10,37,21.37,0,2,1
12-01-2023,store_2,item_10,33,21.37,0,3,1
13-01-2023,store_2,item_10,50,17.1,1,4,1
14-01-2023,store_2,item_10,23,21.37,0,5,1
15-01-2023,store_2,item_10,23,21.37,0,6,1
16-01-2023,store_2,item_10,28,21.37,0,0,1
17-01-2023,store_2,item_10,33,21.37,0,1,1
18-01-2023,store_2,item_10,38,21.37,0,2,1
19-01-2023,store_2,item_10,35,21.37,0,3,1
20-01-2023,store_2,item_10,34,21.37,0,4,1
21-01-2023,store_2,item_10,21,21.37,0,5,1
22-01-2023,store_2,item_10,25,21.37,0,6,1
23-01-2023,store_2,item_10,31,21.37,0,0,1
24-01-2023,store_2,item_10,57,17.1,1,1,1
25-01-2023,store_2,item_10,37,21.37,0,2,1
26-01-2023,store_2,item_10,29,21.37,0,3,1
27-01-2023,store_2,item_10,33,21.37,0,4,1
28-01-2023,store_2,item_10,39,17.1,1,5,1
29-01-2023,store_2,item_10,24,21.37,0,6,1
30-01-2023,store_2,item_10,31,21.37,0,0,1
31-01-2023,store_2,item_10,43,21.37,0,1,1
01-01-2019,store_2,item_11,28,68.77,0,1,1
02-01-2019,store_2,item_11,34,68.77,0,2,1
03-01-2019,store_2,item_11,32,68.77,0,3,1
04-01-2019,store_2,item_11,26,68.77,0,4,1
05-01-2019,store_2,item_11,23,68.77,0,5,1
06-01-2019,store_2,item_11,28,68.77,0,6,1
07-01-2019,store_2,item_11,29,68.77,0,0,1
08-01-2019,store_2,item_11,31,68.77,0,1,1
09-01-2019,store_2,item_11,28,68.77,0,2,1
10-01-2019,store_2,item_11,29,68.77,0,3,1
11-01-2019,store_2,item_11,33,55.02,1,4,1
12-01-2019,store_2,item_11,24,68.77,0,5,1
13-01-2019,store_2,item_11,25,68.77,0,6,1
14-01-2019,store_2,item_11,31,68.77,0,0,1
15-01-2019,store_2,item_11,28,68.77,0,1,1
16-01-2019,store_2,item_11,26,68.77,0,2,1
17-01-2019,store_2,item_11,27,68.77,0,3,1
18-01-2019,store_2,item_11,28,68.77,0,4,1
19-01-2019,store_2,item_11,24,68.77,0,5,1
20-01-2019,store_2,item_11,25,68.77,0,6,1
21-01-2019,store_2,item_11,24,68.77,0,0,1
22-01-2019,store_2,item_11,32,68.77,0,1,1
23-01-2019,store_2,item_11,35,68.77,0,2,1
24-01-2019,store_2,item_11,32,68.77,0,3,1
25-01-2019,store_2,item_11,28,68.77,0,4,1
26-01-2019,store_2,item_11,23,68.77,0,5,1
27-01-2019,store_2,item_11,23,68.77,0,6,1
28-01-2019,store_2,item_11,30,68.77,0,0,1
29-01-2019,store_2,item_11,29,68.77,0,1,1
30-01-2019,store_2,item_11,34,68.77,0,2,1
31-01-2019,store_2,item_11,33,68.77,0,3,1
01-01-2020,store_2,item_11,33,68.77,0,2,1
02-01-2020,store_2,item_11,34,68.77,0,3,1
03-01-2020,store_2,item_11,26,68.77,0,4,1
04-01-2020,store_2,item_11,21,68.77,0,5,1
05-01-2020,store_2,item_11,21,68.77,0,6,1
06-01-2020,store_2,item_11,30,68.77,0,0,1
07-01-2020,store_2,item_11,36,68.77,0,1,1
08-01-2020,store_2,item_11,31,68.77,0,2,1
09-01-2020,store_2,item_11,30,68.77,0,3,1
10-01-2020,store_2,item_11,26,68.77,0,4,1
11-01-2020,store_2,item_11,29,55.02,1,5,1
12-01-2020,store_2,item_11,42,55.02,1,6,1
13-01-2020,store_2,item_11,29,68.77,0,0,1
14-01-2020,store_2,item_11,38,68.77,0,1,1
15-01-2020,store_2,item_11,36,68.77,0,2,1
16-01-2020,store_2,item_11,26,68.77,0,3,1
17-01-2020,store_2,item_11,25,68.77,0,4,1
18-01-2020,store_2,item_11,23,68.77,0,5,1
19-01-2020,store_2,item_11,23,68.77,0,6,1
20-01-2020,store_2,item_11,45,55.02,1,0,1
21-01-2020,store_2,item_11,34,68.77,0,1,1
22-01-2020,store_2,item_11,54,55.02,1,2,1
23-01-2020,store_2,item_11,30,68.77,0,3,1
24-01-2020,store_2,item_11,28,68.77,0,4,1
25-01-2020,store_2,item_11,28,68.77,0,5,1
26-01-2020,store_2,item_11,22,68.77,0,6,1
27-01-2020,store_2,item_11,32,68.77,0,0,1
28-01-2020,store_2,item_11,34,68.77,0,1,1
29-01-2020,store_2,item_11,37,68.77,0,2,1
30-01-2020,store_2,item_11,54,55.02,1,3,1
31-01-2020,store_2,item_11,29,68.77,0,4,1
01-01-2021,store_2,item_11,24,68.77,0,4,1
02-01-2021,store_2,item_11,23,68.77,0,5,1
03-01-2021,store_2,item_11,29,68.77,0,6,1
04-01-2021,store_2,item_11,29,68.77,0,0,1
05-01-2021,store_2,item_11,32,68.77,0,1,1
06-01-2021,store_2,item_11,48,55.02,1,2,1
07-01-2021,store_2,item_11,50,55.02,1,3,1
08-01-2021,store_2,item_11,29,68.77,0,4,1
09-01-2021,store_2,item_11,36,55.02,1,5,1
10-01-2021,store_2,item_11,26,68.77,0,6,1
11-01-2021,store_2,item_11,25,68.77,0,0,1
12-01-2021,store_2,item_11,54,55.02,1,1,1
13-01-2021,store_2,item_11,41,68.77,0,2,1
14-01-2021,store_2,item_11,28,68.77,0,3,1
15-01-2021,store_2,item_11,31,68.77,0,4,1
16-01-2021,store_2,item_11,24,68.77,0,5,1
17-01-2021,store_2,item_11,32,68.77,0,6,1
18-01-2021,store_2,item_11,29,68.77,0,0,1
19-01-2021,store_2,item_11,38,68.77,0,1,1
20-01-2021,store_2,item_11,40,68.77,0,2,1
21-01-2021,store_2,item_11,36,68.77,0,3,1
22-01-2021,store_2,item_11,30,68.77,0,4,1
23-01-2021,store_2,item_11,21,68.77,0,5,1
24-01-2021,store_2,item_11,24,68.77,0,6,1
25-01-2021,store_2,item_11,34,68.77,0,0,1
26-01-2021,store_2,item_11,39,68.77,0,1,1
27-01-2021,store_2,item_11,39,68.77,0,2,1
28-01-2021,store_2,item_11,37,68.77,0,3,1
29-01-2021,store_2,item_11,39,68.77,0,4,1
30-01-2021,store_2,item_11,26,68.77,0,5,1
31-01-2021,store_2,item_11,30,68.77,0,6,1
01-01-2022,store_2,item_11,27,68.77,0,5,1
02-01-2022,store_2,item_11,19,68.77,0,6,1
03-01-2022,store_2,item_11,29,68.77,0,0,1
04-01-2022,store_2,item_11,31,68.77,0,1,1
05-01-2022,store_2,item_11,38,68.77,0,2,1
06-01-2022,store_2,item_11,37,68.77,0,3,1
07-01-2022,store_2,item_11,27,68.77,0,4,1
08-01-2022,store_2,item_11,28,68.77,0,5,1
09-01-2022,store_2,item_11,28,68.77,0,6,1
10-01-2022,store_2,item_11,31,68.77,0,0,1
11-01-2022,store_2,item_11,33,68.77,0,1,1
12-01-2022,store_2,item_11,40,68.77,0,2,1
13-01-2022,store_2,item_11,35,68.77,0,3,1
14-01-2022,store_2,item_11,43,55.02,1,4,1
15-01-2022,store_2,item_11,31,68.77,0,5,1
16-01-2022,store_2,item_11,29,68.77,0,6,1
17-01-2022,store_2,item_11,37,68.77,0,0,1
18-01-2022,store_2,item_11,42,68.77,0,1,1
19-01-2022,store_2,item_11,43,68.77,0,2,1
20-01-2022,store_2,item_11,35,68.77,0,3,1
21-01-2022,store_2,item_11,46,55.02,1,4,1
22-01-2022,store_2,item_11,25,68.77,0,5,1
23-01-2022,store_2,item_11,31,68.77,0,6,1
24-01-2022,store_2,item_11,35,68.77,0,0,1
25-01-2022,store_2,item_11,35,68.77,0,1,1
26-01-2022,store_2,item_11,38,68.77,0,2,1
27-01-2022,store_2,item_11,41,68.77,0,3,1
28-01-2022,store_2,item_11,31,68.77,0,4,1
29-01-2022,store_2,item_11,28,68.77,0,5,1
30-01-2022,store_2,item_11,35,68.77,0,6,1
31-01-2022,store_2,item_11,34,68.77,0,0,1
01-01-2023,store_2,item_11,25,68.77,0,6,1
02-01-2023,store_2,item_11,50,55.02,1,0,1
03-01-2023,store_2,item_11,36,68.77,0,1,1
04-01-2023,store_2,item_11,43,68.77,0,2,1
05-01-2023,store_2,item_11,37,68.77,0,3,1
06-01-2023,store_2,item_11,33,68.77,0,4,1
07-01-2023,store_2,item_11,27,68.77,0,5,1
08-01-2023,store_2,item_11,39,55.02,1,6,1
09-01-2023,store_2,item_11,33,68.77,0,0,1
10-01-2023,store_2,item_11,36,68.77,0,1,1
11-01-2023,store_2,item_11,45,68.77,0,2,1
12-01-2023,store_2,item_11,38,68.77,0,3,1
13-01-2023,store_2,item_11,45,55.02,1,4,1
14-01-2023,store_2,item_11,27,68.77,0,5,1
15-01-2023,store_2,item_11,39,55.02,1,6,1
16-01-2023,store_2,item_11,38,68.77,0,0,1
17-01-2023,store_2,item_11,45,68.77,0,1,1
18-01-2023,store_2,item_11,42,68.77,0,2,1
19-01-2023,store_2,item_11,41,68.77,0,3,1
20-01-2023,store_2,item_11,47,55.02,1,4,1
21-01-2023,store_2,item_11,30,68.77,0,5,1
22-01-2023,store_2,item_11,25,68.77,0,6,1
23-01-2023,store_2,item_11,38,68.77,0,0,1
24-01-2023,store_2,item_11,45,68.77,0,1,1
25-01-2023,store_2,item_11,43,68.77,0,2,1
26-01-2023,store_2,item_11,39,68.77,0,3,1
27-01-2023,store_2,item_11,29,68.77,0,4,1
28-01-2023,store_2,item_11,31,68.77,0,5,1
29-01-2023,store_2,item_11,34,68.77,0,6,1
30-01-2023,store_2,item_11,32,68.77,0,0,1
31-01-2023,store_2,item_11,41,68.77,0,1,1
