backend/uploads/2019-01_actual.csv
Date,Store,Product,Demand,price,promo,weekday,month
01-01-2019,store_2,item_12,38,34.69,1,1,1
02-01-2019,store_2,item_12,25,43.36,0,2,1
03-01-2019,store_2,item_12,39,34.69,1,3,1
04-01-2019,store_2,item_12,17,43.36,0,4,1
05-01-2019,store_2,item_12,20,43.36,0,5,1
06-01-2019,store_2,item_12,20,43.36,0,6,1
07-01-2019,store_2,item_12,20,43.36,0,0,1
08-01-2019,store_2,item_12,22,43.36,0,1,1
09-01-2019,store_2,item_12,23,43.36,0,2,1
10-01-2019,store_2,item_12,22,43.36,0,3,1
11-01-2019,store_2,item_12,20,43.36,0,4,1
12-01-2019,store_2,item_12,25,43.36,0,5,1
13-01-2019,store_2,item_12,15,43.36,0,6,1
14-01-2019,store_2,item_12,19,43.36,0,0,1
15-01-2019,store_2,item_12,21,43.36,0,1,1
16-01-2019,store_2,item_12,28,43.36,0,2,1
17-01-2019,store_2,item_12,24,43.36,0,3,1
18-01-2019,store_2,item_12,18,43.36,0,4,1
19-01-2019,store_2,item_12,21,43.36,0,5,1
20-01-2019,store_2,item_12,15,43.36,0,6,1
21-01-2019,store_2,item_12,23,43.36,0,0,1
22-01-2019,store_2,item_12,32,43.36,0,1,1
23-01-2019,store_2,item_12,46,34.69,1,2,1
24-01-2019,store_2,item_12,28,43.36,0,3,1
25-01-2019,store_2,item_12,24,43.36,0,4,1
26-01-2019,store_2,item_12,22,43.36,0,5,1
27-01-2019,store_2,item_12,20,43.36,0,6,1
28-01-2019,store_2,item_12,27,43.36,0,0,1
29-01-2019,store_2,item_12,24,43.36,0,1,1
30-01-2019,store_2,item_12,27,43.36,0,2,1
31-01-2019,store_2,item_12,22,43.36,0,3,1
01-01-2020,store_2,item_12,34,43.36,0,2,1
02-01-2020,store_2,item_12,22,43.36,0,3,1
03-01-2020,store_2,item_12,15,43.36,0,4,1
04-01-2020,store_2,item_12,27,34.69,1,5,1
05-01-2020,store_2,item_12,20,43.36,0,6,1
06-01-2020,store_2,item_12,26,43.36,0,0,1
07-01-2020,store_2,item_12,25,43.36,0,1,1
08-01-2020,store_2,item_12,31,43.36,0,2,1
09-01-2020,store_2,item_12,24,43.36,0,3,1
10-01-2020,store_2,item_12,22,43.36,0,4,1
11-01-2020,store_2,item_12,18,43.36,0,5,1
12-01-2020,store_2,item_12,21,43.36,0,6,1
13-01-2020,store_2,item_12,21,43.36,0,0,1
14-01-2020,store_2,item_12,27,43.36,0,1,1
15-01-2020,store_2,item_12,28,43.36,0,2,1
16-01-2020,store_2,item_12,27,43.36,0,3,1
17-01-2020,store_2,item_12,19,43.36,0,4,1
18-01-2020,store_2,item_12,20,43.36,0,5,1
19-01-2020,store_2,item_12,24,43.36,0,6,1
20-01-2020,store_2,item_12,23,43.36,0,0,1
21-01-2020,store_2,item_12,23,43.36,0,1,1
22-01-2020,store_2,item_12,48,34.69,1,2,1
23-01-2020,store_2,item_12,32,43.36,0,3,1
24-01-2020,store_2,item_12,24,43.36,0,4,1
25-01-2020,store_2,item_12,20,43.36,0,5,1
26-01-2020,store_2,item_12,23,43.36,0,6,1
27-01-2020,store_2,item_12,29,43.36,0,0,1
28-01-2020,store_2,item_12,32,43.36,0,1,1
29-01-2020,store_2,item_12,23,43.36,0,2,1
30-01-2020,store_2,item_12,30,43.36,0,3,1
31-01-2020,store_2,item_12,20,43.36,0,4,1
01-01-2021,store_2,item_12,24,43.36,0,4,1
02-01-2021,store_2,item_12,14,43.36,0,5,1
03-01-2021,store_2,item_12,20,43.36,0,6,1
04-01-2021,store_2,item_12,23,43.36,0,0,1
05-01-2021,store_2,item_12,33,43.36,0,1,1
06-01-2021,store_2,item_12,23,43.36,0,2,1
07-01-2021,store_2,item_12,27,43.36,0,3,1
08-01-2021,store_2,item_12,23,43.36,0,4,1
09-01-2021,store_2,item_12,23,43.36,0,5,1
10-01-2021,store_2,item_12,20,43.36,0,6,1
11-01-2021,store_2,item_12,29,43.36,0,0,1
12-01-2021,store_2,item_12,33,43.36,0,1,1
13-01-2021,store_2,item_12,36,43.36,0,2,1
14-01-2021,store_2,item_12,30,43.36,0,3,1
15-01-2021,store_2,item_12,21,43.36,0,4,1
16-01-2021,store_2,item_12,24,43.36,0,5,1
17-01-2021,store_2,item_12,25,43.36,0,6,1
18-01-2021,store_2,item_12,27,43.36,0,0,1
19-01-2021,store_2,item_12,28,43.36,0,1,1
20-01-2021,store_2,item_12,33,43.36,0,2,1
21-01-2021,store_2,item_12,28,43.36,0,3,1
22-01-2021,store_2,item_12,21,43.36,0,4,1
23-01-2021,store_2,item_12,18,43.36,0,5,1
24-01-2021,store_2,item_12,24,43.36,0,6,1
25-01-2021,store_2,item_12,45,34.69,1,0,1
26-01-2021,store_2,item_12,29,43.36,0,1,1
27-01-2021,store_2,item_12,34,43.36,0,2,1
28-01-2021,store_2,item_12,29,43.36,0,3,1
29-01-2021,store_2,item_12,29,43.36,0,4,1
30-01-2021,store_2,item_12,16,43.36,0,5,1
31-01-2021,store_2,item_12,22,43.36,0,6,1
01-01-2022,store_2,item_12,18,43.36,0,5,1
02-01-2022,store_2,item_12,23,43.36,0,6,1
03-01-2022,store_2,item_12,26,43.36,0,0,1
04-01-2022,store_2,item_12,34,43.36,0,1,1
05-01-2022,store_2,item_12,36,43.36,0,2,1
06-01-2022,store_2,item_12,23,43.36,0,3,1
07-01-2022,store_2,item_12,23,43.36,0,4,1
08-01-2022,store_2,item_12,24,43.36,0,5,1
09-01-2022,store_2,item_12,23,43.36,0,6,1
10-01-2022,store_2,item_12,25,43.36,0,0,1
11-01-2022,store_2,item_12,31,43.36,0,1,1
12-01-2022,store_2,item_12,31,43.36,0,2,1
13-01-2022,store_2,item_12,41,34.69,1,3,1
14-01-2022,store_2,item_12,22,43.36,0,4,1
15-01-2022,store_2,item_12,24,43.36,0,5,1
16-01-2022,store_2,item_12,27,43.36,0,6,1
17-01-2022,store_2,item_12,27,43.36,0,0,1
18-01-2022,store_2,item_12,25,43.36,0,1,1
19-01-2022,store_2,item_12,37,43.36,0,2,1
20-01-2022,store_2,item_12,34,43.36,0,3,1
21-01-2022,store_2,item_12,25,43.36,0,4,1
22-01-2022,store_2,item_12,25,43.36,0,5,1
23-01-2022,store_2,item_12,20,43.36,0,6,1
24-01-2022,store_2,item_12,38,34.69,1,0,1
25-01-2022,store_2,item_12,37,43.36,0,1,1
26-01-2022,store_2,item_12,34,43.36,0,2,1
27-01-2022,store_2,item_12,30,43.36,0,3,1
28-01-2022,store_2,item_12,27,43.36,0,4,1
29-01-2022,store_2,item_12,20,43.36,0,5,1
30-01-2022,store_2,item_12,24,43.36,0,6,1
31-01-2022,store_2,item_12,31,43.36,0,0,1
01-01-2023,store_2,item_12,24,43.36,0,6,1
02-01-2023,store_2,item_12,24,43.36,0,0,1
03-01-2023,store_2,item_12,32,43.36,0,1,1
04-01-2023,store_2,item_12,37,43.36,0,2,1
05-01-2023,store_2,item_12,27,43.36,0,3,1
06-01-2023,store_2,item_12,22,43.36,0,4,1
07-01-2023,store_2,item_12,21,43.36,0,5,1
08-01-2023,store_2,item_12,25,43.36,0,6,1
09-01-2023,store_2,item_12,40,34.69,1,0,1
10-01-2023,store_2,item_12,30,43.36,0,1,1
11-01-2023,store_2,item_12,35,43.36,0,2,1
12-01-2023,store_2,item_12,27,43.36,0,3,1
13-01-2023,store_2,item_12,26,43.36,0,4,1
14-01-2023,store_2,item_12,20,43.36,0,5,1
15-01-2023,store_2,item_12,26,43.36,0,6,1
16-01-2023,store_2,item_12,28,43.36,0,0,1
17-01-2023,store_2,item_12,34,43.36,0,1,1
18-01-2023,store_2,item_12,33,43.36,0,2,1
19-01-2023,store_2,item_12,29,43.36,0,3,1
20-01-2023,store_2,item_12,22,43.36,0,4,1
21-01-2023,store_2,item_12,22,43.36,0,5,1
22-01-2023,store_2,item_12,28,43.36,0,6,1
23-01-2023,store_2,item_12,35,43.36,0,0,1
24-01-2023,store_2,item_12,48,34.69,1,1,1
25-01-2023,store_2,item_12,37,43.36,0,2,1
26-01-2023,store_2,item_12,34,43.36,0,3,1
27-01-2023,store_2,item_12,36,43.36,0,4,1
28-01-2023,store_2,item_12,25,43.36,0,5,1
29-01-2023,store_2,item_12,25,43.36,0,6,1
30-01-2023,store_2,item_12,28,43.36,0,0,1
31-01-2023,store_2,item_12,33,43.36,0,1,1
01-01-2019,store_2,item_13,48,86.9,0,1,1
02-01-2019,store_2,item_13,48,86.9,0,2,1
03-01-2019,store_2,item_13,39,86.9,0,3,1
04-01-2019,store_2,item_13,39,86.9,0,4,1
05-01-2019,store_2,item_13,47,69.52,1,5,1
06-01-2019,store_2,item_13,36,86.9,0,6,1
07-01-2019,store_2,item_13,45,86.9,0,0,1
08-01-2019,store_2,item_13,52,86.9,0,1,1
09-01-2019,store_2,item_13,46,86.9,0,2,1
10-01-2019,store_2,item_13,46,86.9,0,3,1
11-01-2019,store_2,item_13,42,86.9,0,4,1
12-01-2019,store_2,item_13,33,86.9,0,5,1
13-01-2019,store_2,item_13,38,86.9,0,6,1
14-01-2019,store_2,item_13,41,86.9,0,0,1
15-01-2019,store_2,item_13,52,86.9,0,1,1
16-01-2019,store_2,item_13,52,86.9,0,2,1
17-01-2019,store_2,item_13,54,86.9,0,3,1
18-01-2019,store_2,item_13,60,69.52,1,4,1
19-01-2019,store_2,item_13,52,69.52,1,5,1
